<?xml version="1.0"?>
<link_info>
   <banner>TI ARM Linker Unix v15.12.3.LTS</banner>
   <copyright>Copyright (c) 1996-2015 Texas Instruments Incorporated</copyright>
   <link_time>0x5812b349</link_time>
   <link_errors>0x0</link_errors>
   <output_file>Lab-4.out</output_file>
   <entry_point>
      <name>_c_int00</name>
      <address>0x30ad</address>
   </entry_point>
   <input_file_list>
      <input_file id="fl-2">
         <path>./</path>
         <kind>object</kind>
         <file>main.obj</file>
         <name>main.obj</name>
      </input_file>
      <input_file id="fl-3">
         <path>./</path>
         <kind>object</kind>
         <file>startup_msp432p401r_ccs.obj</file>
         <name>startup_msp432p401r_ccs.obj</name>
      </input_file>
      <input_file id="fl-4">
         <path>./</path>
         <kind>object</kind>
         <file>system_msp432p401r.obj</file>
         <name>system_msp432p401r.obj</name>
      </input_file>
      <input_file id="fl-5">
         <path>./Libs/</path>
         <kind>object</kind>
         <file>buffer_fifo.obj</file>
         <name>buffer_fifo.obj</name>
      </input_file>
      <input_file id="fl-6">
         <path>./Libs/</path>
         <kind>object</kind>
         <file>helpers.obj</file>
         <name>helpers.obj</name>
      </input_file>
      <input_file id="fl-7">
         <path>./Libs/</path>
         <kind>object</kind>
         <file>uart.obj</file>
         <name>uart.obj</name>
      </input_file>
      <input_file id="fl-c1">
         <path>/home/albert/ti/ccsv6/tools/compiler/arm_15.12.3.LTS/lib/</path>
         <kind>archive</kind>
         <file>rtsv7M4_T_le_v4SPD16_eabi.lib</file>
         <name>boot.obj</name>
      </input_file>
      <input_file id="fl-c2">
         <path>/home/albert/ti/ccsv6/tools/compiler/arm_15.12.3.LTS/lib/</path>
         <kind>archive</kind>
         <file>rtsv7M4_T_le_v4SPD16_eabi.lib</file>
         <name>copy_decompress_none.obj</name>
      </input_file>
      <input_file id="fl-c3">
         <path>/home/albert/ti/ccsv6/tools/compiler/arm_15.12.3.LTS/lib/</path>
         <kind>archive</kind>
         <file>rtsv7M4_T_le_v4SPD16_eabi.lib</file>
         <name>copy_decompress_rle.obj</name>
      </input_file>
      <input_file id="fl-c4">
         <path>/home/albert/ti/ccsv6/tools/compiler/arm_15.12.3.LTS/lib/</path>
         <kind>archive</kind>
         <file>rtsv7M4_T_le_v4SPD16_eabi.lib</file>
         <name>copy_zero_init.obj</name>
      </input_file>
      <input_file id="fl-c5">
         <path>/home/albert/ti/ccsv6/tools/compiler/arm_15.12.3.LTS/lib/</path>
         <kind>archive</kind>
         <file>rtsv7M4_T_le_v4SPD16_eabi.lib</file>
         <name>exit.obj</name>
      </input_file>
      <input_file id="fl-c6">
         <path>/home/albert/ti/ccsv6/tools/compiler/arm_15.12.3.LTS/lib/</path>
         <kind>archive</kind>
         <file>rtsv7M4_T_le_v4SPD16_eabi.lib</file>
         <name>fd_add_t2.obj</name>
      </input_file>
      <input_file id="fl-c7">
         <path>/home/albert/ti/ccsv6/tools/compiler/arm_15.12.3.LTS/lib/</path>
         <kind>archive</kind>
         <file>rtsv7M4_T_le_v4SPD16_eabi.lib</file>
         <name>fd_cmp_t2.obj</name>
      </input_file>
      <input_file id="fl-c8">
         <path>/home/albert/ti/ccsv6/tools/compiler/arm_15.12.3.LTS/lib/</path>
         <kind>archive</kind>
         <file>rtsv7M4_T_le_v4SPD16_eabi.lib</file>
         <name>fd_div_t2.obj</name>
      </input_file>
      <input_file id="fl-c9">
         <path>/home/albert/ti/ccsv6/tools/compiler/arm_15.12.3.LTS/lib/</path>
         <kind>archive</kind>
         <file>rtsv7M4_T_le_v4SPD16_eabi.lib</file>
         <name>fd_mul_t2.obj</name>
      </input_file>
      <input_file id="fl-ca">
         <path>/home/albert/ti/ccsv6/tools/compiler/arm_15.12.3.LTS/lib/</path>
         <kind>archive</kind>
         <file>rtsv7M4_T_le_v4SPD16_eabi.lib</file>
         <name>fd_tos_t2.obj</name>
      </input_file>
      <input_file id="fl-cb">
         <path>/home/albert/ti/ccsv6/tools/compiler/arm_15.12.3.LTS/lib/</path>
         <kind>archive</kind>
         <file>rtsv7M4_T_le_v4SPD16_eabi.lib</file>
         <name>fs_tod_t2.obj</name>
      </input_file>
      <input_file id="fl-cc">
         <path>/home/albert/ti/ccsv6/tools/compiler/arm_15.12.3.LTS/lib/</path>
         <kind>archive</kind>
         <file>rtsv7M4_T_le_v4SPD16_eabi.lib</file>
         <name>i_tofd_t2.obj</name>
      </input_file>
      <input_file id="fl-cd">
         <path>/home/albert/ti/ccsv6/tools/compiler/arm_15.12.3.LTS/lib/</path>
         <kind>archive</kind>
         <file>rtsv7M4_T_le_v4SPD16_eabi.lib</file>
         <name>memcpy_t2.obj</name>
      </input_file>
      <input_file id="fl-ce">
         <path>/home/albert/ti/ccsv6/tools/compiler/arm_15.12.3.LTS/lib/</path>
         <kind>archive</kind>
         <file>rtsv7M4_T_le_v4SPD16_eabi.lib</file>
         <name>memory.obj</name>
      </input_file>
      <input_file id="fl-cf">
         <path>/home/albert/ti/ccsv6/tools/compiler/arm_15.12.3.LTS/lib/</path>
         <kind>archive</kind>
         <file>rtsv7M4_T_le_v4SPD16_eabi.lib</file>
         <name>memset_t2.obj</name>
      </input_file>
      <input_file id="fl-d0">
         <path>/home/albert/ti/ccsv6/tools/compiler/arm_15.12.3.LTS/lib/</path>
         <kind>archive</kind>
         <file>rtsv7M4_T_le_v4SPD16_eabi.lib</file>
         <name>mpu_init.obj</name>
      </input_file>
      <input_file id="fl-d1">
         <path>/home/albert/ti/ccsv6/tools/compiler/arm_15.12.3.LTS/lib/</path>
         <kind>archive</kind>
         <file>rtsv7M4_T_le_v4SPD16_eabi.lib</file>
         <name>pre_init.obj</name>
      </input_file>
      <input_file id="fl-d2">
         <path>/home/albert/ti/ccsv6/tools/compiler/arm_15.12.3.LTS/lib/</path>
         <kind>archive</kind>
         <file>rtsv7M4_T_le_v4SPD16_eabi.lib</file>
         <name>sprintf.obj</name>
      </input_file>
      <input_file id="fl-d3">
         <path>/home/albert/ti/ccsv6/tools/compiler/arm_15.12.3.LTS/lib/</path>
         <kind>archive</kind>
         <file>rtsv7M4_T_le_v4SPD16_eabi.lib</file>
         <name>stkdepth_vars.obj</name>
      </input_file>
      <input_file id="fl-d4">
         <path>/home/albert/ti/ccsv6/tools/compiler/arm_15.12.3.LTS/lib/</path>
         <kind>archive</kind>
         <file>rtsv7M4_T_le_v4SPD16_eabi.lib</file>
         <name>u_divt2.obj</name>
      </input_file>
      <input_file id="fl-d5">
         <path>/home/albert/ti/ccsv6/tools/compiler/arm_15.12.3.LTS/lib/</path>
         <kind>archive</kind>
         <file>rtsv7M4_T_le_v4SPD16_eabi.lib</file>
         <name>ull_div_t2.obj</name>
      </input_file>
      <input_file id="fl-d6">
         <path>/home/albert/ti/ccsv6/tools/compiler/arm_15.12.3.LTS/lib/</path>
         <kind>archive</kind>
         <file>rtsv7M4_T_le_v4SPD16_eabi.lib</file>
         <name>_lock.obj</name>
      </input_file>
      <input_file id="fl-d7">
         <path>/home/albert/ti/ccsv6/tools/compiler/arm_15.12.3.LTS/lib/</path>
         <kind>archive</kind>
         <file>rtsv7M4_T_le_v4SPD16_eabi.lib</file>
         <name>_printfi.obj</name>
      </input_file>
      <input_file id="fl-d8">
         <path>/home/albert/ti/ccsv6/tools/compiler/arm_15.12.3.LTS/lib/</path>
         <kind>archive</kind>
         <file>rtsv7M4_T_le_v4SPD16_eabi.lib</file>
         <name>args_main.obj</name>
      </input_file>
      <input_file id="fl-d9">
         <path>/home/albert/ti/ccsv6/tools/compiler/arm_15.12.3.LTS/lib/</path>
         <kind>archive</kind>
         <file>rtsv7M4_T_le_v4SPD16_eabi.lib</file>
         <name>atoi.obj</name>
      </input_file>
      <input_file id="fl-da">
         <path>/home/albert/ti/ccsv6/tools/compiler/arm_15.12.3.LTS/lib/</path>
         <kind>archive</kind>
         <file>rtsv7M4_T_le_v4SPD16_eabi.lib</file>
         <name>autoinit.obj</name>
      </input_file>
      <input_file id="fl-db">
         <path>/home/albert/ti/ccsv6/tools/compiler/arm_15.12.3.LTS/lib/</path>
         <kind>archive</kind>
         <file>rtsv7M4_T_le_v4SPD16_eabi.lib</file>
         <name>cpy_tbl.obj</name>
      </input_file>
      <input_file id="fl-dc">
         <path>/home/albert/ti/ccsv6/tools/compiler/arm_15.12.3.LTS/lib/</path>
         <kind>archive</kind>
         <file>rtsv7M4_T_le_v4SPD16_eabi.lib</file>
         <name>ctype.obj</name>
      </input_file>
      <input_file id="fl-dd">
         <path>/home/albert/ti/ccsv6/tools/compiler/arm_15.12.3.LTS/lib/</path>
         <kind>archive</kind>
         <file>rtsv7M4_T_le_v4SPD16_eabi.lib</file>
         <name>fd_toi_t2.obj</name>
      </input_file>
      <input_file id="fl-de">
         <path>/home/albert/ti/ccsv6/tools/compiler/arm_15.12.3.LTS/lib/</path>
         <kind>archive</kind>
         <file>rtsv7M4_T_le_v4SPD16_eabi.lib</file>
         <name>i_div0.obj</name>
      </input_file>
      <input_file id="fl-df">
         <path>/home/albert/ti/ccsv6/tools/compiler/arm_15.12.3.LTS/lib/</path>
         <kind>archive</kind>
         <file>rtsv7M4_T_le_v4SPD16_eabi.lib</file>
         <name>ltoa.obj</name>
      </input_file>
      <input_file id="fl-e0">
         <path>/home/albert/ti/ccsv6/tools/compiler/arm_15.12.3.LTS/lib/</path>
         <kind>archive</kind>
         <file>rtsv7M4_T_le_v4SPD16_eabi.lib</file>
         <name>memccpy.obj</name>
      </input_file>
      <input_file id="fl-e1">
         <path>/home/albert/ti/ccsv6/tools/compiler/arm_15.12.3.LTS/lib/</path>
         <kind>archive</kind>
         <file>rtsv7M4_T_le_v4SPD16_eabi.lib</file>
         <name>s_frexp.obj</name>
      </input_file>
      <input_file id="fl-e2">
         <path>/home/albert/ti/ccsv6/tools/compiler/arm_15.12.3.LTS/lib/</path>
         <kind>archive</kind>
         <file>rtsv7M4_T_le_v4SPD16_eabi.lib</file>
         <name>s_scalbn.obj</name>
      </input_file>
      <input_file id="fl-e3">
         <path>/home/albert/ti/ccsv6/tools/compiler/arm_15.12.3.LTS/lib/</path>
         <kind>archive</kind>
         <file>rtsv7M4_T_le_v4SPD16_eabi.lib</file>
         <name>startup.obj</name>
      </input_file>
      <input_file id="fl-e4">
         <path>/home/albert/ti/ccsv6/tools/compiler/arm_15.12.3.LTS/lib/</path>
         <kind>archive</kind>
         <file>rtsv7M4_T_le_v4SPD16_eabi.lib</file>
         <name>strchr.obj</name>
      </input_file>
      <input_file id="fl-e5">
         <path>/home/albert/ti/ccsv6/tools/compiler/arm_15.12.3.LTS/lib/</path>
         <kind>archive</kind>
         <file>rtsv7M4_T_le_v4SPD16_eabi.lib</file>
         <name>strlen.obj</name>
      </input_file>
      <input_file id="fl-e6">
         <path>/home/albert/ti/ccsv6/tools/compiler/arm_15.12.3.LTS/lib/</path>
         <kind>archive</kind>
         <file>rtsv7M4_T_le_v4SPD16_eabi.lib</file>
         <name>errno.obj</name>
      </input_file>
      <input_file id="fl-e7">
         <path>/home/albert/ti/ccsv6/tools/compiler/arm_15.12.3.LTS/lib/</path>
         <kind>archive</kind>
         <file>rtsv7M4_T_le_v4SPD16_eabi.lib</file>
         <name>s_copysign.obj</name>
      </input_file>
   </input_file_list>
   <object_component_list>
      <object_component id="oc-2c">
         <name>.intvecs:retain</name>
         <load_address>0x0</load_address>
         <run_address>0x0</run_address>
         <size>0xe4</size>
         <input_file_ref idref="fl-3"/>
      </object_component>
      <object_component id="oc-18c">
         <name>.text</name>
         <load_address>0xe4</load_address>
         <run_address>0xe4</run_address>
         <size>0x1110</size>
         <input_file_ref idref="fl-d7"/>
      </object_component>
      <object_component id="oc-86">
         <name>.text</name>
         <load_address>0x11f4</load_address>
         <run_address>0x11f4</run_address>
         <size>0x5fc</size>
         <input_file_ref idref="fl-7"/>
      </object_component>
      <object_component id="oc-168">
         <name>.text</name>
         <load_address>0x17f0</load_address>
         <run_address>0x17f0</run_address>
         <size>0x3dc</size>
         <input_file_ref idref="fl-ce"/>
      </object_component>
      <object_component id="oc-80">
         <name>.text</name>
         <load_address>0x1bcc</load_address>
         <run_address>0x1bcc</run_address>
         <size>0x390</size>
         <input_file_ref idref="fl-2"/>
      </object_component>
      <object_component id="oc-c8">
         <name>.text</name>
         <load_address>0x1f5c</load_address>
         <run_address>0x1f5c</run_address>
         <size>0x32c</size>
         <input_file_ref idref="fl-4"/>
      </object_component>
      <object_component id="oc-17a">
         <name>.text</name>
         <load_address>0x2288</load_address>
         <run_address>0x2288</run_address>
         <size>0x1f4</size>
         <input_file_ref idref="fl-d5"/>
      </object_component>
      <object_component id="oc-181">
         <name>.text</name>
         <load_address>0x247c</load_address>
         <run_address>0x247c</run_address>
         <size>0x1b6</size>
         <input_file_ref idref="fl-c6"/>
      </object_component>
      <object_component id="oc-cf">
         <name>.text</name>
         <load_address>0x2632</load_address>
         <run_address>0x2632</run_address>
         <size>0x184</size>
         <input_file_ref idref="fl-5"/>
      </object_component>
      <object_component id="oc-d5">
         <name>.text</name>
         <load_address>0x27b6</load_address>
         <run_address>0x27b6</run_address>
         <size>0x140</size>
         <input_file_ref idref="fl-6"/>
      </object_component>
      <object_component id="oc-186">
         <name>.text</name>
         <load_address>0x28f6</load_address>
         <run_address>0x28f6</run_address>
         <size>0x136</size>
         <input_file_ref idref="fl-c8"/>
      </object_component>
      <object_component id="oc-115">
         <name>.text</name>
         <load_address>0x2a2c</load_address>
         <run_address>0x2a2c</run_address>
         <size>0xfc</size>
         <input_file_ref idref="fl-c9"/>
      </object_component>
      <object_component id="oc-1eb">
         <name>.text</name>
         <load_address>0x2b28</load_address>
         <run_address>0x2b28</run_address>
         <size>0xfc</size>
         <input_file_ref idref="fl-e2"/>
      </object_component>
      <object_component id="oc-33">
         <name>.text</name>
         <load_address>0x2c24</load_address>
         <run_address>0x2c24</run_address>
         <size>0x9c</size>
         <input_file_ref idref="fl-cd"/>
      </object_component>
      <object_component id="oc-1d5">
         <name>.text:__aeabi_cdcmple</name>
         <load_address>0x2cc0</load_address>
         <run_address>0x2cc0</run_address>
         <size>0x86</size>
         <input_file_ref idref="fl-c7"/>
      </object_component>
      <object_component id="oc-11f">
         <name>.text:__aeabi_cdrcmple</name>
         <load_address>0x2d46</load_address>
         <run_address>0x2d46</run_address>
         <size>0x86</size>
         <input_file_ref idref="fl-c7"/>
      </object_component>
      <object_component id="oc-4c">
         <name>.text</name>
         <load_address>0x2dcc</load_address>
         <run_address>0x2dcc</run_address>
         <size>0x7a</size>
         <input_file_ref idref="fl-cf"/>
      </object_component>
      <object_component id="oc-1bc">
         <name>.text</name>
         <load_address>0x2e46</load_address>
         <run_address>0x2e46</run_address>
         <size>0x2</size>
         <input_file_ref idref="fl-de"/>
      </object_component>
      <object_component id="oc-64">
         <name>.text</name>
         <load_address>0x2e48</load_address>
         <run_address>0x2e48</run_address>
         <size>0x70</size>
         <input_file_ref idref="fl-da"/>
      </object_component>
      <object_component id="oc-11a">
         <name>.text</name>
         <load_address>0x2eb8</load_address>
         <run_address>0x2eb8</run_address>
         <size>0x6e</size>
         <input_file_ref idref="fl-ca"/>
      </object_component>
      <object_component id="oc-3f">
         <name>.text</name>
         <load_address>0x2f26</load_address>
         <run_address>0x2f26</run_address>
         <size>0x6a</size>
         <input_file_ref idref="fl-c3"/>
      </object_component>
      <object_component id="oc-1e5">
         <name>.text</name>
         <load_address>0x2f90</load_address>
         <run_address>0x2f90</run_address>
         <size>0x64</size>
         <input_file_ref idref="fl-e1"/>
      </object_component>
      <object_component id="oc-e7">
         <name>.text</name>
         <load_address>0x2ff4</load_address>
         <run_address>0x2ff4</run_address>
         <size>0x60</size>
         <input_file_ref idref="fl-d2"/>
      </object_component>
      <object_component id="oc-1df">
         <name>.text</name>
         <load_address>0x3054</load_address>
         <run_address>0x3054</run_address>
         <size>0x56</size>
         <input_file_ref idref="fl-df"/>
      </object_component>
      <object_component id="oc-58">
         <name>.text</name>
         <load_address>0x30aa</load_address>
         <run_address>0x30aa</run_address>
         <size>0x2</size>
         <input_file_ref idref="fl-d0"/>
      </object_component>
      <object_component id="oc-26">
         <name>.text</name>
         <load_address>0x30ac</load_address>
         <run_address>0x30ac</run_address>
         <size>0x54</size>
         <input_file_ref idref="fl-c1"/>
      </object_component>
      <object_component id="oc-70">
         <name>.text</name>
         <load_address>0x3100</load_address>
         <run_address>0x3100</run_address>
         <size>0x54</size>
         <input_file_ref idref="fl-c5"/>
      </object_component>
      <object_component id="oc-db">
         <name>.text:vToC</name>
         <load_address>0x3154</load_address>
         <run_address>0x3154</run_address>
         <size>0x50</size>
         <input_file_ref idref="fl-2"/>
      </object_component>
      <object_component id="oc-1fd">
         <name>.text</name>
         <load_address>0x31a4</load_address>
         <run_address>0x31a4</run_address>
         <size>0x4c</size>
         <input_file_ref idref="fl-d9"/>
      </object_component>
      <object_component id="oc-ad">
         <name>.text</name>
         <load_address>0x31f0</load_address>
         <run_address>0x31f0</run_address>
         <size>0x4c</size>
         <input_file_ref idref="fl-db"/>
      </object_component>
      <object_component id="oc-1da">
         <name>.text</name>
         <load_address>0x323c</load_address>
         <run_address>0x323c</run_address>
         <size>0x48</size>
         <input_file_ref idref="fl-dd"/>
      </object_component>
      <object_component id="oc-16e">
         <name>.text</name>
         <load_address>0x3284</load_address>
         <run_address>0x3284</run_address>
         <size>0x40</size>
         <input_file_ref idref="fl-d4"/>
      </object_component>
      <object_component id="oc-124">
         <name>.text:sendByteUART</name>
         <load_address>0x32c4</load_address>
         <run_address>0x32c4</run_address>
         <size>0x3c</size>
         <input_file_ref idref="fl-7"/>
      </object_component>
      <object_component id="oc-ed">
         <name>.text:vToF</name>
         <load_address>0x3300</load_address>
         <run_address>0x3300</run_address>
         <size>0x3c</size>
         <input_file_ref idref="fl-2"/>
      </object_component>
      <object_component id="oc-e2">
         <name>.text</name>
         <load_address>0x333c</load_address>
         <run_address>0x333c</run_address>
         <size>0x38</size>
         <input_file_ref idref="fl-cb"/>
      </object_component>
      <object_component id="oc-110">
         <name>.text</name>
         <load_address>0x3374</load_address>
         <run_address>0x3374</run_address>
         <size>0x2e</size>
         <input_file_ref idref="fl-cc"/>
      </object_component>
      <object_component id="oc-b3">
         <name>.text</name>
         <load_address>0x33a2</load_address>
         <run_address>0x33a2</run_address>
         <size>0x2</size>
         <input_file_ref idref="fl-e3"/>
      </object_component>
      <object_component id="oc-f4">
         <name>.text:vToK</name>
         <load_address>0x33a4</load_address>
         <run_address>0x33a4</run_address>
         <size>0x2c</size>
         <input_file_ref idref="fl-2"/>
      </object_component>
      <object_component id="oc-1f7">
         <name>.text</name>
         <load_address>0x33d0</load_address>
         <run_address>0x33d0</run_address>
         <size>0x1c</size>
         <input_file_ref idref="fl-e0"/>
      </object_component>
      <object_component id="oc-6a">
         <name>.text</name>
         <load_address>0x33ec</load_address>
         <run_address>0x33ec</run_address>
         <size>0x18</size>
         <input_file_ref idref="fl-d8"/>
      </object_component>
      <object_component id="oc-1f1">
         <name>.text</name>
         <load_address>0x3404</load_address>
         <run_address>0x3404</run_address>
         <size>0x16</size>
         <input_file_ref idref="fl-e4"/>
      </object_component>
      <object_component id="oc-158">
         <name>.text</name>
         <load_address>0x341c</load_address>
         <run_address>0x341c</run_address>
         <size>0x14</size>
         <input_file_ref idref="fl-d6"/>
      </object_component>
      <object_component id="oc-226">
         <name>.text</name>
         <load_address>0x3430</load_address>
         <run_address>0x3430</run_address>
         <size>0x14</size>
         <input_file_ref idref="fl-e7"/>
      </object_component>
      <object_component id="oc-1cf">
         <name>.text</name>
         <load_address>0x3444</load_address>
         <run_address>0x3444</run_address>
         <size>0x14</size>
         <input_file_ref idref="fl-e5"/>
      </object_component>
      <object_component id="oc-14">
         <name>.text:decompress:none</name>
         <load_address>0x3458</load_address>
         <run_address>0x3458</run_address>
         <size>0xe</size>
         <input_file_ref idref="fl-c2"/>
      </object_component>
      <object_component id="oc-7a">
         <name>.text</name>
         <load_address>0x3466</load_address>
         <run_address>0x3466</run_address>
         <size>0xe</size>
         <input_file_ref idref="fl-3"/>
      </object_component>
      <object_component id="oc-1a">
         <name>.text:decompress:rle24</name>
         <load_address>0x3474</load_address>
         <run_address>0x3474</run_address>
         <size>0x6</size>
         <input_file_ref idref="fl-c3"/>
      </object_component>
      <object_component id="oc-5e">
         <name>.text</name>
         <load_address>0x347a</load_address>
         <run_address>0x347a</run_address>
         <size>0x4</size>
         <input_file_ref idref="fl-d1"/>
      </object_component>
      <object_component id="oc-235">
         <name>.const:.string:_ctypes_</name>
         <load_address>0x347e</load_address>
         <run_address>0x347e</run_address>
         <size>0x101</size>
         <input_file_ref idref="fl-dc"/>
      </object_component>
      <object_component id="oc-27e">
         <name>.cinit..data.load</name>
         <load_address>0x3580</load_address>
         <run_address>0x3580</run_address>
         <size>0x2d</size>
      </object_component>
      <object_component id="oc-27f">
         <name>.cinit..bss.load</name>
         <load_address>0x35b0</load_address>
         <run_address>0x35b0</run_address>
         <size>0x9</size>
      </object_component>
      <object_component id="oc-27c">
         <name>__TI_handler_table</name>
         <load_address>0x35bc</load_address>
         <run_address>0x35bc</run_address>
         <size>0x8</size>
      </object_component>
      <object_component id="oc-27d">
         <name>__TI_cinit_table</name>
         <load_address>0x35c4</load_address>
         <run_address>0x35c4</run_address>
         <size>0x10</size>
      </object_component>
      <object_component id="oc-259">
         <name>.binit</name>
         <load_address>0x0</load_address>
         <run_address>0x0</run_address>
         <size>0x0</size>
      </object_component>
      <object_component id="oc-fe">
         <name>.data</name>
         <load_address>0x20000418</load_address>
         <run_address>0x20000418</run_address>
         <size>0xc</size>
         <input_file_ref idref="fl-2"/>
      </object_component>
      <object_component id="oc-164">
         <name>.data</name>
         <load_address>0x20000434</load_address>
         <run_address>0x20000434</run_address>
         <size>0x4</size>
         <input_file_ref idref="fl-4"/>
      </object_component>
      <object_component id="oc-10d">
         <name>.data</name>
         <load_address>0x20000438</load_address>
         <run_address>0x20000438</run_address>
         <size>0x4</size>
         <input_file_ref idref="fl-7"/>
      </object_component>
      <object_component id="oc-bd">
         <name>.data:$O1$$</name>
         <load_address>0x20000400</load_address>
         <run_address>0x20000400</run_address>
         <size>0xc</size>
         <input_file_ref idref="fl-c5"/>
      </object_component>
      <object_component id="oc-1b8">
         <name>.data:$O1$$</name>
         <load_address>0x2000040c</load_address>
         <run_address>0x2000040c</run_address>
         <size>0xc</size>
         <input_file_ref idref="fl-ce"/>
      </object_component>
      <object_component id="oc-76">
         <name>.data</name>
         <load_address>0x20000430</load_address>
         <run_address>0x20000430</run_address>
         <size>0x4</size>
         <input_file_ref idref="fl-d3"/>
      </object_component>
      <object_component id="oc-c0">
         <name>.data:$O1$$</name>
         <load_address>0x20000424</load_address>
         <run_address>0x20000424</run_address>
         <size>0x8</size>
         <input_file_ref idref="fl-d6"/>
      </object_component>
      <object_component id="oc-22c">
         <name>.data</name>
         <load_address>0x2000042c</load_address>
         <run_address>0x2000042c</run_address>
         <size>0x4</size>
         <input_file_ref idref="fl-e6"/>
      </object_component>
      <object_component id="oc-fb">
         <name>.bss:buffer</name>
         <uninitialized>true</uninitialized>
         <run_address>0x2000043c</run_address>
         <size>0x14</size>
         <input_file_ref idref="fl-2"/>
      </object_component>
      <object_component id="oc-30">
         <name>.sysmem</name>
         <uninitialized>true</uninitialized>
         <run_address>0x20000000</run_address>
         <size>0x8</size>
         <input_file_ref idref="fl-ce"/>
      </object_component>
      <object_component id="oc-281">
         <name>.sysmem</name>
         <uninitialized>true</uninitialized>
         <run_address>0x20000000</run_address>
         <size>0x0</size>
      </object_component>
      <object_component id="oc-2f">
         <name>.stack</name>
         <uninitialized>true</uninitialized>
         <run_address>0x2000fe00</run_address>
         <size>0x0</size>
         <input_file_ref idref="fl-c1"/>
      </object_component>
      <object_component id="oc-280">
         <name>.stack</name>
         <uninitialized>true</uninitialized>
         <run_address>0x2000fe00</run_address>
         <size>0x0</size>
      </object_component>
      <object_component id="oc-107">
         <name>.debug_info</name>
         <load_address>0x0</load_address>
         <run_address>0x0</run_address>
         <size>0x571</size>
         <input_file_ref idref="fl-2"/>
      </object_component>
      <object_component id="oc-ff">
         <name>.debug_info</name>
         <load_address>0x571</load_address>
         <run_address>0x571</run_address>
         <size>0xe8</size>
         <input_file_ref idref="fl-2"/>
      </object_component>
      <object_component id="oc-fc">
         <name>.debug_info</name>
         <load_address>0x659</load_address>
         <run_address>0x659</run_address>
         <size>0xd4</size>
         <input_file_ref idref="fl-2"/>
      </object_component>
      <object_component id="oc-81">
         <name>.debug_info</name>
         <load_address>0x72d</load_address>
         <run_address>0x72d</run_address>
         <size>0x867</size>
         <input_file_ref idref="fl-2"/>
      </object_component>
      <object_component id="oc-dc">
         <name>.debug_info</name>
         <load_address>0xf94</load_address>
         <run_address>0xf94</run_address>
         <size>0x187</size>
         <input_file_ref idref="fl-2"/>
      </object_component>
      <object_component id="oc-ee">
         <name>.debug_info</name>
         <load_address>0x111b</load_address>
         <run_address>0x111b</run_address>
         <size>0x17f</size>
         <input_file_ref idref="fl-2"/>
      </object_component>
      <object_component id="oc-f5">
         <name>.debug_info</name>
         <load_address>0x129a</load_address>
         <run_address>0x129a</run_address>
         <size>0x16c</size>
         <input_file_ref idref="fl-2"/>
      </object_component>
      <object_component id="oc-174">
         <name>.debug_info</name>
         <load_address>0x1406</load_address>
         <run_address>0x1406</run_address>
         <size>0xe2</size>
         <input_file_ref idref="fl-2"/>
      </object_component>
      <object_component id="oc-19f">
         <name>.debug_info</name>
         <load_address>0x14e8</load_address>
         <run_address>0x14e8</run_address>
         <size>0x103e</size>
         <input_file_ref idref="fl-2"/>
      </object_component>
      <object_component id="oc-108">
         <name>.debug_info</name>
         <load_address>0x2526</load_address>
         <run_address>0x2526</run_address>
         <size>0x37a3</size>
         <input_file_ref idref="fl-2"/>
      </object_component>
      <object_component id="oc-9b">
         <name>.debug_info</name>
         <load_address>0x5cc9</load_address>
         <run_address>0x5cc9</run_address>
         <size>0x84</size>
         <input_file_ref idref="fl-2"/>
      </object_component>
      <object_component id="oc-12c">
         <name>.debug_info</name>
         <load_address>0x5d4d</load_address>
         <run_address>0x5d4d</run_address>
         <size>0x2c</size>
         <input_file_ref idref="fl-2"/>
      </object_component>
      <object_component id="oc-102">
         <name>.debug_info</name>
         <load_address>0x5d79</load_address>
         <run_address>0x5d79</run_address>
         <size>0x18b</size>
         <input_file_ref idref="fl-2"/>
      </object_component>
      <object_component id="oc-194">
         <name>.debug_info</name>
         <load_address>0x5f04</load_address>
         <run_address>0x5f04</run_address>
         <size>0x4e</size>
         <input_file_ref idref="fl-2"/>
      </object_component>
      <object_component id="oc-8e">
         <name>.debug_info</name>
         <load_address>0x5f52</load_address>
         <run_address>0x5f52</run_address>
         <size>0x1ac</size>
         <input_file_ref idref="fl-3"/>
      </object_component>
      <object_component id="oc-2d">
         <name>.debug_info</name>
         <load_address>0x60fe</load_address>
         <run_address>0x60fe</run_address>
         <size>0xfc</size>
         <input_file_ref idref="fl-3"/>
      </object_component>
      <object_component id="oc-7b">
         <name>.debug_info</name>
         <load_address>0x61fa</load_address>
         <run_address>0x61fa</run_address>
         <size>0x1c3</size>
         <input_file_ref idref="fl-3"/>
      </object_component>
      <object_component id="oc-165">
         <name>.debug_info</name>
         <load_address>0x63bd</load_address>
         <run_address>0x63bd</run_address>
         <size>0xf5</size>
         <input_file_ref idref="fl-4"/>
      </object_component>
      <object_component id="oc-c9">
         <name>.debug_info</name>
         <load_address>0x64b2</load_address>
         <run_address>0x64b2</run_address>
         <size>0x267</size>
         <input_file_ref idref="fl-4"/>
      </object_component>
      <object_component id="oc-179">
         <name>.debug_info</name>
         <load_address>0x6719</load_address>
         <run_address>0x6719</run_address>
         <size>0x145</size>
         <input_file_ref idref="fl-5"/>
      </object_component>
      <object_component id="oc-d0">
         <name>.debug_info</name>
         <load_address>0x685e</load_address>
         <run_address>0x685e</run_address>
         <size>0x553</size>
         <input_file_ref idref="fl-5"/>
      </object_component>
      <object_component id="oc-1c5">
         <name>.debug_info</name>
         <load_address>0x6db1</load_address>
         <run_address>0x6db1</run_address>
         <size>0x110</size>
         <input_file_ref idref="fl-5"/>
      </object_component>
      <object_component id="oc-180">
         <name>.debug_info</name>
         <load_address>0x6ec1</load_address>
         <run_address>0x6ec1</run_address>
         <size>0xc6</size>
         <input_file_ref idref="fl-6"/>
      </object_component>
      <object_component id="oc-d6">
         <name>.debug_info</name>
         <load_address>0x6f87</load_address>
         <run_address>0x6f87</run_address>
         <size>0x2ae</size>
         <input_file_ref idref="fl-6"/>
      </object_component>
      <object_component id="oc-131">
         <name>.debug_info</name>
         <load_address>0x7235</load_address>
         <run_address>0x7235</run_address>
         <size>0x39d</size>
         <input_file_ref idref="fl-7"/>
      </object_component>
      <object_component id="oc-10e">
         <name>.debug_info</name>
         <load_address>0x75d2</load_address>
         <run_address>0x75d2</run_address>
         <size>0xdd</size>
         <input_file_ref idref="fl-7"/>
      </object_component>
      <object_component id="oc-125">
         <name>.debug_info</name>
         <load_address>0x76af</load_address>
         <run_address>0x76af</run_address>
         <size>0x149</size>
         <input_file_ref idref="fl-7"/>
      </object_component>
      <object_component id="oc-87">
         <name>.debug_info</name>
         <load_address>0x77f8</load_address>
         <run_address>0x77f8</run_address>
         <size>0xacb</size>
         <input_file_ref idref="fl-7"/>
      </object_component>
      <object_component id="oc-27">
         <name>.debug_info</name>
         <load_address>0x82c3</load_address>
         <run_address>0x82c3</run_address>
         <size>0x161</size>
         <input_file_ref idref="fl-c1"/>
      </object_component>
      <object_component id="oc-3e">
         <name>.debug_info</name>
         <load_address>0x8424</load_address>
         <run_address>0x8424</run_address>
         <size>0x141</size>
         <input_file_ref idref="fl-c2"/>
      </object_component>
      <object_component id="oc-15">
         <name>.debug_info</name>
         <load_address>0x8565</load_address>
         <run_address>0x8565</run_address>
         <size>0x1e0</size>
         <input_file_ref idref="fl-c2"/>
      </object_component>
      <object_component id="oc-39">
         <name>.debug_info</name>
         <load_address>0x8745</load_address>
         <run_address>0x8745</run_address>
         <size>0x46</size>
         <input_file_ref idref="fl-c2"/>
      </object_component>
      <object_component id="oc-94">
         <name>.debug_info</name>
         <load_address>0x878b</load_address>
         <run_address>0x878b</run_address>
         <size>0x2c</size>
         <input_file_ref idref="fl-c2"/>
      </object_component>
      <object_component id="oc-46">
         <name>.debug_info</name>
         <load_address>0x87b7</load_address>
         <run_address>0x87b7</run_address>
         <size>0x135</size>
         <input_file_ref idref="fl-c3"/>
      </object_component>
      <object_component id="oc-40">
         <name>.debug_info</name>
         <load_address>0x88ec</load_address>
         <run_address>0x88ec</run_address>
         <size>0x248</size>
         <input_file_ref idref="fl-c3"/>
      </object_component>
      <object_component id="oc-1b">
         <name>.debug_info</name>
         <load_address>0x8b34</load_address>
         <run_address>0x8b34</run_address>
         <size>0x1b2</size>
         <input_file_ref idref="fl-c3"/>
      </object_component>
      <object_component id="oc-47">
         <name>.debug_info</name>
         <load_address>0x8ce6</load_address>
         <run_address>0x8ce6</run_address>
         <size>0x39</size>
         <input_file_ref idref="fl-c3"/>
      </object_component>
      <object_component id="oc-a3">
         <name>.debug_info</name>
         <load_address>0x8d1f</load_address>
         <run_address>0x8d1f</run_address>
         <size>0x2c</size>
         <input_file_ref idref="fl-c3"/>
      </object_component>
      <object_component id="oc-c4">
         <name>.debug_info</name>
         <load_address>0x8d4b</load_address>
         <run_address>0x8d4b</run_address>
         <size>0x235</size>
         <input_file_ref idref="fl-c5"/>
      </object_component>
      <object_component id="oc-be">
         <name>.debug_info</name>
         <load_address>0x8f80</load_address>
         <run_address>0x8f80</run_address>
         <size>0x186</size>
         <input_file_ref idref="fl-c5"/>
      </object_component>
      <object_component id="oc-71">
         <name>.debug_info</name>
         <load_address>0x9106</load_address>
         <run_address>0x9106</run_address>
         <size>0x215</size>
         <input_file_ref idref="fl-c5"/>
      </object_component>
      <object_component id="oc-182">
         <name>.debug_info</name>
         <load_address>0x931b</load_address>
         <run_address>0x931b</run_address>
         <size>0x145</size>
         <input_file_ref idref="fl-c6"/>
      </object_component>
      <object_component id="oc-1d6">
         <name>.debug_info</name>
         <load_address>0x9460</load_address>
         <run_address>0x9460</run_address>
         <size>0x121</size>
         <input_file_ref idref="fl-c7"/>
      </object_component>
      <object_component id="oc-120">
         <name>.debug_info</name>
         <load_address>0x9581</load_address>
         <run_address>0x9581</run_address>
         <size>0x123</size>
         <input_file_ref idref="fl-c7"/>
      </object_component>
      <object_component id="oc-187">
         <name>.debug_info</name>
         <load_address>0x96a4</load_address>
         <run_address>0x96a4</run_address>
         <size>0x133</size>
         <input_file_ref idref="fl-c8"/>
      </object_component>
      <object_component id="oc-116">
         <name>.debug_info</name>
         <load_address>0x97d7</load_address>
         <run_address>0x97d7</run_address>
         <size>0x133</size>
         <input_file_ref idref="fl-c9"/>
      </object_component>
      <object_component id="oc-11b">
         <name>.debug_info</name>
         <load_address>0x990a</load_address>
         <run_address>0x990a</run_address>
         <size>0x137</size>
         <input_file_ref idref="fl-ca"/>
      </object_component>
      <object_component id="oc-e3">
         <name>.debug_info</name>
         <load_address>0x9a41</load_address>
         <run_address>0x9a41</run_address>
         <size>0x125</size>
         <input_file_ref idref="fl-cb"/>
      </object_component>
      <object_component id="oc-111">
         <name>.debug_info</name>
         <load_address>0x9b66</load_address>
         <run_address>0x9b66</run_address>
         <size>0x125</size>
         <input_file_ref idref="fl-cc"/>
      </object_component>
      <object_component id="oc-34">
         <name>.debug_info</name>
         <load_address>0x9c8b</load_address>
         <run_address>0x9c8b</run_address>
         <size>0x112</size>
         <input_file_ref idref="fl-cd"/>
      </object_component>
      <object_component id="oc-91">
         <name>.debug_info</name>
         <load_address>0x9d9d</load_address>
         <run_address>0x9d9d</run_address>
         <size>0x223</size>
         <input_file_ref idref="fl-ce"/>
      </object_component>
      <object_component id="oc-31">
         <name>.debug_info</name>
         <load_address>0x9fc0</load_address>
         <run_address>0x9fc0</run_address>
         <size>0x102</size>
         <input_file_ref idref="fl-ce"/>
      </object_component>
      <object_component id="oc-1b9">
         <name>.debug_info</name>
         <load_address>0xa0c2</load_address>
         <run_address>0xa0c2</run_address>
         <size>0x14d</size>
         <input_file_ref idref="fl-ce"/>
      </object_component>
      <object_component id="oc-169">
         <name>.debug_info</name>
         <load_address>0xa20f</load_address>
         <run_address>0xa20f</run_address>
         <size>0x88c</size>
         <input_file_ref idref="fl-ce"/>
      </object_component>
      <object_component id="oc-136">
         <name>.debug_info</name>
         <load_address>0xaa9b</load_address>
         <run_address>0xaa9b</run_address>
         <size>0x2c</size>
         <input_file_ref idref="fl-ce"/>
      </object_component>
      <object_component id="oc-13b">
         <name>.debug_info</name>
         <load_address>0xaac7</load_address>
         <run_address>0xaac7</run_address>
         <size>0x62</size>
         <input_file_ref idref="fl-ce"/>
      </object_component>
      <object_component id="oc-4d">
         <name>.debug_info</name>
         <load_address>0xab29</load_address>
         <run_address>0xab29</run_address>
         <size>0x140</size>
         <input_file_ref idref="fl-cf"/>
      </object_component>
      <object_component id="oc-59">
         <name>.debug_info</name>
         <load_address>0xac69</load_address>
         <run_address>0xac69</run_address>
         <size>0x139</size>
         <input_file_ref idref="fl-d0"/>
      </object_component>
      <object_component id="oc-5f">
         <name>.debug_info</name>
         <load_address>0xada2</load_address>
         <run_address>0xada2</run_address>
         <size>0x149</size>
         <input_file_ref idref="fl-d1"/>
      </object_component>
      <object_component id="oc-193">
         <name>.debug_info</name>
         <load_address>0xaeeb</load_address>
         <run_address>0xaeeb</run_address>
         <size>0x1bc</size>
         <input_file_ref idref="fl-d2"/>
      </object_component>
      <object_component id="oc-e8">
         <name>.debug_info</name>
         <load_address>0xb0a7</load_address>
         <run_address>0xb0a7</run_address>
         <size>0x2e5</size>
         <input_file_ref idref="fl-d2"/>
      </object_component>
      <object_component id="oc-20a">
         <name>.debug_info</name>
         <load_address>0xb38c</load_address>
         <run_address>0xb38c</run_address>
         <size>0x2c</size>
         <input_file_ref idref="fl-d2"/>
      </object_component>
      <object_component id="oc-77">
         <name>.debug_info</name>
         <load_address>0xb3b8</load_address>
         <run_address>0xb3b8</run_address>
         <size>0x10a</size>
         <input_file_ref idref="fl-d3"/>
      </object_component>
      <object_component id="oc-16f">
         <name>.debug_info</name>
         <load_address>0xb4c2</load_address>
         <run_address>0xb4c2</run_address>
         <size>0x13b</size>
         <input_file_ref idref="fl-d4"/>
      </object_component>
      <object_component id="oc-17b">
         <name>.debug_info</name>
         <load_address>0xb5fd</load_address>
         <run_address>0xb5fd</run_address>
         <size>0x17e</size>
         <input_file_ref idref="fl-d5"/>
      </object_component>
      <object_component id="oc-160">
         <name>.debug_info</name>
         <load_address>0xb77b</load_address>
         <run_address>0xb77b</run_address>
         <size>0x125</size>
         <input_file_ref idref="fl-d6"/>
      </object_component>
      <object_component id="oc-c1">
         <name>.debug_info</name>
         <load_address>0xb8a0</load_address>
         <run_address>0xb8a0</run_address>
         <size>0x114</size>
         <input_file_ref idref="fl-d6"/>
      </object_component>
      <object_component id="oc-159">
         <name>.debug_info</name>
         <load_address>0xb9b4</load_address>
         <run_address>0xb9b4</run_address>
         <size>0x220</size>
         <input_file_ref idref="fl-d6"/>
      </object_component>
      <object_component id="oc-204">
         <name>.debug_info</name>
         <load_address>0xbbd4</load_address>
         <run_address>0xbbd4</run_address>
         <size>0x391</size>
         <input_file_ref idref="fl-d7"/>
      </object_component>
      <object_component id="oc-18d">
         <name>.debug_info</name>
         <load_address>0xbf65</load_address>
         <run_address>0xbf65</run_address>
         <size>0x17f1</size>
         <input_file_ref idref="fl-d7"/>
      </object_component>
      <object_component id="oc-205">
         <name>.debug_info</name>
         <load_address>0xd756</load_address>
         <run_address>0xd756</run_address>
         <size>0x86</size>
         <input_file_ref idref="fl-d7"/>
      </object_component>
      <object_component id="oc-23c">
         <name>.debug_info</name>
         <load_address>0xd7dc</load_address>
         <run_address>0xd7dc</run_address>
         <size>0x46</size>
         <input_file_ref idref="fl-d7"/>
      </object_component>
      <object_component id="oc-20f">
         <name>.debug_info</name>
         <load_address>0xd822</load_address>
         <run_address>0xd822</run_address>
         <size>0x39</size>
         <input_file_ref idref="fl-d7"/>
      </object_component>
      <object_component id="oc-bc">
         <name>.debug_info</name>
         <load_address>0xd85b</load_address>
         <run_address>0xd85b</run_address>
         <size>0x167</size>
         <input_file_ref idref="fl-d8"/>
      </object_component>
      <object_component id="oc-6b">
         <name>.debug_info</name>
         <load_address>0xd9c2</load_address>
         <run_address>0xd9c2</run_address>
         <size>0x168</size>
         <input_file_ref idref="fl-d8"/>
      </object_component>
      <object_component id="oc-151">
         <name>.debug_info</name>
         <load_address>0xdb2a</load_address>
         <run_address>0xdb2a</run_address>
         <size>0x5e</size>
         <input_file_ref idref="fl-d8"/>
      </object_component>
      <object_component id="oc-239">
         <name>.debug_info</name>
         <load_address>0xdb88</load_address>
         <run_address>0xdb88</run_address>
         <size>0x115</size>
         <input_file_ref idref="fl-d9"/>
      </object_component>
      <object_component id="oc-1fe">
         <name>.debug_info</name>
         <load_address>0xdc9d</load_address>
         <run_address>0xdc9d</run_address>
         <size>0x172</size>
         <input_file_ref idref="fl-d9"/>
      </object_component>
      <object_component id="oc-ba">
         <name>.debug_info</name>
         <load_address>0xde0f</load_address>
         <run_address>0xde0f</run_address>
         <size>0x2ea</size>
         <input_file_ref idref="fl-da"/>
      </object_component>
      <object_component id="oc-65">
         <name>.debug_info</name>
         <load_address>0xe0f9</load_address>
         <run_address>0xe0f9</run_address>
         <size>0x191</size>
         <input_file_ref idref="fl-da"/>
      </object_component>
      <object_component id="oc-145">
         <name>.debug_info</name>
         <load_address>0xe28a</load_address>
         <run_address>0xe28a</run_address>
         <size>0x39</size>
         <input_file_ref idref="fl-da"/>
      </object_component>
      <object_component id="oc-14a">
         <name>.debug_info</name>
         <load_address>0xe2c3</load_address>
         <run_address>0xe2c3</run_address>
         <size>0xcd</size>
         <input_file_ref idref="fl-da"/>
      </object_component>
      <object_component id="oc-141">
         <name>.debug_info</name>
         <load_address>0xe390</load_address>
         <run_address>0xe390</run_address>
         <size>0x1e1</size>
         <input_file_ref idref="fl-db"/>
      </object_component>
      <object_component id="oc-ae">
         <name>.debug_info</name>
         <load_address>0xe571</load_address>
         <run_address>0xe571</run_address>
         <size>0x184</size>
         <input_file_ref idref="fl-db"/>
      </object_component>
      <object_component id="oc-1ae">
         <name>.debug_info</name>
         <load_address>0xe6f5</load_address>
         <run_address>0xe6f5</run_address>
         <size>0x2c</size>
         <input_file_ref idref="fl-db"/>
      </object_component>
      <object_component id="oc-252">
         <name>.debug_info</name>
         <load_address>0xe721</load_address>
         <run_address>0xe721</run_address>
         <size>0xef</size>
         <input_file_ref idref="fl-dc"/>
      </object_component>
      <object_component id="oc-236">
         <name>.debug_info</name>
         <load_address>0xe810</load_address>
         <run_address>0xe810</run_address>
         <size>0xfb</size>
         <input_file_ref idref="fl-dc"/>
      </object_component>
      <object_component id="oc-1db">
         <name>.debug_info</name>
         <load_address>0xe90b</load_address>
         <run_address>0xe90b</run_address>
         <size>0x127</size>
         <input_file_ref idref="fl-dd"/>
      </object_component>
      <object_component id="oc-1bd">
         <name>.debug_info</name>
         <load_address>0xea32</load_address>
         <run_address>0xea32</run_address>
         <size>0x148</size>
         <input_file_ref idref="fl-de"/>
      </object_component>
      <object_component id="oc-21e">
         <name>.debug_info</name>
         <load_address>0xeb7a</load_address>
         <run_address>0xeb7a</run_address>
         <size>0x14d</size>
         <input_file_ref idref="fl-df"/>
      </object_component>
      <object_component id="oc-1e0">
         <name>.debug_info</name>
         <load_address>0xecc7</load_address>
         <run_address>0xecc7</run_address>
         <size>0x1c3</size>
         <input_file_ref idref="fl-df"/>
      </object_component>
      <object_component id="oc-234">
         <name>.debug_info</name>
         <load_address>0xee8a</load_address>
         <run_address>0xee8a</run_address>
         <size>0xf2</size>
         <input_file_ref idref="fl-e0"/>
      </object_component>
      <object_component id="oc-1f8">
         <name>.debug_info</name>
         <load_address>0xef7c</load_address>
         <run_address>0xef7c</run_address>
         <size>0x1ac</size>
         <input_file_ref idref="fl-e0"/>
      </object_component>
      <object_component id="oc-220">
         <name>.debug_info</name>
         <load_address>0xf128</load_address>
         <run_address>0xf128</run_address>
         <size>0x140</size>
         <input_file_ref idref="fl-e1"/>
      </object_component>
      <object_component id="oc-1e6">
         <name>.debug_info</name>
         <load_address>0xf268</load_address>
         <run_address>0xf268</run_address>
         <size>0x18b</size>
         <input_file_ref idref="fl-e1"/>
      </object_component>
      <object_component id="oc-221">
         <name>.debug_info</name>
         <load_address>0xf3f3</load_address>
         <run_address>0xf3f3</run_address>
         <size>0x2c</size>
         <input_file_ref idref="fl-e1"/>
      </object_component>
      <object_component id="oc-230">
         <name>.debug_info</name>
         <load_address>0xf41f</load_address>
         <run_address>0xf41f</run_address>
         <size>0x17d</size>
         <input_file_ref idref="fl-e2"/>
      </object_component>
      <object_component id="oc-1ec">
         <name>.debug_info</name>
         <load_address>0xf59c</load_address>
         <run_address>0xf59c</run_address>
         <size>0x1d6</size>
         <input_file_ref idref="fl-e2"/>
      </object_component>
      <object_component id="oc-b4">
         <name>.debug_info</name>
         <load_address>0xf772</load_address>
         <run_address>0xf772</run_address>
         <size>0x146</size>
         <input_file_ref idref="fl-e3"/>
      </object_component>
      <object_component id="oc-232">
         <name>.debug_info</name>
         <load_address>0xf8b8</load_address>
         <run_address>0xf8b8</run_address>
         <size>0xf6</size>
         <input_file_ref idref="fl-e4"/>
      </object_component>
      <object_component id="oc-1f2">
         <name>.debug_info</name>
         <load_address>0xf9ae</load_address>
         <run_address>0xf9ae</run_address>
         <size>0x245</size>
         <input_file_ref idref="fl-e4"/>
      </object_component>
      <object_component id="oc-21a">
         <name>.debug_info</name>
         <load_address>0xfbf3</load_address>
         <run_address>0xfbf3</run_address>
         <size>0xeb</size>
         <input_file_ref idref="fl-e5"/>
      </object_component>
      <object_component id="oc-1d0">
         <name>.debug_info</name>
         <load_address>0xfcde</load_address>
         <run_address>0xfcde</run_address>
         <size>0x22b</size>
         <input_file_ref idref="fl-e5"/>
      </object_component>
      <object_component id="oc-22d">
         <name>.debug_info</name>
         <load_address>0xff09</load_address>
         <run_address>0xff09</run_address>
         <size>0xf4</size>
         <input_file_ref idref="fl-e6"/>
      </object_component>
      <object_component id="oc-227">
         <name>.debug_info</name>
         <load_address>0xfffd</load_address>
         <run_address>0xfffd</run_address>
         <size>0x157</size>
         <input_file_ref idref="fl-e7"/>
      </object_component>
      <object_component id="oc-282">
         <name>.debug_info</name>
         <load_address>0x10154</load_address>
         <run_address>0x10154</run_address>
         <size>0xab</size>
      </object_component>
      <object_component id="oc-19e">
         <name>.debug_line</name>
         <load_address>0x0</load_address>
         <run_address>0x0</run_address>
         <size>0xa8</size>
         <input_file_ref idref="fl-2"/>
      </object_component>
      <object_component id="oc-19c">
         <name>.debug_line</name>
         <load_address>0xa8</load_address>
         <run_address>0xa8</run_address>
         <size>0x2d</size>
         <input_file_ref idref="fl-2"/>
      </object_component>
      <object_component id="oc-19a">
         <name>.debug_line</name>
         <load_address>0xd5</load_address>
         <run_address>0xd5</run_address>
         <size>0x2d</size>
         <input_file_ref idref="fl-2"/>
      </object_component>
      <object_component id="oc-84">
         <name>.debug_line</name>
         <load_address>0x102</load_address>
         <run_address>0x102</run_address>
         <size>0x25d</size>
         <input_file_ref idref="fl-2"/>
      </object_component>
      <object_component id="oc-df">
         <name>.debug_line</name>
         <load_address>0x35f</load_address>
         <run_address>0x35f</run_address>
         <size>0x45</size>
         <input_file_ref idref="fl-2"/>
      </object_component>
      <object_component id="oc-f1">
         <name>.debug_line</name>
         <load_address>0x3a4</load_address>
         <run_address>0x3a4</run_address>
         <size>0x45</size>
         <input_file_ref idref="fl-2"/>
      </object_component>
      <object_component id="oc-f8">
         <name>.debug_line</name>
         <load_address>0x3e9</load_address>
         <run_address>0x3e9</run_address>
         <size>0x45</size>
         <input_file_ref idref="fl-2"/>
      </object_component>
      <object_component id="oc-177">
         <name>.debug_line</name>
         <load_address>0x42e</load_address>
         <run_address>0x42e</run_address>
         <size>0x39</size>
         <input_file_ref idref="fl-2"/>
      </object_component>
      <object_component id="oc-1a2">
         <name>.debug_line</name>
         <load_address>0x467</load_address>
         <run_address>0x467</run_address>
         <size>0x5f</size>
         <input_file_ref idref="fl-2"/>
      </object_component>
      <object_component id="oc-10b">
         <name>.debug_line</name>
         <load_address>0x4c6</load_address>
         <run_address>0x4c6</run_address>
         <size>0x5c</size>
         <input_file_ref idref="fl-2"/>
      </object_component>
      <object_component id="oc-9e">
         <name>.debug_line</name>
         <load_address>0x522</load_address>
         <run_address>0x522</run_address>
         <size>0x20</size>
         <input_file_ref idref="fl-2"/>
      </object_component>
      <object_component id="oc-12f">
         <name>.debug_line</name>
         <load_address>0x542</load_address>
         <run_address>0x542</run_address>
         <size>0x32</size>
         <input_file_ref idref="fl-2"/>
      </object_component>
      <object_component id="oc-105">
         <name>.debug_line</name>
         <load_address>0x574</load_address>
         <run_address>0x574</run_address>
         <size>0x69</size>
         <input_file_ref idref="fl-2"/>
      </object_component>
      <object_component id="oc-197">
         <name>.debug_line</name>
         <load_address>0x5dd</load_address>
         <run_address>0x5dd</run_address>
         <size>0x69</size>
         <input_file_ref idref="fl-2"/>
      </object_component>
      <object_component id="oc-133">
         <name>.debug_line</name>
         <load_address>0x646</load_address>
         <run_address>0x646</run_address>
         <size>0x40</size>
         <input_file_ref idref="fl-3"/>
      </object_component>
      <object_component id="oc-8d">
         <name>.debug_line</name>
         <load_address>0x686</load_address>
         <run_address>0x686</run_address>
         <size>0x40</size>
         <input_file_ref idref="fl-3"/>
      </object_component>
      <object_component id="oc-7e">
         <name>.debug_line</name>
         <load_address>0x6c6</load_address>
         <run_address>0x6c6</run_address>
         <size>0x71</size>
         <input_file_ref idref="fl-3"/>
      </object_component>
      <object_component id="oc-1b7">
         <name>.debug_line</name>
         <load_address>0x737</load_address>
         <run_address>0x737</run_address>
         <size>0x3b</size>
         <input_file_ref idref="fl-4"/>
      </object_component>
      <object_component id="oc-cc">
         <name>.debug_line</name>
         <load_address>0x772</load_address>
         <run_address>0x772</run_address>
         <size>0x146</size>
         <input_file_ref idref="fl-4"/>
      </object_component>
      <object_component id="oc-1c4">
         <name>.debug_line</name>
         <load_address>0x8b8</load_address>
         <run_address>0x8b8</run_address>
         <size>0x69</size>
         <input_file_ref idref="fl-5"/>
      </object_component>
      <object_component id="oc-d3">
         <name>.debug_line</name>
         <load_address>0x921</load_address>
         <run_address>0x921</run_address>
         <size>0x123</size>
         <input_file_ref idref="fl-5"/>
      </object_component>
      <object_component id="oc-1c8">
         <name>.debug_line</name>
         <load_address>0xa44</load_address>
         <run_address>0xa44</run_address>
         <size>0x69</size>
         <input_file_ref idref="fl-5"/>
      </object_component>
      <object_component id="oc-1cc">
         <name>.debug_line</name>
         <load_address>0xaad</load_address>
         <run_address>0xaad</run_address>
         <size>0x20</size>
         <input_file_ref idref="fl-6"/>
      </object_component>
      <object_component id="oc-d9">
         <name>.debug_line</name>
         <load_address>0xacd</load_address>
         <run_address>0xacd</run_address>
         <size>0x98</size>
         <input_file_ref idref="fl-6"/>
      </object_component>
      <object_component id="oc-1ab">
         <name>.debug_line</name>
         <load_address>0xb65</load_address>
         <run_address>0xb65</run_address>
         <size>0x20</size>
         <input_file_ref idref="fl-7"/>
      </object_component>
      <object_component id="oc-1a5">
         <name>.debug_line</name>
         <load_address>0xb85</load_address>
         <run_address>0xb85</run_address>
         <size>0x32</size>
         <input_file_ref idref="fl-7"/>
      </object_component>
      <object_component id="oc-128">
         <name>.debug_line</name>
         <load_address>0xbb7</load_address>
         <run_address>0xbb7</run_address>
         <size>0x52</size>
         <input_file_ref idref="fl-7"/>
      </object_component>
      <object_component id="oc-8a">
         <name>.debug_line</name>
         <load_address>0xc09</load_address>
         <run_address>0xc09</run_address>
         <size>0x129</size>
         <input_file_ref idref="fl-7"/>
      </object_component>
      <object_component id="oc-2a">
         <name>.debug_line</name>
         <load_address>0xd32</load_address>
         <run_address>0xd32</run_address>
         <size>0x53</size>
         <input_file_ref idref="fl-c1"/>
      </object_component>
      <object_component id="oc-9a">
         <name>.debug_line</name>
         <load_address>0xd85</load_address>
         <run_address>0xd85</run_address>
         <size>0x8a</size>
         <input_file_ref idref="fl-c2"/>
      </object_component>
      <object_component id="oc-18">
         <name>.debug_line</name>
         <load_address>0xe0f</load_address>
         <run_address>0xe0f</run_address>
         <size>0x55</size>
         <input_file_ref idref="fl-c2"/>
      </object_component>
      <object_component id="oc-3c">
         <name>.debug_line</name>
         <load_address>0xe64</load_address>
         <run_address>0xe64</run_address>
         <size>0x3a</size>
         <input_file_ref idref="fl-c2"/>
      </object_component>
      <object_component id="oc-97">
         <name>.debug_line</name>
         <load_address>0xe9e</load_address>
         <run_address>0xe9e</run_address>
         <size>0x8a</size>
         <input_file_ref idref="fl-c2"/>
      </object_component>
      <object_component id="oc-a2">
         <name>.debug_line</name>
         <load_address>0xf28</load_address>
         <run_address>0xf28</run_address>
         <size>0x8a</size>
         <input_file_ref idref="fl-c3"/>
      </object_component>
      <object_component id="oc-43">
         <name>.debug_line</name>
         <load_address>0xfb2</load_address>
         <run_address>0xfb2</run_address>
         <size>0x98</size>
         <input_file_ref idref="fl-c3"/>
      </object_component>
      <object_component id="oc-1e">
         <name>.debug_line</name>
         <load_address>0x104a</load_address>
         <run_address>0x104a</run_address>
         <size>0x4b</size>
         <input_file_ref idref="fl-c3"/>
      </object_component>
      <object_component id="oc-4a">
         <name>.debug_line</name>
         <load_address>0x1095</load_address>
         <run_address>0x1095</run_address>
         <size>0x39</size>
         <input_file_ref idref="fl-c3"/>
      </object_component>
      <object_component id="oc-a6">
         <name>.debug_line</name>
         <load_address>0x10ce</load_address>
         <run_address>0x10ce</run_address>
         <size>0x8a</size>
         <input_file_ref idref="fl-c3"/>
      </object_component>
      <object_component id="oc-163">
         <name>.debug_line</name>
         <load_address>0x1158</load_address>
         <run_address>0x1158</run_address>
         <size>0xf2</size>
         <input_file_ref idref="fl-c5"/>
      </object_component>
      <object_component id="oc-157">
         <name>.debug_line</name>
         <load_address>0x124a</load_address>
         <run_address>0x124a</run_address>
         <size>0x2a</size>
         <input_file_ref idref="fl-c5"/>
      </object_component>
      <object_component id="oc-74">
         <name>.debug_line</name>
         <load_address>0x1274</load_address>
         <run_address>0x1274</run_address>
         <size>0x86</size>
         <input_file_ref idref="fl-c5"/>
      </object_component>
      <object_component id="oc-185">
         <name>.debug_line</name>
         <load_address>0x12fa</load_address>
         <run_address>0x12fa</run_address>
         <size>0xd2</size>
         <input_file_ref idref="fl-c6"/>
      </object_component>
      <object_component id="oc-1d9">
         <name>.debug_line</name>
         <load_address>0x13cc</load_address>
         <run_address>0x13cc</run_address>
         <size>0x77</size>
         <input_file_ref idref="fl-c7"/>
      </object_component>
      <object_component id="oc-123">
         <name>.debug_line</name>
         <load_address>0x1443</load_address>
         <run_address>0x1443</run_address>
         <size>0x77</size>
         <input_file_ref idref="fl-c7"/>
      </object_component>
      <object_component id="oc-18a">
         <name>.debug_line</name>
         <load_address>0x14ba</load_address>
         <run_address>0x14ba</run_address>
         <size>0xa8</size>
         <input_file_ref idref="fl-c8"/>
      </object_component>
      <object_component id="oc-119">
         <name>.debug_line</name>
         <load_address>0x1562</load_address>
         <run_address>0x1562</run_address>
         <size>0x8e</size>
         <input_file_ref idref="fl-c9"/>
      </object_component>
      <object_component id="oc-11e">
         <name>.debug_line</name>
         <load_address>0x15f0</load_address>
         <run_address>0x15f0</run_address>
         <size>0x67</size>
         <input_file_ref idref="fl-ca"/>
      </object_component>
      <object_component id="oc-e6">
         <name>.debug_line</name>
         <load_address>0x1657</load_address>
         <run_address>0x1657</run_address>
         <size>0x57</size>
         <input_file_ref idref="fl-cb"/>
      </object_component>
      <object_component id="oc-114">
         <name>.debug_line</name>
         <load_address>0x16ae</load_address>
         <run_address>0x16ae</run_address>
         <size>0x50</size>
         <input_file_ref idref="fl-cc"/>
      </object_component>
      <object_component id="oc-37">
         <name>.debug_line</name>
         <load_address>0x16fe</load_address>
         <run_address>0x16fe</run_address>
         <size>0x88</size>
         <input_file_ref idref="fl-cd"/>
      </object_component>
      <object_component id="oc-135">
         <name>.debug_line</name>
         <load_address>0x1786</load_address>
         <run_address>0x1786</run_address>
         <size>0xff</size>
         <input_file_ref idref="fl-ce"/>
      </object_component>
      <object_component id="oc-90">
         <name>.debug_line</name>
         <load_address>0x1885</load_address>
         <run_address>0x1885</run_address>
         <size>0x2c</size>
         <input_file_ref idref="fl-ce"/>
      </object_component>
      <object_component id="oc-217">
         <name>.debug_line</name>
         <load_address>0x18b1</load_address>
         <run_address>0x18b1</run_address>
         <size>0x2c</size>
         <input_file_ref idref="fl-ce"/>
      </object_component>
      <object_component id="oc-16c">
         <name>.debug_line</name>
         <load_address>0x18dd</load_address>
         <run_address>0x18dd</run_address>
         <size>0x314</size>
         <input_file_ref idref="fl-ce"/>
      </object_component>
      <object_component id="oc-139">
         <name>.debug_line</name>
         <load_address>0x1bf1</load_address>
         <run_address>0x1bf1</run_address>
         <size>0x8a</size>
         <input_file_ref idref="fl-ce"/>
      </object_component>
      <object_component id="oc-13e">
         <name>.debug_line</name>
         <load_address>0x1c7b</load_address>
         <run_address>0x1c7b</run_address>
         <size>0x2c</size>
         <input_file_ref idref="fl-ce"/>
      </object_component>
      <object_component id="oc-50">
         <name>.debug_line</name>
         <load_address>0x1ca7</load_address>
         <run_address>0x1ca7</run_address>
         <size>0x79</size>
         <input_file_ref idref="fl-cf"/>
      </object_component>
      <object_component id="oc-5c">
         <name>.debug_line</name>
         <load_address>0x1d20</load_address>
         <run_address>0x1d20</run_address>
         <size>0x3d</size>
         <input_file_ref idref="fl-d0"/>
      </object_component>
      <object_component id="oc-62">
         <name>.debug_line</name>
         <load_address>0x1d5d</load_address>
         <run_address>0x1d5d</run_address>
         <size>0x40</size>
         <input_file_ref idref="fl-d1"/>
      </object_component>
      <object_component id="oc-215">
         <name>.debug_line</name>
         <load_address>0x1d9d</load_address>
         <run_address>0x1d9d</run_address>
         <size>0x97</size>
         <input_file_ref idref="fl-d2"/>
      </object_component>
      <object_component id="oc-eb">
         <name>.debug_line</name>
         <load_address>0x1e34</load_address>
         <run_address>0x1e34</run_address>
         <size>0x83</size>
         <input_file_ref idref="fl-d2"/>
      </object_component>
      <object_component id="oc-20d">
         <name>.debug_line</name>
         <load_address>0x1eb7</load_address>
         <run_address>0x1eb7</run_address>
         <size>0x89</size>
         <input_file_ref idref="fl-d2"/>
      </object_component>
      <object_component id="oc-c7">
         <name>.debug_line</name>
         <load_address>0x1f40</load_address>
         <run_address>0x1f40</run_address>
         <size>0x33</size>
         <input_file_ref idref="fl-d3"/>
      </object_component>
      <object_component id="oc-172">
         <name>.debug_line</name>
         <load_address>0x1f73</load_address>
         <run_address>0x1f73</run_address>
         <size>0x5b</size>
         <input_file_ref idref="fl-d4"/>
      </object_component>
      <object_component id="oc-17e">
         <name>.debug_line</name>
         <load_address>0x1fce</load_address>
         <run_address>0x1fce</run_address>
         <size>0x118</size>
         <input_file_ref idref="fl-d5"/>
      </object_component>
      <object_component id="oc-1b5">
         <name>.debug_line</name>
         <load_address>0x20e6</load_address>
         <run_address>0x20e6</run_address>
         <size>0x20</size>
         <input_file_ref idref="fl-d6"/>
      </object_component>
      <object_component id="oc-15f">
         <name>.debug_line</name>
         <load_address>0x2106</load_address>
         <run_address>0x2106</run_address>
         <size>0x2b</size>
         <input_file_ref idref="fl-d6"/>
      </object_component>
      <object_component id="oc-15c">
         <name>.debug_line</name>
         <load_address>0x2131</load_address>
         <run_address>0x2131</run_address>
         <size>0x68</size>
         <input_file_ref idref="fl-d6"/>
      </object_component>
      <object_component id="oc-23b">
         <name>.debug_line</name>
         <load_address>0x2199</load_address>
         <run_address>0x2199</run_address>
         <size>0x16a</size>
         <input_file_ref idref="fl-d7"/>
      </object_component>
      <object_component id="oc-190">
         <name>.debug_line</name>
         <load_address>0x2303</load_address>
         <run_address>0x2303</run_address>
         <size>0xc1e</size>
         <input_file_ref idref="fl-d7"/>
      </object_component>
      <object_component id="oc-208">
         <name>.debug_line</name>
         <load_address>0x2f21</load_address>
         <run_address>0x2f21</run_address>
         <size>0x8a</size>
         <input_file_ref idref="fl-d7"/>
      </object_component>
      <object_component id="oc-23f">
         <name>.debug_line</name>
         <load_address>0x2fab</load_address>
         <run_address>0x2fab</run_address>
         <size>0x8a</size>
         <input_file_ref idref="fl-d7"/>
      </object_component>
      <object_component id="oc-212">
         <name>.debug_line</name>
         <load_address>0x3035</load_address>
         <run_address>0x3035</run_address>
         <size>0x2e</size>
         <input_file_ref idref="fl-d7"/>
      </object_component>
      <object_component id="oc-150">
         <name>.debug_line</name>
         <load_address>0x3063</load_address>
         <run_address>0x3063</run_address>
         <size>0x2b</size>
         <input_file_ref idref="fl-d8"/>
      </object_component>
      <object_component id="oc-6e">
         <name>.debug_line</name>
         <load_address>0x308e</load_address>
         <run_address>0x308e</run_address>
         <size>0x50</size>
         <input_file_ref idref="fl-d8"/>
      </object_component>
      <object_component id="oc-154">
         <name>.debug_line</name>
         <load_address>0x30de</load_address>
         <run_address>0x30de</run_address>
         <size>0x2b</size>
         <input_file_ref idref="fl-d8"/>
      </object_component>
      <object_component id="oc-254">
         <name>.debug_line</name>
         <load_address>0x3109</load_address>
         <run_address>0x3109</run_address>
         <size>0x89</size>
         <input_file_ref idref="fl-d9"/>
      </object_component>
      <object_component id="oc-201">
         <name>.debug_line</name>
         <load_address>0x3192</load_address>
         <run_address>0x3192</run_address>
         <size>0x63</size>
         <input_file_ref idref="fl-d9"/>
      </object_component>
      <object_component id="oc-144">
         <name>.debug_line</name>
         <load_address>0x31f5</load_address>
         <run_address>0x31f5</run_address>
         <size>0xa9</size>
         <input_file_ref idref="fl-da"/>
      </object_component>
      <object_component id="oc-68">
         <name>.debug_line</name>
         <load_address>0x329e</load_address>
         <run_address>0x329e</run_address>
         <size>0x8b</size>
         <input_file_ref idref="fl-da"/>
      </object_component>
      <object_component id="oc-148">
         <name>.debug_line</name>
         <load_address>0x3329</load_address>
         <run_address>0x3329</run_address>
         <size>0x2e</size>
         <input_file_ref idref="fl-da"/>
      </object_component>
      <object_component id="oc-14d">
         <name>.debug_line</name>
         <load_address>0x3357</load_address>
         <run_address>0x3357</run_address>
         <size>0x8b</size>
         <input_file_ref idref="fl-da"/>
      </object_component>
      <object_component id="oc-1ad">
         <name>.debug_line</name>
         <load_address>0x33e2</load_address>
         <run_address>0x33e2</run_address>
         <size>0x98</size>
         <input_file_ref idref="fl-db"/>
      </object_component>
      <object_component id="oc-b1">
         <name>.debug_line</name>
         <load_address>0x347a</load_address>
         <run_address>0x347a</run_address>
         <size>0x68</size>
         <input_file_ref idref="fl-db"/>
      </object_component>
      <object_component id="oc-1b1">
         <name>.debug_line</name>
         <load_address>0x34e2</load_address>
         <run_address>0x34e2</run_address>
         <size>0x2e</size>
         <input_file_ref idref="fl-db"/>
      </object_component>
      <object_component id="oc-256">
         <name>.debug_line</name>
         <load_address>0x3510</load_address>
         <run_address>0x3510</run_address>
         <size>0x20</size>
         <input_file_ref idref="fl-dc"/>
      </object_component>
      <object_component id="oc-251">
         <name>.debug_line</name>
         <load_address>0x3530</load_address>
         <run_address>0x3530</run_address>
         <size>0x2b</size>
         <input_file_ref idref="fl-dc"/>
      </object_component>
      <object_component id="oc-1de">
         <name>.debug_line</name>
         <load_address>0x355b</load_address>
         <run_address>0x355b</run_address>
         <size>0x5a</size>
         <input_file_ref idref="fl-dd"/>
      </object_component>
      <object_component id="oc-1c0">
         <name>.debug_line</name>
         <load_address>0x35b5</load_address>
         <run_address>0x35b5</run_address>
         <size>0x3b</size>
         <input_file_ref idref="fl-de"/>
      </object_component>
      <object_component id="oc-244">
         <name>.debug_line</name>
         <load_address>0x35f0</load_address>
         <run_address>0x35f0</run_address>
         <size>0x8a</size>
         <input_file_ref idref="fl-df"/>
      </object_component>
      <object_component id="oc-1e3">
         <name>.debug_line</name>
         <load_address>0x367a</load_address>
         <run_address>0x367a</run_address>
         <size>0x66</size>
         <input_file_ref idref="fl-df"/>
      </object_component>
      <object_component id="oc-24f">
         <name>.debug_line</name>
         <load_address>0x36e0</load_address>
         <run_address>0x36e0</run_address>
         <size>0x20</size>
         <input_file_ref idref="fl-e0"/>
      </object_component>
      <object_component id="oc-1fb">
         <name>.debug_line</name>
         <load_address>0x3700</load_address>
         <run_address>0x3700</run_address>
         <size>0x48</size>
         <input_file_ref idref="fl-e0"/>
      </object_component>
      <object_component id="oc-246">
         <name>.debug_line</name>
         <load_address>0x3748</load_address>
         <run_address>0x3748</run_address>
         <size>0x20</size>
         <input_file_ref idref="fl-e1"/>
      </object_component>
      <object_component id="oc-1e9">
         <name>.debug_line</name>
         <load_address>0x3768</load_address>
         <run_address>0x3768</run_address>
         <size>0x5e</size>
         <input_file_ref idref="fl-e1"/>
      </object_component>
      <object_component id="oc-224">
         <name>.debug_line</name>
         <load_address>0x37c6</load_address>
         <run_address>0x37c6</run_address>
         <size>0x8a</size>
         <input_file_ref idref="fl-e1"/>
      </object_component>
      <object_component id="oc-24b">
         <name>.debug_line</name>
         <load_address>0x3850</load_address>
         <run_address>0x3850</run_address>
         <size>0x93</size>
         <input_file_ref idref="fl-e2"/>
      </object_component>
      <object_component id="oc-1ef">
         <name>.debug_line</name>
         <load_address>0x38e3</load_address>
         <run_address>0x38e3</run_address>
         <size>0xa1</size>
         <input_file_ref idref="fl-e2"/>
      </object_component>
      <object_component id="oc-b7">
         <name>.debug_line</name>
         <load_address>0x3984</load_address>
         <run_address>0x3984</run_address>
         <size>0x3c</size>
         <input_file_ref idref="fl-e3"/>
      </object_component>
      <object_component id="oc-24d">
         <name>.debug_line</name>
         <load_address>0x39c0</load_address>
         <run_address>0x39c0</run_address>
         <size>0x20</size>
         <input_file_ref idref="fl-e4"/>
      </object_component>
      <object_component id="oc-1f5">
         <name>.debug_line</name>
         <load_address>0x39e0</load_address>
         <run_address>0x39e0</run_address>
         <size>0xa8</size>
         <input_file_ref idref="fl-e4"/>
      </object_component>
      <object_component id="oc-242">
         <name>.debug_line</name>
         <load_address>0x3a88</load_address>
[...]
      </symbol>
      <symbol id="sm-12c">
         <name>SystemCoreClock</name>
         <value>0x20000434</value>
         <object_component_ref idref="oc-164"/>
      </symbol>
      <symbol id="sm-154">
         <name>deleteBuffer</name>
         <value>0x2699</value>
         <object_component_ref idref="oc-cf"/>
      </symbol>
      <symbol id="sm-155">
         <name>bufferEmpty</name>
         <value>0x26c1</value>
         <object_component_ref idref="oc-cf"/>
      </symbol>
      <symbol id="sm-156">
         <name>clearBuffer</name>
         <value>0x2679</value>
         <object_component_ref idref="oc-cf"/>
      </symbol>
      <symbol id="sm-157">
         <name>removeItem</name>
         <value>0x275d</value>
         <object_component_ref idref="oc-cf"/>
      </symbol>
      <symbol id="sm-158">
         <name>bufferFull</name>
         <value>0x26a7</value>
         <object_component_ref idref="oc-cf"/>
      </symbol>
      <symbol id="sm-159">
         <name>initializeBuffer</name>
         <value>0x2633</value>
         <object_component_ref idref="oc-cf"/>
      </symbol>
      <symbol id="sm-15a">
         <name>addItem</name>
         <value>0x26db</value>
         <object_component_ref idref="oc-cf"/>
      </symbol>
      <symbol id="sm-16f">
         <name>ulltoa</name>
         <value>0x2843</value>
         <object_component_ref idref="oc-d5"/>
      </symbol>
      <symbol id="sm-170">
         <name>itoa</name>
         <value>0x27b7</value>
         <object_component_ref idref="oc-d5"/>
      </symbol>
      <symbol id="sm-207">
         <name>sendByteUART</name>
         <value>0x32c5</value>
         <object_component_ref idref="oc-124"/>
      </symbol>
      <symbol id="sm-208">
         <name>sendStringUART</name>
         <value>0x1719</value>
         <object_component_ref idref="oc-86"/>
      </symbol>
      <symbol id="sm-209">
         <name>eUSCIA0Handler</name>
         <value>0x11f7</value>
         <object_component_ref idref="oc-86"/>
      </symbol>
      <symbol id="sm-20a">
         <name>enableUART</name>
         <value>0x1205</value>
         <object_component_ref idref="oc-86"/>
      </symbol>
      <symbol id="sm-20b">
         <name>sendBytesUART</name>
         <value>0x16d9</value>
         <object_component_ref idref="oc-86"/>
      </symbol>
      <symbol id="sm-20c">
         <name>sendNewlineUART</name>
         <value>0x1735</value>
         <object_component_ref idref="oc-86"/>
      </symbol>
      <symbol id="sm-20d">
         <name>enableUARTInterrupts</name>
         <value>0x168d</value>
         <object_component_ref idref="oc-86"/>
      </symbol>
      <symbol id="sm-21e">
         <name>_c_int00</name>
         <value>0x30ad</value>
         <object_component_ref idref="oc-26"/>
      </symbol>
      <symbol id="sm-21f">
         <name>__stack</name>
         <value>0x2000fe00</value>
         <object_component_ref idref="oc-2f"/>
      </symbol>
      <symbol id="sm-236">
         <name>__TI_decompress_none</name>
         <value>0x3459</value>
         <object_component_ref idref="oc-14"/>
      </symbol>
      <symbol id="sm-25e">
         <name>__TI_decompress_rle24</name>
         <value>0x3475</value>
         <object_component_ref idref="oc-1a"/>
      </symbol>
      <symbol id="sm-280">
         <name>C$$EXIT</name>
         <value>0x3101</value>
         <object_component_ref idref="oc-70"/>
      </symbol>
      <symbol id="sm-281">
         <name>abort</name>
         <value>0x3105</value>
         <object_component_ref idref="oc-70"/>
      </symbol>
      <symbol id="sm-282">
         <name>exit</name>
         <value>0x310d</value>
         <object_component_ref idref="oc-70"/>
      </symbol>
      <symbol id="sm-283">
         <name>__TI_dtors_ptr</name>
         <value>0x20000404</value>
         <object_component_ref idref="oc-bd"/>
      </symbol>
      <symbol id="sm-284">
         <name>__TI_cleanup_ptr</name>
         <value>0x20000400</value>
         <object_component_ref idref="oc-bd"/>
      </symbol>
      <symbol id="sm-285">
         <name>__TI_enable_exit_profile_output</name>
         <value>0x20000408</value>
         <object_component_ref idref="oc-bd"/>
      </symbol>
      <symbol id="sm-29c">
         <name>__aeabi_dsub</name>
         <value>0x247d</value>
         <object_component_ref idref="oc-181"/>
      </symbol>
      <symbol id="sm-29d">
         <name>__aeabi_dadd</name>
         <value>0x2487</value>
         <object_component_ref idref="oc-181"/>
      </symbol>
      <symbol id="sm-2bf">
         <name>__aeabi_cdcmpeq</name>
         <value>0x2cc1</value>
         <object_component_ref idref="oc-1d5"/>
      </symbol>
      <symbol id="sm-2c0">
         <name>__aeabi_cdcmple</name>
         <value>0x2cc1</value>
         <object_component_ref idref="oc-1d5"/>
      </symbol>
      <symbol id="sm-2c1">
         <name>__aeabi_cdrcmple</name>
         <value>0x2d47</value>
         <object_component_ref idref="oc-11f"/>
      </symbol>
      <symbol id="sm-2d5">
         <name>__aeabi_ddiv</name>
         <value>0x28f7</value>
         <object_component_ref idref="oc-186"/>
      </symbol>
      <symbol id="sm-2e0">
         <name>__aeabi_dmul</name>
         <value>0x2a2d</value>
         <object_component_ref idref="oc-115"/>
      </symbol>
      <symbol id="sm-2ec">
         <name>__aeabi_d2f</name>
         <value>0x2eb9</value>
         <object_component_ref idref="oc-11a"/>
      </symbol>
      <symbol id="sm-2f7">
         <name>__aeabi_f2d</name>
         <value>0x333d</value>
         <object_component_ref idref="oc-e2"/>
      </symbol>
      <symbol id="sm-301">
         <name>__aeabi_i2d</name>
         <value>0x3375</value>
         <object_component_ref idref="oc-110"/>
      </symbol>
      <symbol id="sm-31c">
         <name>memcpy</name>
         <value>0x2c25</value>
         <object_component_ref idref="oc-33"/>
      </symbol>
      <symbol id="sm-31d">
         <name>__aeabi_memcpy</name>
         <value>0x2c25</value>
         <object_component_ref idref="oc-33"/>
      </symbol>
      <symbol id="sm-31e">
         <name>__aeabi_memcpy8</name>
         <value>0x2c25</value>
         <object_component_ref idref="oc-33"/>
      </symbol>
      <symbol id="sm-31f">
         <name>__aeabi_memcpy4</name>
         <value>0x2c25</value>
         <object_component_ref idref="oc-33"/>
      </symbol>
      <symbol id="sm-393">
         <name>_sys_memory</name>
         <value>0x20000000</value>
         <object_component_ref idref="oc-30"/>
      </symbol>
      <symbol id="sm-394">
         <name>free</name>
         <value>0x18e7</value>
         <object_component_ref idref="oc-168"/>
      </symbol>
      <symbol id="sm-395">
         <name>realloc</name>
         <value>0x19a9</value>
         <object_component_ref idref="oc-168"/>
      </symbol>
      <symbol id="sm-396">
         <name>memalign</name>
         <value>0x1ab5</value>
         <object_component_ref idref="oc-168"/>
      </symbol>
      <symbol id="sm-397">
         <name>calloc</name>
         <value>0x1b99</value>
         <object_component_ref idref="oc-168"/>
      </symbol>
      <symbol id="sm-398">
         <name>malloc</name>
         <value>0x187f</value>
         <object_component_ref idref="oc-168"/>
      </symbol>
      <symbol id="sm-399">
         <name>minit</name>
         <value>0x17f1</value>
         <object_component_ref idref="oc-168"/>
      </symbol>
      <symbol id="sm-3a8">
         <name>__aeabi_memset</name>
         <value>0x2dcf</value>
         <object_component_ref idref="oc-4c"/>
      </symbol>
      <symbol id="sm-3a9">
         <name>memset</name>
         <value>0x2dd5</value>
         <object_component_ref idref="oc-4c"/>
      </symbol>
      <symbol id="sm-3aa">
         <name>__aeabi_memset8</name>
         <value>0x2dcf</value>
         <object_component_ref idref="oc-4c"/>
      </symbol>
      <symbol id="sm-3ab">
         <name>__aeabi_memset4</name>
         <value>0x2dcf</value>
         <object_component_ref idref="oc-4c"/>
      </symbol>
      <symbol id="sm-3ac">
         <name>__aeabi_memclr8</name>
         <value>0x2dcd</value>
         <object_component_ref idref="oc-4c"/>
      </symbol>
      <symbol id="sm-3ad">
         <name>__aeabi_memclr4</name>
         <value>0x2dcd</value>
         <object_component_ref idref="oc-4c"/>
      </symbol>
      <symbol id="sm-3ae">
         <name>__aeabi_memclr</name>
         <value>0x2dcd</value>
         <object_component_ref idref="oc-4c"/>
      </symbol>
      <symbol id="sm-3b8">
         <name>__mpu_init</name>
         <value>0x30ab</value>
         <object_component_ref idref="oc-58"/>
      </symbol>
      <symbol id="sm-3c2">
         <name>_system_pre_init</name>
         <value>0x347b</value>
         <object_component_ref idref="oc-5e"/>
      </symbol>
      <symbol id="sm-3db">
         <name>sprintf</name>
         <value>0x2ff5</value>
         <object_component_ref idref="oc-e7"/>
      </symbol>
      <symbol id="sm-3e3">
         <name>main_func_sp</name>
         <value>0x20000430</value>
         <object_component_ref idref="oc-76"/>
      </symbol>
      <symbol id="sm-3f2">
         <name>__aeabi_uidivmod</name>
         <value>0x3285</value>
         <object_component_ref idref="oc-16e"/>
      </symbol>
      <symbol id="sm-3f3">
         <name>__aeabi_uidiv</name>
         <value>0x3285</value>
         <object_component_ref idref="oc-16e"/>
      </symbol>
      <symbol id="sm-40f">
         <name>__aeabi_uldivmod</name>
         <value>0x2289</value>
         <object_component_ref idref="oc-17a"/>
      </symbol>
      <symbol id="sm-428">
         <name>_nop</name>
         <value>0x342b</value>
         <object_component_ref idref="oc-158"/>
      </symbol>
      <symbol id="sm-429">
         <name>_lock</name>
         <value>0x20000424</value>
         <object_component_ref idref="oc-c0"/>
      </symbol>
      <symbol id="sm-42a">
         <name>_unlock</name>
         <value>0x20000428</value>
         <object_component_ref idref="oc-c0"/>
      </symbol>
      <symbol id="sm-42b">
         <name>_register_lock</name>
         <value>0x3423</value>
         <object_component_ref idref="oc-158"/>
      </symbol>
      <symbol id="sm-42c">
         <name>_register_unlock</name>
         <value>0x341d</value>
         <object_component_ref idref="oc-158"/>
      </symbol>
      <symbol id="sm-533">
         <name>__TI_printfi</name>
         <value>0xeef</value>
         <object_component_ref idref="oc-18c"/>
      </symbol>
      <symbol id="sm-547">
         <name>_args_main</name>
         <value>0x33ed</value>
         <object_component_ref idref="oc-6a"/>
      </symbol>
      <symbol id="sm-55d">
         <name>atoi</name>
         <value>0x31a5</value>
         <object_component_ref idref="oc-1fd"/>
      </symbol>
      <symbol id="sm-582">
         <name>__TI_auto_init</name>
         <value>0x2e49</value>
         <object_component_ref idref="oc-64"/>
      </symbol>
      <symbol id="sm-59c">
         <name>copy_in</name>
         <value>0x31f1</value>
         <object_component_ref idref="oc-ad"/>
      </symbol>
      <symbol id="sm-5a7">
         <name>_ctypes_</name>
         <value>0x347e</value>
         <object_component_ref idref="oc-235"/>
      </symbol>
      <symbol id="sm-5b1">
         <name>__aeabi_d2iz</name>
         <value>0x323d</value>
         <object_component_ref idref="oc-1da"/>
      </symbol>
      <symbol id="sm-5bb">
         <name>__aeabi_idiv0</name>
         <value>0x2e47</value>
         <object_component_ref idref="oc-1bc"/>
      </symbol>
      <symbol id="sm-5ca">
         <name>ltoa</name>
         <value>0x3055</value>
         <object_component_ref idref="oc-1df"/>
      </symbol>
      <symbol id="sm-5da">
         <name>memccpy</name>
         <value>0x33d1</value>
         <object_component_ref idref="oc-1f7"/>
      </symbol>
      <symbol id="sm-5f5">
         <name>frexpl</name>
         <value>0x2f91</value>
         <object_component_ref idref="oc-1e5"/>
      </symbol>
      <symbol id="sm-5f6">
         <name>frexp</name>
         <value>0x2f91</value>
         <object_component_ref idref="oc-1e5"/>
      </symbol>
      <symbol id="sm-613">
         <name>scalbn</name>
         <value>0x2b29</value>
         <object_component_ref idref="oc-1eb"/>
      </symbol>
      <symbol id="sm-614">
         <name>scalbnl</name>
         <value>0x2b29</value>
         <object_component_ref idref="oc-1eb"/>
      </symbol>
      <symbol id="sm-615">
         <name>ldexpl</name>
         <value>0x2b29</value>
         <object_component_ref idref="oc-1eb"/>
      </symbol>
      <symbol id="sm-616">
         <name>ldexp</name>
         <value>0x2b29</value>
         <object_component_ref idref="oc-1eb"/>
      </symbol>
      <symbol id="sm-620">
         <name>_system_post_cinit</name>
         <value>0x33a3</value>
         <object_component_ref idref="oc-b3"/>
      </symbol>
      <symbol id="sm-630">
         <name>strchr</name>
         <value>0x3405</value>
         <object_component_ref idref="oc-1f1"/>
      </symbol>
      <symbol id="sm-63e">
         <name>strlen</name>
         <value>0x3445</value>
         <object_component_ref idref="oc-1cf"/>
      </symbol>
      <symbol id="sm-646">
         <name>errno</name>
         <value>0x2000042c</value>
         <object_component_ref idref="oc-22c"/>
      </symbol>
      <symbol id="sm-650">
         <name>copysign</name>
         <value>0x3431</value>
         <object_component_ref idref="oc-226"/>
      </symbol>
      <symbol id="sm-651">
         <name>copysignl</name>
         <value>0x3431</value>
         <object_component_ref idref="oc-226"/>
      </symbol>
      <symbol id="sm-652">
         <name>__TI_static_base__</name>
         <value>0x0</value>
      </symbol>
      <symbol id="sm-655">
         <name>SHT$$INIT_ARRAY$$Limit</name>
         <value>0x0</value>
      </symbol>
      <symbol id="sm-656">
         <name>SHT$$INIT_ARRAY$$Base</name>
         <value>0x0</value>
      </symbol>
      <symbol id="sm-657">
         <name>NMI_Handler</name>
         <value>0x3473</value>
      </symbol>
      <symbol id="sm-658">
         <name>HardFault_Handler</name>
         <value>0x3473</value>
      </symbol>
      <symbol id="sm-659">
         <name>MemManage_Handler</name>
         <value>0x3473</value>
      </symbol>
      <symbol id="sm-65a">
         <name>BusFault_Handler</name>
         <value>0x3473</value>
      </symbol>
      <symbol id="sm-65b">
         <name>UsageFault_Handler</name>
         <value>0x3473</value>
      </symbol>
      <symbol id="sm-65c">
         <name>SVC_Handler</name>
         <value>0x3473</value>
      </symbol>
      <symbol id="sm-65d">
         <name>DebugMon_Handler</name>
         <value>0x3473</value>
      </symbol>
      <symbol id="sm-65e">
         <name>PendSV_Handler</name>
         <value>0x3473</value>
      </symbol>
      <symbol id="sm-65f">
         <name>SysTick_Handler</name>
         <value>0x3473</value>
      </symbol>
      <symbol id="sm-660">
         <name>PSS_IRQHandler</name>
         <value>0x3473</value>
      </symbol>
      <symbol id="sm-661">
         <name>CS_IRQHandler</name>
         <value>0x3473</value>
      </symbol>
      <symbol id="sm-662">
         <name>PCM_IRQHandler</name>
         <value>0x3473</value>
      </symbol>
      <symbol id="sm-663">
         <name>WDT_A_IRQHandler</name>
         <value>0x3473</value>
      </symbol>
      <symbol id="sm-664">
         <name>FPU_IRQHandler</name>
         <value>0x3473</value>
      </symbol>
      <symbol id="sm-665">
         <name>FLCTL_IRQHandler</name>
         <value>0x3473</value>
      </symbol>
      <symbol id="sm-666">
         <name>COMP_E0_IRQHandler</name>
         <value>0x3473</value>
      </symbol>
      <symbol id="sm-667">
         <name>COMP_E1_IRQHandler</name>
         <value>0x3473</value>
      </symbol>
      <symbol id="sm-668">
         <name>TA0_0_IRQHandler</name>
         <value>0x3473</value>
      </symbol>
      <symbol id="sm-669">
         <name>TA0_N_IRQHandler</name>
         <value>0x3473</value>
      </symbol>
      <symbol id="sm-66a">
         <name>TA1_0_IRQHandler</name>
         <value>0x3473</value>
      </symbol>
      <symbol id="sm-66b">
         <name>TA1_N_IRQHandler</name>
         <value>0x3473</value>
      </symbol>
      <symbol id="sm-66c">
         <name>TA2_0_IRQHandler</name>
         <value>0x3473</value>
      </symbol>
      <symbol id="sm-66d">
         <name>TA2_N_IRQHandler</name>
         <value>0x3473</value>
      </symbol>
      <symbol id="sm-66e">
         <name>TA3_0_IRQHandler</name>
         <value>0x3473</value>
      </symbol>
      <symbol id="sm-66f">
         <name>TA3_N_IRQHandler</name>
         <value>0x3473</value>
      </symbol>
      <symbol id="sm-670">
         <name>EUSCIA0_IRQHandler</name>
         <value>0x3473</value>
      </symbol>
      <symbol id="sm-671">
         <name>EUSCIA1_IRQHandler</name>
         <value>0x3473</value>
      </symbol>
      <symbol id="sm-672">
         <name>EUSCIA2_IRQHandler</name>
         <value>0x3473</value>
      </symbol>
      <symbol id="sm-673">
         <name>EUSCIA3_IRQHandler</name>
         <value>0x3473</value>
      </symbol>
      <symbol id="sm-674">
         <name>EUSCIB0_IRQHandler</name>
         <value>0x3473</value>
      </symbol>
      <symbol id="sm-675">
         <name>EUSCIB1_IRQHandler</name>
         <value>0x3473</value>
      </symbol>
      <symbol id="sm-676">
         <name>EUSCIB2_IRQHandler</name>
         <value>0x3473</value>
      </symbol>
      <symbol id="sm-677">
         <name>EUSCIB3_IRQHandler</name>
         <value>0x3473</value>
      </symbol>
      <symbol id="sm-678">
         <name>ADC14_IRQHandler</name>
         <value>0x3473</value>
      </symbol>
      <symbol id="sm-679">
         <name>T32_INT1_IRQHandler</name>
         <value>0x3473</value>
      </symbol>
      <symbol id="sm-67a">
         <name>T32_INT2_IRQHandler</name>
         <value>0x3473</value>
      </symbol>
      <symbol id="sm-67b">
         <name>T32_INTC_IRQHandler</name>
         <value>0x3473</value>
      </symbol>
      <symbol id="sm-67c">
         <name>AES256_IRQHandler</name>
         <value>0x3473</value>
      </symbol>
      <symbol id="sm-67d">
         <name>RTC_C_IRQHandler</name>
         <value>0x3473</value>
      </symbol>
      <symbol id="sm-67e">
         <name>DMA_ERR_IRQHandler</name>
         <value>0x3473</value>
      </symbol>
      <symbol id="sm-67f">
         <name>DMA_INT3_IRQHandler</name>
         <value>0x3473</value>
      </symbol>
      <symbol id="sm-680">
         <name>DMA_INT2_IRQHandler</name>
         <value>0x3473</value>
      </symbol>
      <symbol id="sm-681">
         <name>DMA_INT1_IRQHandler</name>
         <value>0x3473</value>
      </symbol>
      <symbol id="sm-682">
         <name>DMA_INT0_IRQHandler</name>
         <value>0x3473</value>
      </symbol>
      <symbol id="sm-683">
         <name>PORT1_IRQHandler</name>
         <value>0x3473</value>
      </symbol>
      <symbol id="sm-684">
         <name>PORT2_IRQHandler</name>
         <value>0x3473</value>
      </symbol>
      <symbol id="sm-685">
         <name>PORT3_IRQHandler</name>
         <value>0x3473</value>
      </symbol>
      <symbol id="sm-686">
         <name>PORT4_IRQHandler</name>
         <value>0x3473</value>
      </symbol>
      <symbol id="sm-687">
         <name>PORT5_IRQHandler</name>
         <value>0x3473</value>
      </symbol>
      <symbol id="sm-688">
         <name>PORT6_IRQHandler</name>
         <value>0x3473</value>
      </symbol>
   </symbol_table>
   <title>Link successful</title>
</link_info>
