******************************************************************************
                  TI ARM Linker Unix v15.12.3                  
******************************************************************************
>> Linked Thu Oct 27 15:22:29 2016

OUTPUT FILE NAME:   <Lab-4.out>
ENTRY POINT SYMBOL: "_c_int00"  address: 000039a5


MEMORY CONFIGURATION

         name            origin    length      used     unused   attr    fill
----------------------  --------  ---------  --------  --------  ----  --------
  MAIN                  00000000   00040000  00003f5f  0003c0a1  R  X
  INFO                  00200000   00004000  00000000  00004000  R  X
  SRAM_CODE             01000000   00010000  000009cc  0000f634  RW X
  SRAM_DATA             20000000   00010000  000009cc  0000f634  RW  


SEGMENT ALLOCATION MAP

run origin  load origin   length   init length attrs members
----------  ----------- ---------- ----------- ----- -------
00000000    00000000    00003f64   00003f64    r-x
  00000000    00000000    000000e4   000000e4    r-- .intvecs
  000000e4    000000e4    00003cce   00003cce    r-x .text
  00003db2    00003db2    00000101   00000101    r-- .const
  00003eb8    00003eb8    000000ac   000000ac    r-- .cinit
20000000    20000000    000007cc   00000000    rw-
  20000000    20000000    00000400   00000000    rw- .sysmem
  20000400    20000400    00000204   00000000    rw- .data
  20000604    20000604    000001c8   00000000    rw- .bss
2000fe00    2000fe00    00000200   00000000    rw-
  2000fe00    2000fe00    00000200   00000000    rw- .stack


SECTION ALLOCATION MAP

 output                                  attributes/
section   page    origin      length       input sections
--------  ----  ----------  ----------   ----------------
.intvecs   0    00000000    000000e4     
                  00000000    000000e4     startup_msp432p401r_ccs.obj (.intvecs:retain)

.text      0    000000e4    00003cce     
                  000000e4    00001110     rtsv7M4_T_le_v4SPD16_eabi.lib : _printfi.obj (.text)
                  000011f4    000005fc     uart.obj (.text)
                  000017f0    000003dc     rtsv7M4_T_le_v4SPD16_eabi.lib : memory.obj (.text)
                  00001bcc    0000032c     system_msp432p401r.obj (.text)
                  00001ef8    00000324     rtsv7M4_T_le_v4SPD16_eabi.lib : trgdrv.obj (.text)
                  0000221c    0000030c                                   : lowlev.obj (.text)
                  00002528    000001f4                                   : ull_div_t2.obj (.text)
                  0000271c    000001c8     main.obj (.text)
                  000028e4    000001c4     rtsv7M4_T_le_v4SPD16_eabi.lib : fopen.obj (.text)
                  00002aa8    000001b6                                   : fd_add_t2.obj (.text)
                  00002c5e    00000136                                   : fd_div_t2.obj (.text)
                  00002d94    00000134                                   : fputs.obj (.text)
                  00002ec8    000000fc                                   : fd_mul_t2.obj (.text)
                  00002fc4    000000fc                                   : s_scalbn.obj (.text)
                  000030c0    000000dc                                   : setvbuf.obj (.text)
                  0000319c    000000c8                                   : fflush.obj (.text)
                  00003264    000000ac                                   : _io_perm.obj (.text)
                  00003310    0000009c                                   : memcpy_t2.obj (.text)
                  000033ac    00000098                                   : fclose.obj (.text)
                  00003444    00000098                                   : fputc.obj (.text)
                  000034dc    00000086                                   : fd_cmp_t2.obj (.text:__aeabi_cdcmple)
                  00003562    00000086                                   : fd_cmp_t2.obj (.text:__aeabi_cdrcmple)
                  000035e8    0000007a                                   : memset_t2.obj (.text)
                  00003662    00000002                                   : mpu_init.obj (.text)
                  00003664    00000070                                   : autoinit.obj (.text)
                  000036d4    00000070                                   : printf.obj (.text)
                  00003744    0000006e                                   : fd_tos_t2.obj (.text)
                  000037b2    0000006a                                   : copy_decompress_rle.obj (.text)
                  0000381c    00000068                                   : trgmsg.obj (.text)
                  00003884    00000064                                   : fseek.obj (.text)
                  000038e8    00000064                                   : s_frexp.obj (.text)
                  0000394c    00000056                                   : ltoa.obj (.text)
                  000039a2    00000002                                   : startup.obj (.text)
                  000039a4    00000054                                   : boot.obj (.text)
                  000039f8    00000054                                   : exit.obj (.text)
                  00003a4c    00000050     main.obj (.text:vToC)
                  00003a9c    0000004c     rtsv7M4_T_le_v4SPD16_eabi.lib : atoi.obj (.text)
                  00003ae8    0000004c                                   : cpy_tbl.obj (.text)
                  00003b34    00000048                                   : fd_toi_t2.obj (.text)
                  00003b7c    0000003c     uart.obj (.text:sendByteUART)
                  00003bb8    0000003c     main.obj (.text:vToF)
                  00003bf4    00000038     rtsv7M4_T_le_v4SPD16_eabi.lib : fs_tod_t2.obj (.text)
                  00003c2c    00000030                                   : strncpy.obj (.text)
                  00003c5c    0000002e                                   : i_tofd_t2.obj (.text)
                  00003c8a    00000002     --HOLE-- [fill = 0]
                  00003c8c    0000002c     main.obj (.text:vToK)
                  00003cb8    00000020     rtsv7M4_T_le_v4SPD16_eabi.lib : memchr.obj (.text)
                  00003cd8    0000001c                                   : memccpy.obj (.text)
                  00003cf4    00000018                                   : args_main.obj (.text)
                  00003d0c    00000018                                   : strcmp.obj (.text)
                  00003d24    00000016                                   : strchr.obj (.text)
                  00003d3a    00000002     --HOLE-- [fill = 0]
                  00003d3c    00000014                                   : _lock.obj (.text)
                  00003d50    00000014                                   : s_copysign.obj (.text)
                  00003d64    00000014                                   : strcpy.obj (.text)
                  00003d78    00000014                                   : strlen.obj (.text)
                  00003d8c    0000000e                                   : copy_decompress_none.obj (.text:decompress:none)
                  00003d9a    0000000e     startup_msp432p401r_ccs.obj (.text)
                  00003da8    00000006     rtsv7M4_T_le_v4SPD16_eabi.lib : copy_decompress_rle.obj (.text:decompress:rle24)
                  00003dae    00000004                                   : pre_init.obj (.text)

.const     0    00003db2    00000101     
                  00003db2    00000101     rtsv7M4_T_le_v4SPD16_eabi.lib : ctype.obj (.const:.string:_ctypes_)

.cinit     0    00003eb8    000000ac     
                  00003eb8    00000083     (.cinit..data.load) [load image, compression = rle]
                  00003f3b    00000005     --HOLE-- [fill = 0]
                  00003f40    0000000b     (.cinit..bss.load) [load image, compression = rle]
                  00003f4b    00000001     --HOLE-- [fill = 0]
                  00003f4c    00000008     (__TI_handler_table)
                  00003f54    00000010     (__TI_cinit_table)

.init_array 
*          0    00000000    00000000     UNINITIALIZED

.binit     0    00000000    00000000     

.sysmem    0    20000000    00000400     UNINITIALIZED
                  20000000    00000008     rtsv7M4_T_le_v4SPD16_eabi.lib : memory.obj (.sysmem)
                  20000008    000003f8     --HOLE--

.data      0    20000400    00000204     UNINITIALIZED
                  20000400    000000f0     rtsv7M4_T_le_v4SPD16_eabi.lib : defs.obj (.data:_ftable)
                  200004f0    000000d0                                   : lowlev.obj (.data:$O1$$)
                  200005c0    00000010                                   : defs.obj (.data)
                  200005d0    0000000c                                   : exit.obj (.data:$O1$$)
                  200005dc    0000000c                                   : memory.obj (.data:$O1$$)
                  200005e8    00000008                                   : _lock.obj (.data:$O1$$)
                  200005f0    00000004                                   : errno.obj (.data)
                  200005f4    00000004                                   : fopen.obj (.data)
                  200005f8    00000004                                   : stkdepth_vars.obj (.data)
                  200005fc    00000004     system_msp432p401r.obj (.data)
                  20000600    00000004     uart.obj (.data)

.bss       0    20000604    000001c8     UNINITIALIZED
                  20000604    00000120     rtsv7M4_T_le_v4SPD16_eabi.lib : trgmsg.obj (.bss:_CIOBUF_)
                  20000724    000000a0     (.common:__TI_tmpnams)
                  200007c4    00000008                                   : trgdrv.obj (.bss:parmbuf)

.stack     0    2000fe00    00000200     UNINITIALIZED
                  2000fe00    00000200     --HOLE--

MODULE SUMMARY

       Module                        code    ro data   rw data
       ------                        ----    -------   -------
    ./
       system_msp432p401r.obj        812     0         8      
       main.obj                      640     0         0      
       startup_msp432p401r_ccs.obj   14      228       0      
    +--+-----------------------------+-------+---------+---------+
       Total:                        1466    228       8      
                                                              
    ./Libs/
       uart.obj                      1592    0         8      
    +--+-----------------------------+-------+---------+---------+
       Total:                        1592    0         8      
                                                              
    /home/albert/ti/ccsv6/tools/compiler/arm_15.12.3.LTS/lib/rtsv7M4_T_le_v4SPD16_eabi.lib
       _printfi.obj                  4368    0         0      
       lowlev.obj                    780     0         416    
       memory.obj                    988     0         24     
       defs.obj                      0       0         832    
       trgdrv.obj                    804     0         16     
       trgmsg.obj                    104     0         576    
       ull_div_t2.obj                500     0         0      
       fopen.obj                     452     0         8      
       fd_add_t2.obj                 438     0         0      
       fd_div_t2.obj                 310     0         0      
       fputs.obj                     308     0         0      
       fd_cmp_t2.obj                 268     0         0      
       ctype.obj                     0       257       0      
       fd_mul_t2.obj                 252     0         0      
       s_scalbn.obj                  252     0         0      
       setvbuf.obj                   220     0         0      
       fflush.obj                    200     0         0      
       _io_perm.obj                  172     0         0      
       memcpy_t2.obj                 156     0         0      
       fclose.obj                    152     0         0      
       fputc.obj                     152     0         0      
       memset_t2.obj                 122     0         0      
       autoinit.obj                  112     0         0      
       copy_decompress_rle.obj       112     0         0      
       printf.obj                    112     0         0      
       fd_tos_t2.obj                 110     0         0      
       exit.obj                      84      0         24     
       fseek.obj                     100     0         0      
       s_frexp.obj                   100     0         0      
       ltoa.obj                      86      0         0      
       boot.obj                      84      0         0      
       atoi.obj                      76      0         0      
       cpy_tbl.obj                   76      0         0      
       fd_toi_t2.obj                 72      0         0      
       fs_tod_t2.obj                 56      0         0      
       strncpy.obj                   48      0         0      
       i_tofd_t2.obj                 46      0         0      
       _lock.obj                     20      0         16     
       memchr.obj                    32      0         0      
       memccpy.obj                   28      0         0      
       args_main.obj                 24      0         0      
       strcmp.obj                    24      0         0      
       strchr.obj                    22      0         0      
       s_copysign.obj                20      0         0      
       strcpy.obj                    20      0         0      
       strlen.obj                    20      0         0      
       copy_decompress_none.obj      14      0         0      
       errno.obj                     0       0         8      
       stkdepth_vars.obj             0       0         8      
       pre_init.obj                  4       0         0      
       mpu_init.obj                  2       0         0      
       startup.obj                   2       0         0      
    +--+-----------------------------+-------+---------+---------+
       Total:                        12504   257       1928   
                                                              
       Heap:                         0       0         2048   
       Stack:                        0       0         1024   
       Linker Generated:             0       166       0      
    +--+-----------------------------+-------+---------+---------+
       Grand Total:                  15562   651       5016   


LINKER GENERATED COPY TABLES

__TI_cinit_table @ 00003f54 records: 2, size/record: 8, table size: 16
	.data: load addr=00003eb8, load size=00000083 bytes, run addr=20000400, run size=00000204 bytes, compression=rle
	.bss: load addr=00003f40, load size=0000000b bytes, run addr=20000604, run size=000001c8 bytes, compression=rle


LINKER GENERATED HANDLER TABLE

__TI_handler_table @ 00003f4c records: 2, size/record: 4, table size: 8
	index: 0, handler: __TI_decompress_rle24
	index: 1, handler: __TI_decompress_none


GLOBAL SYMBOLS: SORTED ALPHABETICALLY BY Name 

address   name                           
-------   ----                           
00003da7  ADC14_IRQHandler               
00003da7  AES256_IRQHandler              
00003da7  BusFault_Handler               
000039f9  C$$EXIT                        
0000384b  C$$IO$$                        
00003da7  COMP_E0_IRQHandler             
00003da7  COMP_E1_IRQHandler             
00003da7  CS_IRQHandler                  
00003da7  DMA_ERR_IRQHandler             
00003da7  DMA_INT0_IRQHandler            
00003da7  DMA_INT1_IRQHandler            
00003da7  DMA_INT2_IRQHandler            
00003da7  DMA_INT3_IRQHandler            
00003da7  DebugMon_Handler               
00003da7  Default_Handler                
00003da7  EUSCIA0_IRQHandler             
00003da7  EUSCIA1_IRQHandler             
00003da7  EUSCIA2_IRQHandler             
00003da7  EUSCIA3_IRQHandler             
00003da7  EUSCIB0_IRQHandler             
00003da7  EUSCIB1_IRQHandler             
00003da7  EUSCIB2_IRQHandler             
00003da7  EUSCIB3_IRQHandler             
00003da7  FLCTL_IRQHandler               
00003da7  FPU_IRQHandler                 
000021cf  HOSTclock                      
00002197  HOSTclose                      
00002159  HOSTgetenv                     
000020fd  HOSTlseek                      
000020ab  HOSTopen                       
0000205f  HOSTread                       
00002001  HOSTrename                     
00001fc7  HOSTtime                       
00001f7d  HOSTtime64                     
00001f45  HOSTunlink                     
00001ef9  HOSTwrite                      
00003da7  HardFault_Handler              
00003da7  MemManage_Handler              
00003da7  NMI_Handler                    
00003da7  PCM_IRQHandler                 
00003da7  PORT1_IRQHandler               
00003da7  PORT2_IRQHandler               
00003da7  PORT3_IRQHandler               
00003da7  PORT4_IRQHandler               
00003da7  PORT5_IRQHandler               
00003da7  PORT6_IRQHandler               
00003da7  PSS_IRQHandler                 
00003da7  PendSV_Handler                 
00003da7  RTC_C_IRQHandler               
00003d9b  Reset_Handler                  
UNDEFED   SHT$$INIT_ARRAY$$Base          
UNDEFED   SHT$$INIT_ARRAY$$Limit         
00003da7  SVC_Handler                    
00003da7  SysTick_Handler                
200005fc  SystemCoreClock                
00001bcd  SystemCoreClockUpdate          
00001e41  SystemInit                     
00003da7  T32_INT1_IRQHandler            
00003da7  T32_INT2_IRQHandler            
00003da7  T32_INTC_IRQHandler            
00003da7  TA0_0_IRQHandler               
00003da7  TA0_N_IRQHandler               
00003da7  TA1_0_IRQHandler               
00003da7  TA1_N_IRQHandler               
00003da7  TA2_0_IRQHandler               
00003da7  TA2_N_IRQHandler               
00003da7  TA3_0_IRQHandler               
00003da7  TA3_N_IRQHandler               
00003da7  UsageFault_Handler             
4000480c  WDTCTL_SYM                     
00003da7  WDT_A_IRQHandler               
20000604  __CIOBUF_                      
20010000  __STACK_END                    
00000200  __STACK_SIZE                   
00000400  __SYSMEM_SIZE                  
00003f54  __TI_CINIT_Base                
00003f64  __TI_CINIT_Limit               
00003f4c  __TI_Handler_Table_Base        
00003f54  __TI_Handler_Table_Limit       
00003665  __TI_auto_init                 
000029ad  __TI_cleanup                   
200005d0  __TI_cleanup_ptr               
000033ad  __TI_closefile                 
00003d8d  __TI_decompress_none           
00003da9  __TI_decompress_rle24          
0000319d  __TI_doflush                   
200005d4  __TI_dtors_ptr                 
200005d8  __TI_enable_exit_profile_output
200005c0  __TI_ft_end                    
ffffffff  __TI_pprof_out_hndl            
00000eef  __TI_printfi                   
ffffffff  __TI_prof_data_size            
ffffffff  __TI_prof_data_start           
000032c7  __TI_rd_ok                     
0000384f  __TI_readmsg                   
00000000  __TI_static_base__             
20000724  __TI_tmpnams                   
0000381d  __TI_writemsg                  
00003265  __TI_wrt_ok                    
000034dd  __aeabi_cdcmpeq                
000034dd  __aeabi_cdcmple                
00003563  __aeabi_cdrcmple               
00003745  __aeabi_d2f                    
00003b35  __aeabi_d2iz                   
00002ab3  __aeabi_dadd                   
00002c5f  __aeabi_ddiv                   
00002ec9  __aeabi_dmul                   
00002aa9  __aeabi_dsub                   
00003bf5  __aeabi_f2d                    
00003c5d  __aeabi_i2d                    
000035e9  __aeabi_memclr                 
000035e9  __aeabi_memclr4                
000035e9  __aeabi_memclr8                
00003311  __aeabi_memcpy                 
00003311  __aeabi_memcpy4                
00003311  __aeabi_memcpy8                
000035eb  __aeabi_memset                 
000035eb  __aeabi_memset4                
000035eb  __aeabi_memset8                
200005cc  __aeabi_stderr                 
200005c4  __aeabi_stdin                  
200005c8  __aeabi_stdout                 
00002529  __aeabi_uldivmod               
ffffffff  __binit__                      
ffffffff  __c_args__                     
00003663  __mpu_init                     
2000fe00  __stack                        
00003cf5  _args_main                     
000039a5  _c_int00                       
00003db2  _ctypes_                       
20000400  _ftable                        
200005e8  _lock                          
00003d4b  _nop                           
00003d43  _register_lock                 
00003d3d  _register_unlock               
20000000  _sys_memory                    
000039a3  _system_post_cinit             
00003daf  _system_pre_init               
200005ec  _unlock                        
000039fd  abort                          
0000247d  add_device                     
00003a9d  atoi                           
ffffffff  binit                          
00001b99  calloc                         
0000242d  close                          
00002811  configure_ADC                  
00003ae9  copy_in                        
00003d51  copysign                       
00003d51  copysignl                      
000011f7  eUSCIA0Handler                 
00001205  enableUART                     
0000168d  enableUARTInterrupts           
200005f0  errno                          
00003a05  exit                           
00003413  fclose                         
000031e9  fflush                         
00002a03  fopen                          
00003445  fputc                          
00002d95  fputs                          
000018e7  free                           
000029d9  freopen                        
000038e9  frexp                          
000038e9  frexpl                         
00003885  fseek                          
00000000  interruptVectors               
00002fc5  ldexp                          
00002fc5  ldexpl                         
00002409  lseek                          
0000394d  ltoa                           
00002767  main                           
200005f8  main_func_sp                   
0000187f  malloc                         
00001ab5  memalign                       
00003cd9  memccpy                        
00003cb9  memchr                         
00003311  memcpy                         
000035f1  memset                         
000017f1  minit                          
0000235b  open                           
000036dd  printf                         
00003445  putc                           
000034c9  putchar                        
00002ea1  puts                           
00002337  read                           
000019a9  realloc                        
000022ad  remove                         
0000230f  remove_device                  
000022d1  rename                         
00002fc5  scalbn                         
00002fc5  scalbnl                        
00003b7d  sendByteUART                   
000016d9  sendBytesUART                  
00001735  sendNewlineUART                
00001719  sendStringUART                 
000030c1  setvbuf                        
00003d25  strchr                         
00003d0d  strcmp                         
00003d65  strcpy                         
00003d79  strlen                         
00003c2d  strncpy                        
00002741  test                           
000022ad  unlink                         
00003a4d  vToC                           
00003bb9  vToF                           
00003c8d  vToK                           
0000221d  write                          


GLOBAL SYMBOLS: SORTED BY Symbol Address 

address   name                           
-------   ----                           
00000000  __TI_static_base__             
00000000  interruptVectors               
00000200  __STACK_SIZE                   
00000400  __SYSMEM_SIZE                  
00000eef  __TI_printfi                   
000011f7  eUSCIA0Handler                 
00001205  enableUART                     
0000168d  enableUARTInterrupts           
000016d9  sendBytesUART                  
00001719  sendStringUART                 
00001735  sendNewlineUART                
000017f1  minit                          
0000187f  malloc                         
000018e7  free                           
000019a9  realloc                        
00001ab5  memalign                       
00001b99  calloc                         
00001bcd  SystemCoreClockUpdate          
00001e41  SystemInit                     
00001ef9  HOSTwrite                      
00001f45  HOSTunlink                     
00001f7d  HOSTtime64                     
00001fc7  HOSTtime                       
00002001  HOSTrename                     
0000205f  HOSTread                       
000020ab  HOSTopen                       
000020fd  HOSTlseek                      
00002159  HOSTgetenv                     
00002197  HOSTclose                      
000021cf  HOSTclock                      
0000221d  write                          
000022ad  remove                         
000022ad  unlink                         
000022d1  rename                         
0000230f  remove_device                  
00002337  read                           
0000235b  open                           
00002409  lseek                          
0000242d  close                          
0000247d  add_device                     
00002529  __aeabi_uldivmod               
00002741  test                           
00002767  main                           
00002811  configure_ADC                  
000029ad  __TI_cleanup                   
000029d9  freopen                        
00002a03  fopen                          
00002aa9  __aeabi_dsub                   
00002ab3  __aeabi_dadd                   
00002c5f  __aeabi_ddiv                   
00002d95  fputs                          
00002ea1  puts                           
00002ec9  __aeabi_dmul                   
00002fc5  ldexp                          
00002fc5  ldexpl                         
00002fc5  scalbn                         
00002fc5  scalbnl                        
000030c1  setvbuf                        
0000319d  __TI_doflush                   
000031e9  fflush                         
00003265  __TI_wrt_ok                    
000032c7  __TI_rd_ok                     
00003311  __aeabi_memcpy                 
00003311  __aeabi_memcpy4                
00003311  __aeabi_memcpy8                
00003311  memcpy                         
000033ad  __TI_closefile                 
00003413  fclose                         
00003445  fputc                          
00003445  putc                           
000034c9  putchar                        
000034dd  __aeabi_cdcmpeq                
000034dd  __aeabi_cdcmple                
00003563  __aeabi_cdrcmple               
000035e9  __aeabi_memclr                 
000035e9  __aeabi_memclr4                
000035e9  __aeabi_memclr8                
000035eb  __aeabi_memset                 
000035eb  __aeabi_memset4                
000035eb  __aeabi_memset8                
000035f1  memset                         
00003663  __mpu_init                     
00003665  __TI_auto_init                 
000036dd  printf                         
00003745  __aeabi_d2f                    
0000381d  __TI_writemsg                  
0000384b  C$$IO$$                        
0000384f  __TI_readmsg                   
00003885  fseek                          
000038e9  frexp                          
000038e9  frexpl                         
0000394d  ltoa                           
000039a3  _system_post_cinit             
000039a5  _c_int00                       
000039f9  C$$EXIT                        
000039fd  abort                          
00003a05  exit                           
00003a4d  vToC                           
00003a9d  atoi                           
00003ae9  copy_in                        
00003b35  __aeabi_d2iz                   
00003b7d  sendByteUART                   
00003bb9  vToF                           
00003bf5  __aeabi_f2d                    
00003c2d  strncpy                        
00003c5d  __aeabi_i2d                    
00003c8d  vToK                           
00003cb9  memchr                         
00003cd9  memccpy                        
00003cf5  _args_main                     
00003d0d  strcmp                         
00003d25  strchr                         
00003d3d  _register_unlock               
00003d43  _register_lock                 
00003d4b  _nop                           
00003d51  copysign                       
00003d51  copysignl                      
00003d65  strcpy                         
00003d79  strlen                         
00003d8d  __TI_decompress_none           
00003d9b  Reset_Handler                  
00003da7  ADC14_IRQHandler               
00003da7  AES256_IRQHandler              
00003da7  BusFault_Handler               
00003da7  COMP_E0_IRQHandler             
00003da7  COMP_E1_IRQHandler             
00003da7  CS_IRQHandler                  
00003da7  DMA_ERR_IRQHandler             
00003da7  DMA_INT0_IRQHandler            
00003da7  DMA_INT1_IRQHandler            
00003da7  DMA_INT2_IRQHandler            
00003da7  DMA_INT3_IRQHandler            
00003da7  DebugMon_Handler               
00003da7  Default_Handler                
00003da7  EUSCIA0_IRQHandler             
00003da7  EUSCIA1_IRQHandler             
00003da7  EUSCIA2_IRQHandler             
00003da7  EUSCIA3_IRQHandler             
00003da7  EUSCIB0_IRQHandler             
00003da7  EUSCIB1_IRQHandler             
00003da7  EUSCIB2_IRQHandler             
00003da7  EUSCIB3_IRQHandler             
00003da7  FLCTL_IRQHandler               
00003da7  FPU_IRQHandler                 
00003da7  HardFault_Handler              
00003da7  MemManage_Handler              
00003da7  NMI_Handler                    
00003da7  PCM_IRQHandler                 
00003da7  PORT1_IRQHandler               
00003da7  PORT2_IRQHandler               
00003da7  PORT3_IRQHandler               
00003da7  PORT4_IRQHandler               
00003da7  PORT5_IRQHandler               
00003da7  PORT6_IRQHandler               
00003da7  PSS_IRQHandler                 
00003da7  PendSV_Handler                 
00003da7  RTC_C_IRQHandler               
00003da7  SVC_Handler                    
00003da7  SysTick_Handler                
00003da7  T32_INT1_IRQHandler            
00003da7  T32_INT2_IRQHandler            
00003da7  T32_INTC_IRQHandler            
00003da7  TA0_0_IRQHandler               
00003da7  TA0_N_IRQHandler               
00003da7  TA1_0_IRQHandler               
00003da7  TA1_N_IRQHandler               
00003da7  TA2_0_IRQHandler               
00003da7  TA2_N_IRQHandler               
00003da7  TA3_0_IRQHandler               
00003da7  TA3_N_IRQHandler               
00003da7  UsageFault_Handler             
00003da7  WDT_A_IRQHandler               
00003da9  __TI_decompress_rle24          
00003daf  _system_pre_init               
00003db2  _ctypes_                       
00003f4c  __TI_Handler_Table_Base        
00003f54  __TI_CINIT_Base                
00003f54  __TI_Handler_Table_Limit       
00003f64  __TI_CINIT_Limit               
20000000  _sys_memory                    
20000400  _ftable                        
200005c0  __TI_ft_end                    
200005c4  __aeabi_stdin                  
200005c8  __aeabi_stdout                 
200005cc  __aeabi_stderr                 
200005d0  __TI_cleanup_ptr               
200005d4  __TI_dtors_ptr                 
200005d8  __TI_enable_exit_profile_output
200005e8  _lock                          
200005ec  _unlock                        
200005f0  errno                          
200005f8  main_func_sp                   
200005fc  SystemCoreClock                
20000604  __CIOBUF_                      
20000724  __TI_tmpnams                   
2000fe00  __stack                        
20010000  __STACK_END                    
4000480c  WDTCTL_SYM                     
ffffffff  __TI_pprof_out_hndl            
ffffffff  __TI_prof_data_size            
ffffffff  __TI_prof_data_start           
ffffffff  __binit__                      
ffffffff  __c_args__                     
ffffffff  binit                          
UNDEFED   SHT$$INIT_ARRAY$$Base          
UNDEFED   SHT$$INIT_ARRAY$$Limit         

[206 symbols]
