******************************************************************************
                  TI ARM Linker Unix v15.12.3                  
******************************************************************************
>> Linked Fri Oct 21 14:51:55 2016

OUTPUT FILE NAME:   <Lab-4.out>
ENTRY POINT SYMBOL: "_c_int00"  address: 00000ee5


MEMORY CONFIGURATION

         name            origin    length      used     unused   attr    fill
----------------------  --------  ---------  --------  --------  ----  --------
  MAIN                  00000000   00040000  00001100  0003ef00  R  X
  INFO                  00200000   00004000  00000000  00004000  R  X
  SRAM_CODE             01000000   00010000  00000220  0000fde0  RW X
  SRAM_DATA             20000000   00010000  00000220  0000fde0  RW  


SEGMENT ALLOCATION MAP

run origin  load origin   length   init length attrs members
----------  ----------- ---------- ----------- ----- -------
00000000    00000000    00001100   00001100    r-x
  00000000    00000000    000000e4   000000e4    r-- .intvecs
  000000e4    000000e4    00000fec   00000fec    r-x .text
  000010d0    000010d0    00000030   00000030    r-- .cinit
20000000    20000000    00000020   00000000    rw-
  20000000    20000000    00000020   00000000    rw- .data
2000fe00    2000fe00    00000200   00000000    rw-
  2000fe00    2000fe00    00000200   00000000    rw- .stack


SECTION ALLOCATION MAP

 output                                  attributes/
section   page    origin      length       input sections
--------  ----  ----------  ----------   ----------------
.intvecs   0    00000000    000000e4     
                  00000000    000000e4     startup_msp432p401r_ccs.obj (.intvecs:retain)

.text      0    000000e4    00000fec     
                  000000e4    000005fc     uart.obj (.text)
                  000006e0    0000032c     system_msp432p401r.obj (.text)
                  00000a0c    000000fc     rtsv7M4_T_le_v4SPD16_eabi.lib : fd_mul_t2.obj (.text)
                  00000b08    000000f8     main.obj (.text)
                  00000c00    0000009c     rtsv7M4_T_le_v4SPD16_eabi.lib : memcpy_t2.obj (.text)
                  00000c9c    00000086                                   : fd_cmp_t2.obj (.text:__aeabi_cdrcmple)
                  00000d22    0000007a                                   : memset_t2.obj (.text)
                  00000d9c    00000070                                   : autoinit.obj (.text)
                  00000e0c    0000006e                                   : fd_tos_t2.obj (.text)
                  00000e7a    0000006a                                   : copy_decompress_rle.obj (.text)
                  00000ee4    00000054                                   : boot.obj (.text)
                  00000f38    00000054                                   : exit.obj (.text)
                  00000f8c    0000004c                                   : cpy_tbl.obj (.text)
                  00000fd8    0000003c     uart.obj (.text:sendByteUART)
                  00001014    00000038     rtsv7M4_T_le_v4SPD16_eabi.lib : fs_tod_t2.obj (.text)
                  0000104c    0000002e                                   : i_tofd_t2.obj (.text)
                  0000107a    00000002                                   : mpu_init.obj (.text)
                  0000107c    00000018                                   : args_main.obj (.text)
                  00001094    00000014                                   : _lock.obj (.text)
                  000010a8    0000000e                                   : copy_decompress_none.obj (.text:decompress:none)
                  000010b6    0000000e     startup_msp432p401r_ccs.obj (.text)
                  000010c4    00000006     rtsv7M4_T_le_v4SPD16_eabi.lib : copy_decompress_rle.obj (.text:decompress:rle24)
                  000010ca    00000004                                   : pre_init.obj (.text)
                  000010ce    00000002                                   : startup.obj (.text)

.cinit     0    000010d0    00000030     
                  000010d0    0000001e     (.cinit..data.load) [load image, compression = rle]
                  000010ee    00000002     --HOLE-- [fill = 0]
                  000010f0    00000008     (__TI_handler_table)
                  000010f8    00000008     (__TI_cinit_table)

.init_array 
*          0    00000000    00000000     UNINITIALIZED

.binit     0    00000000    00000000     

.data      0    20000000    00000020     UNINITIALIZED
                  20000000    0000000c     rtsv7M4_T_le_v4SPD16_eabi.lib : exit.obj (.data:$O1$$)
                  2000000c    00000008                                   : _lock.obj (.data:$O1$$)
                  20000014    00000004                                   : stkdepth_vars.obj (.data)
                  20000018    00000004     system_msp432p401r.obj (.data)
                  2000001c    00000004     uart.obj (.data)

.stack     0    2000fe00    00000200     UNINITIALIZED
                  2000fe00    00000200     --HOLE--

MODULE SUMMARY

       Module                        code   ro data   rw data
       ------                        ----   -------   -------
    ./
       uart.obj                      1592   0         8      
       system_msp432p401r.obj        812    0         8      
       main.obj                      248    0         0      
       startup_msp432p401r_ccs.obj   14     228       0      
    +--+-----------------------------+------+---------+---------+
       Total:                        2666   228       16     
                                                             
    /home/albert/ti/ccsv6/tools/compiler/arm_15.12.3.LTS/lib/rtsv7M4_T_le_v4SPD16_eabi.lib
       fd_mul_t2.obj                 252    0         0      
       memcpy_t2.obj                 156    0         0      
       fd_cmp_t2.obj                 134    0         0      
       memset_t2.obj                 122    0         0      
       autoinit.obj                  112    0         0      
       copy_decompress_rle.obj       112    0         0      
       fd_tos_t2.obj                 110    0         0      
       exit.obj                      84     0         24     
       boot.obj                      84     0         0      
       cpy_tbl.obj                   76     0         0      
       fs_tod_t2.obj                 56     0         0      
       i_tofd_t2.obj                 46     0         0      
       _lock.obj                     20     0         16     
       args_main.obj                 24     0         0      
       copy_decompress_none.obj      14     0         0      
       stkdepth_vars.obj             0      0         8      
       pre_init.obj                  4      0         0      
       mpu_init.obj                  2      0         0      
       startup.obj                   2      0         0      
    +--+-----------------------------+------+---------+---------+
       Total:                        1410   0         48     
                                                             
       Stack:                        0      0         1024   
       Linker Generated:             0      46        0      
    +--+-----------------------------+------+---------+---------+
       Grand Total:                  4076   274       1088   


LINKER GENERATED COPY TABLES

__TI_cinit_table @ 000010f8 records: 1, size/record: 8, table size: 8
	.data: load addr=000010d0, load size=0000001e bytes, run addr=20000000, run size=00000020 bytes, compression=rle


LINKER GENERATED HANDLER TABLE

__TI_handler_table @ 000010f0 records: 2, size/record: 4, table size: 8
	index: 0, handler: __TI_decompress_rle24
	index: 1, handler: __TI_decompress_none


GLOBAL SYMBOLS: SORTED ALPHABETICALLY BY Name 

address   name                           
-------   ----                           
000010c3  ADC14_IRQHandler               
000010c3  AES256_IRQHandler              
000010c3  BusFault_Handler               
00000f39  C$$EXIT                        
000010c3  COMP_E0_IRQHandler             
000010c3  COMP_E1_IRQHandler             
000010c3  CS_IRQHandler                  
000010c3  DMA_ERR_IRQHandler             
000010c3  DMA_INT0_IRQHandler            
000010c3  DMA_INT1_IRQHandler            
000010c3  DMA_INT2_IRQHandler            
000010c3  DMA_INT3_IRQHandler            
000010c3  DebugMon_Handler               
000010c3  Default_Handler                
000010c3  EUSCIA0_IRQHandler             
000010c3  EUSCIA1_IRQHandler             
000010c3  EUSCIA2_IRQHandler             
000010c3  EUSCIA3_IRQHandler             
000010c3  EUSCIB0_IRQHandler             
000010c3  EUSCIB1_IRQHandler             
000010c3  EUSCIB2_IRQHandler             
000010c3  EUSCIB3_IRQHandler             
000010c3  FLCTL_IRQHandler               
000010c3  FPU_IRQHandler                 
000010c3  HardFault_Handler              
000010c3  MemManage_Handler              
000010c3  NMI_Handler                    
000010c3  PCM_IRQHandler                 
000010c3  PORT1_IRQHandler               
000010c3  PORT2_IRQHandler               
000010c3  PORT3_IRQHandler               
000010c3  PORT4_IRQHandler               
000010c3  PORT5_IRQHandler               
000010c3  PORT6_IRQHandler               
000010c3  PSS_IRQHandler                 
000010c3  PendSV_Handler                 
000010c3  RTC_C_IRQHandler               
000010b7  Reset_Handler                  
UNDEFED   SHT$$INIT_ARRAY$$Base          
UNDEFED   SHT$$INIT_ARRAY$$Limit         
000010c3  SVC_Handler                    
000010c3  SysTick_Handler                
20000018  SystemCoreClock                
000006e1  SystemCoreClockUpdate          
00000955  SystemInit                     
000010c3  T32_INT1_IRQHandler            
000010c3  T32_INT2_IRQHandler            
000010c3  T32_INTC_IRQHandler            
000010c3  TA0_0_IRQHandler               
000010c3  TA0_N_IRQHandler               
000010c3  TA1_0_IRQHandler               
000010c3  TA1_N_IRQHandler               
000010c3  TA2_0_IRQHandler               
000010c3  TA2_N_IRQHandler               
000010c3  TA3_0_IRQHandler               
000010c3  TA3_N_IRQHandler               
000010c3  UsageFault_Handler             
4000480c  WDTCTL_SYM                     
000010c3  WDT_A_IRQHandler               
20010000  __STACK_END                    
00000200  __STACK_SIZE                   
000010f8  __TI_CINIT_Base                
00001100  __TI_CINIT_Limit               
000010f0  __TI_Handler_Table_Base        
000010f8  __TI_Handler_Table_Limit       
00000d9d  __TI_auto_init                 
20000000  __TI_cleanup_ptr               
000010a9  __TI_decompress_none           
000010c5  __TI_decompress_rle24          
20000004  __TI_dtors_ptr                 
20000008  __TI_enable_exit_profile_output
ffffffff  __TI_pprof_out_hndl            
ffffffff  __TI_prof_data_size            
ffffffff  __TI_prof_data_start           
00000000  __TI_static_base__             
00000c9d  __aeabi_cdrcmple               
00000e0d  __aeabi_d2f                    
00000a0d  __aeabi_dmul                   
00001015  __aeabi_f2d                    
0000104d  __aeabi_i2d                    
00000d23  __aeabi_memclr                 
00000d23  __aeabi_memclr4                
00000d23  __aeabi_memclr8                
00000c01  __aeabi_memcpy                 
00000c01  __aeabi_memcpy4                
00000c01  __aeabi_memcpy8                
00000d25  __aeabi_memset                 
00000d25  __aeabi_memset4                
00000d25  __aeabi_memset8                
ffffffff  __binit__                      
ffffffff  __c_args__                     
0000107b  __mpu_init                     
2000fe00  __stack                        
0000107d  _args_main                     
00000ee5  _c_int00                       
2000000c  _lock                          
000010a3  _nop                           
0000109b  _register_lock                 
00001095  _register_unlock               
000010cf  _system_post_cinit             
000010cb  _system_pre_init               
20000010  _unlock                        
00000f3d  abort                          
ffffffff  binit                          
2000001c  callback                       
00000b77  configure_ADC                  
00000f8d  copy_in                        
000000e7  eUSCIA0Handler                 
000000f5  enableUART                     
0000057d  enableUARTInterrupts           
00000f45  exit                           
00000000  interruptVectors               
00000b53  main                           
20000014  main_func_sp                   
00000c01  memcpy                         
00000d2b  memset                         
00000fd9  sendByteUART                   
000005c9  sendBytesUART                  
00000625  sendNewlineUART                
00000609  sendStringUART                 
00000b2d  test                           


GLOBAL SYMBOLS: SORTED BY Symbol Address 

address   name                           
-------   ----                           
00000000  __TI_static_base__             
00000000  interruptVectors               
000000e7  eUSCIA0Handler                 
000000f5  enableUART                     
00000200  __STACK_SIZE                   
0000057d  enableUARTInterrupts           
000005c9  sendBytesUART                  
00000609  sendStringUART                 
00000625  sendNewlineUART                
000006e1  SystemCoreClockUpdate          
00000955  SystemInit                     
00000a0d  __aeabi_dmul                   
00000b2d  test                           
00000b53  main                           
00000b77  configure_ADC                  
00000c01  __aeabi_memcpy                 
00000c01  __aeabi_memcpy4                
00000c01  __aeabi_memcpy8                
00000c01  memcpy                         
00000c9d  __aeabi_cdrcmple               
00000d23  __aeabi_memclr                 
00000d23  __aeabi_memclr4                
00000d23  __aeabi_memclr8                
00000d25  __aeabi_memset                 
00000d25  __aeabi_memset4                
00000d25  __aeabi_memset8                
00000d2b  memset                         
00000d9d  __TI_auto_init                 
00000e0d  __aeabi_d2f                    
00000ee5  _c_int00                       
00000f39  C$$EXIT                        
00000f3d  abort                          
00000f45  exit                           
00000f8d  copy_in                        
00000fd9  sendByteUART                   
00001015  __aeabi_f2d                    
0000104d  __aeabi_i2d                    
0000107b  __mpu_init                     
0000107d  _args_main                     
00001095  _register_unlock               
0000109b  _register_lock                 
000010a3  _nop                           
000010a9  __TI_decompress_none           
000010b7  Reset_Handler                  
000010c3  ADC14_IRQHandler               
000010c3  AES256_IRQHandler              
000010c3  BusFault_Handler               
000010c3  COMP_E0_IRQHandler             
000010c3  COMP_E1_IRQHandler             
000010c3  CS_IRQHandler                  
000010c3  DMA_ERR_IRQHandler             
000010c3  DMA_INT0_IRQHandler            
000010c3  DMA_INT1_IRQHandler            
000010c3  DMA_INT2_IRQHandler            
000010c3  DMA_INT3_IRQHandler            
000010c3  DebugMon_Handler               
000010c3  Default_Handler                
000010c3  EUSCIA0_IRQHandler             
000010c3  EUSCIA1_IRQHandler             
000010c3  EUSCIA2_IRQHandler             
000010c3  EUSCIA3_IRQHandler             
000010c3  EUSCIB0_IRQHandler             
000010c3  EUSCIB1_IRQHandler             
000010c3  EUSCIB2_IRQHandler             
000010c3  EUSCIB3_IRQHandler             
000010c3  FLCTL_IRQHandler               
000010c3  FPU_IRQHandler                 
000010c3  HardFault_Handler              
000010c3  MemManage_Handler              
000010c3  NMI_Handler                    
000010c3  PCM_IRQHandler                 
000010c3  PORT1_IRQHandler               
000010c3  PORT2_IRQHandler               
000010c3  PORT3_IRQHandler               
000010c3  PORT4_IRQHandler               
000010c3  PORT5_IRQHandler               
000010c3  PORT6_IRQHandler               
000010c3  PSS_IRQHandler                 
000010c3  PendSV_Handler                 
000010c3  RTC_C_IRQHandler               
000010c3  SVC_Handler                    
000010c3  SysTick_Handler                
000010c3  T32_INT1_IRQHandler            
000010c3  T32_INT2_IRQHandler            
000010c3  T32_INTC_IRQHandler            
000010c3  TA0_0_IRQHandler               
000010c3  TA0_N_IRQHandler               
000010c3  TA1_0_IRQHandler               
000010c3  TA1_N_IRQHandler               
000010c3  TA2_0_IRQHandler               
000010c3  TA2_N_IRQHandler               
000010c3  TA3_0_IRQHandler               
000010c3  TA3_N_IRQHandler               
000010c3  UsageFault_Handler             
000010c3  WDT_A_IRQHandler               
000010c5  __TI_decompress_rle24          
000010cb  _system_pre_init               
000010cf  _system_post_cinit             
000010f0  __TI_Handler_Table_Base        
000010f8  __TI_CINIT_Base                
000010f8  __TI_Handler_Table_Limit       
00001100  __TI_CINIT_Limit               
20000000  __TI_cleanup_ptr               
20000004  __TI_dtors_ptr                 
20000008  __TI_enable_exit_profile_output
2000000c  _lock                          
20000010  _unlock                        
20000014  main_func_sp                   
20000018  SystemCoreClock                
2000001c  callback                       
2000fe00  __stack                        
20010000  __STACK_END                    
4000480c  WDTCTL_SYM                     
ffffffff  __TI_pprof_out_hndl            
ffffffff  __TI_prof_data_size            
ffffffff  __TI_prof_data_start           
ffffffff  __binit__                      
ffffffff  __c_args__                     
ffffffff  binit                          
UNDEFED   SHT$$INIT_ARRAY$$Base          
UNDEFED   SHT$$INIT_ARRAY$$Limit         

[121 symbols]
