******************************************************************************
                  TI ARM Linker Unix v15.12.3                  
******************************************************************************
>> Linked Sat Nov 26 17:14:30 2016

OUTPUT FILE NAME:   <Final-Project.out>
ENTRY POINT SYMBOL: "_c_int00"  address: 00004401


MEMORY CONFIGURATION

         name            origin    length      used     unused   attr    fill
----------------------  --------  ---------  --------  --------  ----  --------
  MAIN                  00000000   00040000  00004a52  0003b5ae  R  X
  INFO                  00200000   00004000  00000000  00004000  R  X
  SRAM_CODE             01000000   00010000  00000713  0000f8ed  RW X
  SRAM_DATA             20000000   00010000  00000713  0000f8ed  RW  


SEGMENT ALLOCATION MAP

run origin  load origin   length   init length attrs members
----------  ----------- ---------- ----------- ----- -------
00000000    00000000    00004a54   00004a54    r-x
  00000000    00000000    000000e4   000000e4    r-- .intvecs
  000000e4    000000e4    000047d0   000047d0    r-x .text
  000048b4    000048b4    00000102   00000102    r-- .const
  000049b8    000049b8    0000009c   0000009c    r-- .cinit
20000000    20000000    00000514   00000000    rw-
  20000000    20000000    00000400   00000000    rw- .sysmem
  20000400    20000400    000000f7   00000000    rw- .data
  200004f8    200004f8    0000001c   00000000    rw- .bss
2000fe00    2000fe00    00000200   00000000    rw-
  2000fe00    2000fe00    00000200   00000000    rw- .stack


SECTION ALLOCATION MAP

 output                                  attributes/
section   page    origin      length       input sections
--------  ----  ----------  ----------   ----------------
.intvecs   0    00000000    000000e4     
                  00000000    000000e4     startup_msp432p401r_ccs.obj (.intvecs:retain)

.text      0    000000e4    000047d0     
                  000000e4    000015d8     main.obj (.text)
                  000016bc    00000b00     logging.obj (.text)
                  000021bc    000005e0     serial.obj (.text)
                  0000279c    00000504     helpers.obj (.text)
                  00002ca0    000003ec     timers.obj (.text)
                  0000308c    000003dc     rtsv7M4_T_le_v4SPD16_eabi.lib : memory.obj (.text)
                  00003468    0000032c     system_msp432p401r.obj (.text)
                  00003794    000001f4     rtsv7M4_T_le_v4SPD16_eabi.lib : ull_div_t2.obj (.text)
                  00003988    0000017a     ptrBuffer.obj (.text)
                  00003b02    00000178     buffer.obj (.text)
                  00003c7a    00000002     rtsv7M4_T_le_v4SPD16_eabi.lib : mpu_init.obj (.text)
                  00003c7c    0000014c     error.obj (.text)
                  00003dc8    00000130     async.obj (.text)
                  00003ef8    00000128     portMapping.obj (.text)
                  00004020    000000fc     rtsv7M4_T_le_v4SPD16_eabi.lib : fd_mul_t2.obj (.text)
                  0000411c    0000009c                                   : memcpy_t2.obj (.text)
                  000041b8    00000086                                   : fd_cmp_t2.obj (.text:__aeabi_cdrcmple)
                  0000423e    0000007a                                   : memset_t2.obj (.text)
                  000042b8    00000070                                   : autoinit.obj (.text)
                  00004328    0000006e                                   : fd_tos_t2.obj (.text)
                  00004396    0000006a                                   : copy_decompress_rle.obj (.text)
                  00004400    00000054                                   : boot.obj (.text)
                  00004454    00000054                                   : exit.obj (.text)
                  000044a8    0000004c                                   : cpy_tbl.obj (.text)
                  000044f4    00000040     main.obj (.text:nrfWReg)
                  00004534    00000038     rtsv7M4_T_le_v4SPD16_eabi.lib : fs_tod_t2.obj (.text)
                  0000456c    00000034     main.obj (.text:nrfTXCommand)
                  000045a0    00000034     main.obj (.text:nrfTXState)
                  000045d4    00000032     helpers.obj (.text:strLen)
                  00004606    0000002e     rtsv7M4_T_le_v4SPD16_eabi.lib : i_tofd_t2.obj (.text)
                  00004634    0000002c     main.obj (.text:nrfWaitForSPI)
                  00004660    0000002c     main.obj (.text:requestMode)
                  0000468c    00000020     buffer.obj (.text:buffInitialized)
                  000046ac    00000020     helpers.obj (.text:printable)
                  000046cc    00000020     ptrBuffer.obj (.text:ptrBuffInitialized)
                  000046ec    0000001c     main.obj (.text:nrfFlushRXFIFO)
                  00004708    0000001c     main.obj (.text:nrfFlushTXFIFO)
                  00004724    0000001c     main.obj (.text:nrfUpdateStatus)
                  00004740    0000001a     buffer.obj (.text:buffEmpty)
                  0000475a    0000001a     buffer.obj (.text:buffFull)
                  00004774    0000001a     ptrBuffer.obj (.text:ptrBuffEmpty)
                  0000478e    0000001a     ptrBuffer.obj (.text:ptrBuffFull)
                  000047a8    00000018     main.obj (.text:forceMode)
                  000047c0    00000018     rtsv7M4_T_le_v4SPD16_eabi.lib : args_main.obj (.text)
                  000047d8    00000018                                   : ll_mul_t2.obj (.text)
                  000047f0    00000014     main.obj (.text:nrfClearStatus)
                  00004804    00000014     rtsv7M4_T_le_v4SPD16_eabi.lib : _lock.obj (.text)
                  00004818    00000010     main.obj (.text:nrfDsCE)
                  00004828    00000010     main.obj (.text:nrfEnCE)
                  00004838    00000010     main.obj (.text:nrfSendSPI)
                  00004848    00000010     main.obj (.text:pauseStatusReports)
                  00004858    00000010     main.obj (.text:resumeStatusReports)
                  00004868    0000000e     rtsv7M4_T_le_v4SPD16_eabi.lib : copy_decompress_none.obj (.text:decompress:none)
                  00004876    0000000e     startup_msp432p401r_ccs.obj (.text)
                  00004884    0000000c     timers.obj (.text:getHours)
                  00004890    0000000c     timers.obj (.text:getMinutes)
                  0000489c    0000000c     timers.obj (.text:getSeconds)
                  000048a8    00000006     rtsv7M4_T_le_v4SPD16_eabi.lib : copy_decompress_rle.obj (.text:decompress:rle24)
                  000048ae    00000004                                   : pre_init.obj (.text)
                  000048b2    00000002                                   : startup.obj (.text)

.const     0    000048b4    00000102     
                  000048b4    00000102     main.obj (.const:.string)

.cinit     0    000049b8    0000009c     
                  000049b8    00000075     (.cinit..data.load) [load image, compression = rle]
                  00004a2d    00000003     --HOLE-- [fill = 0]
                  00004a30    00000009     (.cinit..bss.load) [load image, compression = rle]
                  00004a39    00000003     --HOLE-- [fill = 0]
                  00004a3c    00000008     (__TI_handler_table)
                  00004a44    00000010     (__TI_cinit_table)

.init_array 
*          0    00000000    00000000     UNINITIALIZED

.binit     0    00000000    00000000     

.sysmem    0    20000000    00000400     UNINITIALIZED
                  20000000    00000008     rtsv7M4_T_le_v4SPD16_eabi.lib : memory.obj (.sysmem)
                  20000008    000003f8     --HOLE--

.data      0    20000400    000000f7     UNINITIALIZED
                  20000400    00000031     logging.obj (.data)
                  20000431    00000003     logging.obj (.data:logBreakClosers)
                  20000434    00000030     main.obj (.data:commandDescriptions)
                  20000464    00000014     logging.obj (.data:callbacks)
                  20000478    00000014     main.obj (.data:miso)
                  2000048c    00000014     main.obj (.data:mosi)
                  200004a0    0000000e     main.obj (.data)
                  200004ae    00000001     async.obj (.data:flags)
                  200004af    00000001     main.obj (.data:flags)
                  200004b0    0000000c     rtsv7M4_T_le_v4SPD16_eabi.lib : exit.obj (.data:$O1$$)
                  200004bc    0000000c                                   : memory.obj (.data:$O1$$)
                  200004c8    0000000c     main.obj (.data:directionDescriptions)
                  200004d4    00000008     rtsv7M4_T_le_v4SPD16_eabi.lib : _lock.obj (.data:$O1$$)
                  200004dc    00000008     main.obj (.data:prefs)
                  200004e4    00000006     timers.obj (.data:current)
                  200004ea    00000001     main.obj (.data:nrfStatus)
                  200004eb    00000001     --HOLE--
                  200004ec    00000004     rtsv7M4_T_le_v4SPD16_eabi.lib : stkdepth_vars.obj (.data)
                  200004f0    00000004     system_msp432p401r.obj (.data)
                  200004f4    00000003     logging.obj (.data:logBreakOpeners)

.bss       0    200004f8    0000001c     UNINITIALIZED
                  200004f8    00000014     (.common:funcs)
                  2000050c    00000002     main.obj (.bss)
                  2000050e    00000002     main.obj (.bss:nextState)
                  20000510    00000002     main.obj (.bss:nextStateDbug)
                  20000512    00000001     logging.obj (.bss:flags)
                  20000513    00000001     logging.obj (.bss)

.stack     0    2000fe00    00000200     UNINITIALIZED
                  2000fe00    00000200     --HOLE--

MODULE SUMMARY

       Module                        code    ro data   rw data
       ------                        ----    -------   -------
    ./
       main.obj                      6056    258       260    
       system_msp432p401r.obj        812     0         8      
       startup_msp432p401r_ccs.obj   14      228       0      
    +--+-----------------------------+-------+---------+---------+
       Total:                        6882    486       268    
                                                              
    ./Libs/
       logging.obj                   2816    0         154    
       serial.obj                    1504    0         0      
       helpers.obj                   1366    0         0      
       timers.obj                    1040    0         12     
       ptrBuffer.obj                 462     0         0      
       buffer.obj                    460     0         0      
       async.obj                     304     0         42     
       error.obj                     332     0         0      
       portMapping.obj               296     0         0      
    +--+-----------------------------+-------+---------+---------+
       Total:                        8580    0         208    
                                                              
    /home/albert/ti/ccsv6/tools/compiler/arm_15.12.3.LTS/lib/rtsv7M4_T_le_v4SPD16_eabi.lib
       memory.obj                    988     0         24     
       ull_div_t2.obj                500     0         0      
       fd_mul_t2.obj                 252     0         0      
       memcpy_t2.obj                 156     0         0      
       fd_cmp_t2.obj                 134     0         0      
       memset_t2.obj                 122     0         0      
       autoinit.obj                  112     0         0      
       copy_decompress_rle.obj       112     0         0      
       fd_tos_t2.obj                 110     0         0      
       exit.obj                      84      0         24     
       boot.obj                      84      0         0      
       cpy_tbl.obj                   76      0         0      
       fs_tod_t2.obj                 56      0         0      
       i_tofd_t2.obj                 46      0         0      
       _lock.obj                     20      0         16     
       args_main.obj                 24      0         0      
       ll_mul_t2.obj                 24      0         0      
       copy_decompress_none.obj      14      0         0      
       stkdepth_vars.obj             0       0         8      
       pre_init.obj                  4       0         0      
       mpu_init.obj                  2       0         0      
       startup.obj                   2       0         0      
    +--+-----------------------------+-------+---------+---------+
       Total:                        2922    0         72     
                                                              
       Heap:                         0       0         2048   
       Stack:                        0       0         1024   
       Linker Generated:             0       150       0      
    +--+-----------------------------+-------+---------+---------+
       Grand Total:                  18384   636       3620   


LINKER GENERATED COPY TABLES

__TI_cinit_table @ 00004a44 records: 2, size/record: 8, table size: 16
	.data: load addr=000049b8, load size=00000075 bytes, run addr=20000400, run size=000000f7 bytes, compression=rle
	.bss: load addr=00004a30, load size=00000009 bytes, run addr=200004f8, run size=0000001c bytes, compression=rle


LINKER GENERATED HANDLER TABLE

__TI_handler_table @ 00004a3c records: 2, size/record: 4, table size: 8
	index: 0, handler: __TI_decompress_rle24
	index: 1, handler: __TI_decompress_none


GLOBAL SYMBOLS: SORTED ALPHABETICALLY BY Name 

address   name                           
-------   ----                           
00004883  ADC14_IRQHandler               
00004883  AES256_IRQHandler              
00004883  BusFault_Handler               
00004455  C$$EXIT                        
00004883  COMP_E0_IRQHandler             
00004883  COMP_E1_IRQHandler             
00004883  CS_IRQHandler                  
00004883  DMA_ERR_IRQHandler             
00004883  DMA_INT0_IRQHandler            
00004883  DMA_INT1_IRQHandler            
00004883  DMA_INT2_IRQHandler            
00004883  DMA_INT3_IRQHandler            
00004883  DebugMon_Handler               
00004883  Default_Handler                
00004883  EUSCIA0_IRQHandler             
000014bf  EUSCIA1_IRQHandler             
000014bf  EUSCIA1_IRQHandler             
00004883  EUSCIA2_IRQHandler             
00004883  EUSCIA3_IRQHandler             
00004883  EUSCIB0_IRQHandler             
00004883  EUSCIB1_IRQHandler             
00004883  EUSCIB2_IRQHandler             
00004883  EUSCIB3_IRQHandler             
00004883  FLCTL_IRQHandler               
00004883  FPU_IRQHandler                 
00004883  HardFault_Handler              
00004883  MemManage_Handler              
00004883  NMI_Handler                    
00004883  PCM_IRQHandler                 
0000154d  PORT1_IRQHandler               
0000154d  PORT1_IRQHandler               
00004883  PORT2_IRQHandler               
00001579  PORT3_IRQHandler               
00001579  PORT3_IRQHandler               
00004883  PORT4_IRQHandler               
0000159d  PORT5_IRQHandler               
0000159d  PORT5_IRQHandler               
00004883  PORT6_IRQHandler               
00004883  PSS_IRQHandler                 
00003eb3  PendSV_Handler                 
00003eb3  PendSV_Handler                 
00002d3f  RTC_C_IRQHandler               
00002d3f  RTC_C_IRQHandler               
00004877  Reset_Handler                  
UNDEFED   SHT$$INIT_ARRAY$$Base          
UNDEFED   SHT$$INIT_ARRAY$$Limit         
00004883  SVC_Handler                    
00004883  SysTick_Handler                
200004f0  SystemCoreClock                
00003469  SystemCoreClockUpdate          
000036dd  SystemInit                     
00004883  T32_INT1_IRQHandler            
00004883  T32_INT2_IRQHandler            
00004883  T32_INTC_IRQHandler            
00004883  TA0_0_IRQHandler               
00004883  TA0_N_IRQHandler               
00004883  TA1_0_IRQHandler               
000013fb  TA1_N_IRQHandler               
000013fb  TA1_N_IRQHandler               
00004883  TA2_0_IRQHandler               
00001411  TA2_N_IRQHandler               
00001411  TA2_N_IRQHandler               
00004883  TA3_0_IRQHandler               
0000142b  TA3_N_IRQHandler               
0000142b  TA3_N_IRQHandler               
00004883  UsageFault_Handler             
4000480c  WDTCTL_SYM                     
00004883  WDT_A_IRQHandler               
20010000  __STACK_END                    
00000200  __STACK_SIZE                   
00000400  __SYSMEM_SIZE                  
00004a44  __TI_CINIT_Base                
00004a54  __TI_CINIT_Limit               
00004a3c  __TI_Handler_Table_Base        
00004a44  __TI_Handler_Table_Limit       
000042b9  __TI_auto_init                 
200004b0  __TI_cleanup_ptr               
00004869  __TI_decompress_none           
000048a9  __TI_decompress_rle24          
200004b4  __TI_dtors_ptr                 
200004b8  __TI_enable_exit_profile_output
ffffffff  __TI_pprof_out_hndl            
ffffffff  __TI_prof_data_size            
ffffffff  __TI_prof_data_start           
00000000  __TI_static_base__             
000041b9  __aeabi_cdrcmple               
00004329  __aeabi_d2f                    
00004021  __aeabi_dmul                   
00004535  __aeabi_f2d                    
00004607  __aeabi_i2d                    
000047d9  __aeabi_lmul                   
0000423f  __aeabi_memclr                 
0000423f  __aeabi_memclr4                
0000423f  __aeabi_memclr8                
0000411d  __aeabi_memcpy                 
0000411d  __aeabi_memcpy4                
0000411d  __aeabi_memcpy8                
00004241  __aeabi_memset                 
00004241  __aeabi_memset4                
00004241  __aeabi_memset8                
00003795  __aeabi_uldivmod               
ffffffff  __binit__                      
ffffffff  __c_args__                     
00003c7b  __mpu_init                     
2000fe00  __stack                        
000047c1  _args_main                     
00004401  _c_int00                       
00001acf  _getLineNumberHandler          
200004d4  _lock                          
00004813  _nop                           
0000480b  _register_lock                 
00004805  _register_unlock               
20000000  _sys_memory                    
000048b3  _system_post_cinit             
000048af  _system_pre_init               
200004d8  _unlock                        
00004459  abort                          
00003bb5  addToBuff                      
00003a3d  addToPtrBuff                   
ffffffff  binit                          
00004741  buffEmpty                      
0000475b  buffFull                       
0000468d  buffInitialized                
00002901  bytesToHexStr                  
00003435  calloc                         
20000434  commandDescriptions            
00000781  commandHandler                 
00000417  commandOptionHandler           
00000591  commandOrState                 
000018e9  configLogging                  
00002639  configSPIMaster                
00002685  configSPISlave                 
000021bd  configUART                     
000044a9  copy_in                        
2000040c  currentOption                  
00001611  decodePacket                   
200004c8  directionDescriptions          
000004c7  directionOptionHandler         
0000215d  eUSCIUARTHandler               
00003b47  emptyBuff                      
000039cf  emptyPtrBuff                   
00001965  enableCommands                 
000015f1  encodeCommand                  
000015cd  encodeState                    
000003d5  endRangeTestConfirm            
00003c7d  errorToStr                     
00004461  exit                           
000047a9  forceMode                      
00003183  free                           
00003b75  freeBuff                       
000039fd  freePtrBuff                    
200004f8  funcs                          
0000199d  getChar                        
00003c17  getFromBuff                    
00003a9d  getFromPtrBuff                 
00004885  getHours                       
000019ed  getLine                        
00004891  getMinutes                     
00001b8d  getNumberInRange               
00001a33  getOption                      
0000489d  getSeconds                     
00003e69  initAsync                      
00003b03  initBuff                       
00003989  initPtrBuff                    
00002d6b  initRTC                        
00002d95  initTimerA                     
000028b1  intToStr                       
00000000  interruptVectors               
00001d99  log                            
0000010d  main                           
200004ec  main_func_sp                   
0000311b  malloc                         
00003ef9  mapPin                         
20000410  maxNum                         
00003351  memalign                       
0000411d  memcpy                         
00004247  memset                         
20000418  minNum                         
0000308d  minit                          
000047f1  nrfClearStatus                 
00004819  nrfDsCE                        
00004829  nrfEnCE                        
000046ed  nrfFlushRXFIFO                 
00004709  nrfFlushTXFIFO                 
00004839  nrfSendSPI                     
0000456d  nrfTXCommand                   
000045a1  nrfTXState                     
00004725  nrfUpdateStatus                
000044f5  nrfWReg                        
00004635  nrfWaitForSPI                  
20000408  numOptions                     
20000404  options                        
00000535  packetsToSendHandler           
00002129  pauseCommands                  
00004849  pauseStatusReports             
00001c49  printArray                     
00001be1  printChar                      
00000e09  printHelp                      
00000e89  printInvalidCommand            
00001bff  printNewline                   
00001c1d  printString                    
00001cb1  printWrap                      
000046ad  printable                      
00004775  ptrBuffEmpty                   
0000478f  ptrBuffFull                    
000046cd  ptrBuffInitialized             
00002fbd  pwm                            
000020cd  readyForCommands               
00003245  realloc                        
00004661  requestMode                    
00004859  resumeStatusReports            
00003e9b  runAsync                       
00002cc5  setCPUFreq                     
00000989  setupInputs                    
00000d05  setupLED                       
0000088d  setupLogging                   
00000c49  setupNRF                       
000008d1  setupTimers                    
00000465  speedHandler                   
00001927  startLogging                   
000026fd  startSPI                       
000026c5  startUART                      
000045d5  strLen                         
00002c01  strToInt64                     
00002a61  strToUInt32                    
00002b09  strToUInt64                    
000012ed  transmit                       
00002a21  uInt16ToHexStr                 
00002a37  uInt32ToHexStr                 
00002a4b  uInt64ToHexStr                 
00002a0b  uInt8ToHexStr                  
000027d3  uIntToStr                      
00000f13  updateLED                      
000012a1  updateState                    


GLOBAL SYMBOLS: SORTED BY Symbol Address 

address   name                           
-------   ----                           
00000000  __TI_static_base__             
00000000  interruptVectors               
0000010d  main                           
00000200  __STACK_SIZE                   
000003d5  endRangeTestConfirm            
00000400  __SYSMEM_SIZE                  
00000417  commandOptionHandler           
00000465  speedHandler                   
000004c7  directionOptionHandler         
00000535  packetsToSendHandler           
00000591  commandOrState                 
00000781  commandHandler                 
0000088d  setupLogging                   
000008d1  setupTimers                    
00000989  setupInputs                    
00000c49  setupNRF                       
00000d05  setupLED                       
00000e09  printHelp                      
00000e89  printInvalidCommand            
00000f13  updateLED                      
000012a1  updateState                    
000012ed  transmit                       
000013fb  TA1_N_IRQHandler               
000013fb  TA1_N_IRQHandler               
00001411  TA2_N_IRQHandler               
00001411  TA2_N_IRQHandler               
0000142b  TA3_N_IRQHandler               
0000142b  TA3_N_IRQHandler               
000014bf  EUSCIA1_IRQHandler             
000014bf  EUSCIA1_IRQHandler             
0000154d  PORT1_IRQHandler               
0000154d  PORT1_IRQHandler               
00001579  PORT3_IRQHandler               
00001579  PORT3_IRQHandler               
0000159d  PORT5_IRQHandler               
0000159d  PORT5_IRQHandler               
000015cd  encodeState                    
000015f1  encodeCommand                  
00001611  decodePacket                   
000018e9  configLogging                  
00001927  startLogging                   
00001965  enableCommands                 
0000199d  getChar                        
000019ed  getLine                        
00001a33  getOption                      
00001acf  _getLineNumberHandler          
00001b8d  getNumberInRange               
00001be1  printChar                      
00001bff  printNewline                   
00001c1d  printString                    
00001c49  printArray                     
00001cb1  printWrap                      
00001d99  log                            
000020cd  readyForCommands               
00002129  pauseCommands                  
0000215d  eUSCIUARTHandler               
000021bd  configUART                     
00002639  configSPIMaster                
00002685  configSPISlave                 
000026c5  startUART                      
000026fd  startSPI                       
000027d3  uIntToStr                      
000028b1  intToStr                       
00002901  bytesToHexStr                  
00002a0b  uInt8ToHexStr                  
00002a21  uInt16ToHexStr                 
00002a37  uInt32ToHexStr                 
00002a4b  uInt64ToHexStr                 
00002a61  strToUInt32                    
00002b09  strToUInt64                    
00002c01  strToInt64                     
00002cc5  setCPUFreq                     
00002d3f  RTC_C_IRQHandler               
00002d3f  RTC_C_IRQHandler               
00002d6b  initRTC                        
00002d95  initTimerA                     
00002fbd  pwm                            
0000308d  minit                          
0000311b  malloc                         
00003183  free                           
00003245  realloc                        
00003351  memalign                       
00003435  calloc                         
00003469  SystemCoreClockUpdate          
000036dd  SystemInit                     
00003795  __aeabi_uldivmod               
00003989  initPtrBuff                    
000039cf  emptyPtrBuff                   
000039fd  freePtrBuff                    
00003a3d  addToPtrBuff                   
00003a9d  getFromPtrBuff                 
00003b03  initBuff                       
00003b47  emptyBuff                      
00003b75  freeBuff                       
00003bb5  addToBuff                      
00003c17  getFromBuff                    
00003c7b  __mpu_init                     
00003c7d  errorToStr                     
00003e69  initAsync                      
00003e9b  runAsync                       
00003eb3  PendSV_Handler                 
00003eb3  PendSV_Handler                 
00003ef9  mapPin                         
00004021  __aeabi_dmul                   
0000411d  __aeabi_memcpy                 
0000411d  __aeabi_memcpy4                
0000411d  __aeabi_memcpy8                
0000411d  memcpy                         
000041b9  __aeabi_cdrcmple               
0000423f  __aeabi_memclr                 
0000423f  __aeabi_memclr4                
0000423f  __aeabi_memclr8                
00004241  __aeabi_memset                 
00004241  __aeabi_memset4                
00004241  __aeabi_memset8                
00004247  memset                         
000042b9  __TI_auto_init                 
00004329  __aeabi_d2f                    
00004401  _c_int00                       
00004455  C$$EXIT                        
00004459  abort                          
00004461  exit                           
000044a9  copy_in                        
000044f5  nrfWReg                        
00004535  __aeabi_f2d                    
0000456d  nrfTXCommand                   
000045a1  nrfTXState                     
000045d5  strLen                         
00004607  __aeabi_i2d                    
00004635  nrfWaitForSPI                  
00004661  requestMode                    
0000468d  buffInitialized                
000046ad  printable                      
000046cd  ptrBuffInitialized             
000046ed  nrfFlushRXFIFO                 
00004709  nrfFlushTXFIFO                 
00004725  nrfUpdateStatus                
00004741  buffEmpty                      
0000475b  buffFull                       
00004775  ptrBuffEmpty                   
0000478f  ptrBuffFull                    
000047a9  forceMode                      
000047c1  _args_main                     
000047d9  __aeabi_lmul                   
000047f1  nrfClearStatus                 
00004805  _register_unlock               
0000480b  _register_lock                 
00004813  _nop                           
00004819  nrfDsCE                        
00004829  nrfEnCE                        
00004839  nrfSendSPI                     
00004849  pauseStatusReports             
00004859  resumeStatusReports            
00004869  __TI_decompress_none           
00004877  Reset_Handler                  
00004883  ADC14_IRQHandler               
00004883  AES256_IRQHandler              
00004883  BusFault_Handler               
00004883  COMP_E0_IRQHandler             
00004883  COMP_E1_IRQHandler             
00004883  CS_IRQHandler                  
00004883  DMA_ERR_IRQHandler             
00004883  DMA_INT0_IRQHandler            
00004883  DMA_INT1_IRQHandler            
00004883  DMA_INT2_IRQHandler            
00004883  DMA_INT3_IRQHandler            
00004883  DebugMon_Handler               
00004883  Default_Handler                
00004883  EUSCIA0_IRQHandler             
00004883  EUSCIA2_IRQHandler             
00004883  EUSCIA3_IRQHandler             
00004883  EUSCIB0_IRQHandler             
00004883  EUSCIB1_IRQHandler             
00004883  EUSCIB2_IRQHandler             
00004883  EUSCIB3_IRQHandler             
00004883  FLCTL_IRQHandler               
00004883  FPU_IRQHandler                 
00004883  HardFault_Handler              
00004883  MemManage_Handler              
00004883  NMI_Handler                    
00004883  PCM_IRQHandler                 
00004883  PORT2_IRQHandler               
00004883  PORT4_IRQHandler               
00004883  PORT6_IRQHandler               
00004883  PSS_IRQHandler                 
00004883  SVC_Handler                    
00004883  SysTick_Handler                
00004883  T32_INT1_IRQHandler            
00004883  T32_INT2_IRQHandler            
00004883  T32_INTC_IRQHandler            
00004883  TA0_0_IRQHandler               
00004883  TA0_N_IRQHandler               
00004883  TA1_0_IRQHandler               
00004883  TA2_0_IRQHandler               
00004883  TA3_0_IRQHandler               
00004883  UsageFault_Handler             
00004883  WDT_A_IRQHandler               
00004885  getHours                       
00004891  getMinutes                     
0000489d  getSeconds                     
000048a9  __TI_decompress_rle24          
000048af  _system_pre_init               
000048b3  _system_post_cinit             
00004a3c  __TI_Handler_Table_Base        
00004a44  __TI_CINIT_Base                
00004a44  __TI_Handler_Table_Limit       
00004a54  __TI_CINIT_Limit               
20000000  _sys_memory                    
20000404  options                        
20000408  numOptions                     
2000040c  currentOption                  
20000410  maxNum                         
20000418  minNum                         
20000434  commandDescriptions            
200004b0  __TI_cleanup_ptr               
200004b4  __TI_dtors_ptr                 
200004b8  __TI_enable_exit_profile_output
200004c8  directionDescriptions          
200004d4  _lock                          
200004d8  _unlock                        
200004ec  main_func_sp                   
200004f0  SystemCoreClock                
200004f8  funcs                          
2000fe00  __stack                        
20010000  __STACK_END                    
4000480c  WDTCTL_SYM                     
ffffffff  __TI_pprof_out_hndl            
ffffffff  __TI_prof_data_size            
ffffffff  __TI_prof_data_start           
ffffffff  __binit__                      
ffffffff  __c_args__                     
ffffffff  binit                          
UNDEFED   SHT$$INIT_ARRAY$$Base          
UNDEFED   SHT$$INIT_ARRAY$$Limit         

[234 symbols]
