******************************************************************************
                  TI ARM Linker Unix v15.12.3                  
******************************************************************************
>> Linked Sat Nov 12 13:59:09 2016

OUTPUT FILE NAME:   <Final-Project.out>
ENTRY POINT SYMBOL: "_c_int00"  address: 00000689


MEMORY CONFIGURATION

         name            origin    length      used     unused   attr    fill
----------------------  --------  ---------  --------  --------  ----  --------
  MAIN                  00000000   00040000  000007fa  0003f806  R  X
  INFO                  00200000   00004000  00000000  00004000  R  X
  SRAM_CODE             01000000   00010000  0000061c  0000f9e4  RW X
  SRAM_DATA             20000000   00010000  0000061c  0000f9e4  RW  


SEGMENT ALLOCATION MAP

run origin  load origin   length   init length attrs members
----------  ----------- ---------- ----------- ----- -------
00000000    00000000    000007fc   000007fc    r-x
  00000000    00000000    000000e4   000000e4    r-- .intvecs
  000000e4    000000e4    000006ea   000006ea    r-x .text
  000007d0    000007d0    0000002c   0000002c    r-- .cinit
20000000    20000000    0000041c   00000000    rw-
  20000000    20000000    00000400   00000000    rw- .sysmem
  20000400    20000400    0000001c   00000000    rw- .data
2000fe00    2000fe00    00000200   00000000    rw-
  2000fe00    2000fe00    00000200   00000000    rw- .stack


SECTION ALLOCATION MAP

 output                                  attributes/
section   page    origin      length       input sections
--------  ----  ----------  ----------   ----------------
.intvecs   0    00000000    000000e4     
                  00000000    000000e4     startup_msp432p401r_ccs.obj (.intvecs:retain)

.text      0    000000e4    000006ea     
                  000000e4    0000032c     system_msp432p401r.obj (.text)
                  00000410    0000009c     rtsv7M4_T_le_v4SPD16_eabi.lib : memcpy_t2.obj (.text)
                  000004ac    00000084     main.obj (.text)
                  00000530    0000007a     rtsv7M4_T_le_v4SPD16_eabi.lib : memset_t2.obj (.text)
                  000005aa    00000002                                   : mpu_init.obj (.text)
                  000005ac    00000070                                   : autoinit.obj (.text)
                  0000061c    0000006a                                   : copy_decompress_rle.obj (.text)
                  00000686    00000002                                   : startup.obj (.text)
                  00000688    00000054                                   : boot.obj (.text)
                  000006dc    00000054                                   : exit.obj (.text)
                  00000730    0000004c                                   : cpy_tbl.obj (.text)
                  0000077c    00000018                                   : args_main.obj (.text)
                  00000794    00000014                                   : _lock.obj (.text)
                  000007a8    0000000e                                   : copy_decompress_none.obj (.text:decompress:none)
                  000007b6    0000000e     startup_msp432p401r_ccs.obj (.text)
                  000007c4    00000006     rtsv7M4_T_le_v4SPD16_eabi.lib : copy_decompress_rle.obj (.text:decompress:rle24)
                  000007ca    00000004                                   : pre_init.obj (.text)

.cinit     0    000007d0    0000002c     
                  000007d0    0000001a     (.cinit..data.load) [load image, compression = rle]
                  000007ea    00000002     --HOLE-- [fill = 0]
                  000007ec    00000008     (__TI_handler_table)
                  000007f4    00000008     (__TI_cinit_table)

.init_array 
*          0    00000000    00000000     UNINITIALIZED

.binit     0    00000000    00000000     

.data      0    20000400    0000001c     UNINITIALIZED
                  20000400    0000000c     rtsv7M4_T_le_v4SPD16_eabi.lib : exit.obj (.data:$O1$$)
                  2000040c    00000008                                   : _lock.obj (.data:$O1$$)
                  20000414    00000004                                   : stkdepth_vars.obj (.data)
                  20000418    00000004     system_msp432p401r.obj (.data)

.sysmem    0    20000000    00000400     UNINITIALIZED
                  20000000    00000008     rtsv7M4_T_le_v4SPD16_eabi.lib : memory.obj (.sysmem)
                  20000008    000003f8     --HOLE--

.stack     0    2000fe00    00000200     UNINITIALIZED
                  2000fe00    00000200     --HOLE--

MODULE SUMMARY

       Module                        code   ro data   rw data
       ------                        ----   -------   -------
    ./
       system_msp432p401r.obj        812    0         8      
       startup_msp432p401r_ccs.obj   14     228       0      
       main.obj                      132    0         0      
    +--+-----------------------------+------+---------+---------+
       Total:                        958    228       8      
                                                             
    /home/albert/ti/ccsv6/tools/compiler/arm_15.12.3.LTS/lib/rtsv7M4_T_le_v4SPD16_eabi.lib
       memcpy_t2.obj                 156    0         0      
       memset_t2.obj                 122    0         0      
       autoinit.obj                  112    0         0      
       copy_decompress_rle.obj       112    0         0      
       exit.obj                      84     0         24     
       boot.obj                      84     0         0      
       cpy_tbl.obj                   76     0         0      
       _lock.obj                     20     0         16     
       args_main.obj                 24     0         0      
       copy_decompress_none.obj      14     0         0      
       stkdepth_vars.obj             0      0         8      
       pre_init.obj                  4      0         0      
       mpu_init.obj                  2      0         0      
       startup.obj                   2      0         0      
    +--+-----------------------------+------+---------+---------+
       Total:                        812    0         48     
                                                             
       Heap:                         0      0         2048   
       Stack:                        0      0         1024   
       Linker Generated:             0      42        0      
    +--+-----------------------------+------+---------+---------+
       Grand Total:                  1770   270       3128   


LINKER GENERATED COPY TABLES

__TI_cinit_table @ 000007f4 records: 1, size/record: 8, table size: 8
	.data: load addr=000007d0, load size=0000001a bytes, run addr=20000400, run size=0000001c bytes, compression=rle


LINKER GENERATED HANDLER TABLE

__TI_handler_table @ 000007ec records: 2, size/record: 4, table size: 8
	index: 0, handler: __TI_decompress_rle24
	index: 1, handler: __TI_decompress_none


GLOBAL SYMBOLS: SORTED ALPHABETICALLY BY Name 

address   name                           
-------   ----                           
000007c3  ADC14_IRQHandler               
000007c3  AES256_IRQHandler              
000007c3  BusFault_Handler               
000006dd  C$$EXIT                        
000007c3  COMP_E0_IRQHandler             
000007c3  COMP_E1_IRQHandler             
000007c3  CS_IRQHandler                  
000007c3  DMA_ERR_IRQHandler             
000007c3  DMA_INT0_IRQHandler            
000007c3  DMA_INT1_IRQHandler            
000007c3  DMA_INT2_IRQHandler            
000007c3  DMA_INT3_IRQHandler            
000007c3  DebugMon_Handler               
000007c3  Default_Handler                
000007c3  EUSCIA0_IRQHandler             
000007c3  EUSCIA1_IRQHandler             
000007c3  EUSCIA2_IRQHandler             
000007c3  EUSCIA3_IRQHandler             
000007c3  EUSCIB0_IRQHandler             
000007c3  EUSCIB1_IRQHandler             
000007c3  EUSCIB2_IRQHandler             
000007c3  EUSCIB3_IRQHandler             
000007c3  FLCTL_IRQHandler               
000007c3  FPU_IRQHandler                 
000007c3  HardFault_Handler              
000007c3  MemManage_Handler              
000007c3  NMI_Handler                    
000007c3  PCM_IRQHandler                 
000007c3  PORT1_IRQHandler               
000007c3  PORT2_IRQHandler               
000007c3  PORT3_IRQHandler               
000007c3  PORT4_IRQHandler               
000007c3  PORT5_IRQHandler               
000007c3  PORT6_IRQHandler               
000007c3  PSS_IRQHandler                 
000007c3  PendSV_Handler                 
000007c3  RTC_C_IRQHandler               
000007b7  Reset_Handler                  
UNDEFED   SHT$$INIT_ARRAY$$Base          
UNDEFED   SHT$$INIT_ARRAY$$Limit         
000007c3  SVC_Handler                    
000007c3  SysTick_Handler                
20000418  SystemCoreClock                
000000e5  SystemCoreClockUpdate          
00000359  SystemInit                     
000007c3  T32_INT1_IRQHandler            
000007c3  T32_INT2_IRQHandler            
000007c3  T32_INTC_IRQHandler            
000007c3  TA0_0_IRQHandler               
000007c3  TA0_N_IRQHandler               
000007c3  TA1_0_IRQHandler               
000007c3  TA1_N_IRQHandler               
000007c3  TA2_0_IRQHandler               
000007c3  TA2_N_IRQHandler               
000007c3  TA3_0_IRQHandler               
000007c3  TA3_N_IRQHandler               
000007c3  UsageFault_Handler             
4000480c  WDTCTL_SYM                     
000007c3  WDT_A_IRQHandler               
20010000  __STACK_END                    
00000200  __STACK_SIZE                   
00000400  __SYSMEM_SIZE                  
000007f4  __TI_CINIT_Base                
000007fc  __TI_CINIT_Limit               
000007ec  __TI_Handler_Table_Base        
000007f4  __TI_Handler_Table_Limit       
000005ad  __TI_auto_init                 
20000400  __TI_cleanup_ptr               
000007a9  __TI_decompress_none           
000007c5  __TI_decompress_rle24          
20000404  __TI_dtors_ptr                 
20000408  __TI_enable_exit_profile_output
ffffffff  __TI_pprof_out_hndl            
ffffffff  __TI_prof_data_size            
ffffffff  __TI_prof_data_start           
00000000  __TI_static_base__             
00000531  __aeabi_memclr                 
00000531  __aeabi_memclr4                
00000531  __aeabi_memclr8                
00000411  __aeabi_memcpy                 
00000411  __aeabi_memcpy4                
00000411  __aeabi_memcpy8                
00000533  __aeabi_memset                 
00000533  __aeabi_memset4                
00000533  __aeabi_memset8                
ffffffff  __binit__                      
ffffffff  __c_args__                     
000005ab  __mpu_init                     
2000fe00  __stack                        
0000077d  _args_main                     
00000689  _c_int00                       
2000040c  _lock                          
000007a3  _nop                           
0000079b  _register_lock                 
00000795  _register_unlock               
20000000  _sys_memory                    
00000687  _system_post_cinit             
000007cb  _system_pre_init               
20000410  _unlock                        
000006e1  abort                          
ffffffff  binit                          
00000731  copy_in                        
000006e9  exit                           
00000000  interruptVectors               
000004ad  main                           
20000414  main_func_sp                   
00000411  memcpy                         
00000539  memset                         


GLOBAL SYMBOLS: SORTED BY Symbol Address 

address   name                           
-------   ----                           
00000000  __TI_static_base__             
00000000  interruptVectors               
000000e5  SystemCoreClockUpdate          
00000200  __STACK_SIZE                   
00000359  SystemInit                     
00000400  __SYSMEM_SIZE                  
00000411  __aeabi_memcpy                 
00000411  __aeabi_memcpy4                
00000411  __aeabi_memcpy8                
00000411  memcpy                         
000004ad  main                           
00000531  __aeabi_memclr                 
00000531  __aeabi_memclr4                
00000531  __aeabi_memclr8                
00000533  __aeabi_memset                 
00000533  __aeabi_memset4                
00000533  __aeabi_memset8                
00000539  memset                         
000005ab  __mpu_init                     
000005ad  __TI_auto_init                 
00000687  _system_post_cinit             
00000689  _c_int00                       
000006dd  C$$EXIT                        
000006e1  abort                          
000006e9  exit                           
00000731  copy_in                        
0000077d  _args_main                     
00000795  _register_unlock               
0000079b  _register_lock                 
000007a3  _nop                           
000007a9  __TI_decompress_none           
000007b7  Reset_Handler                  
000007c3  ADC14_IRQHandler               
000007c3  AES256_IRQHandler              
000007c3  BusFault_Handler               
000007c3  COMP_E0_IRQHandler             
000007c3  COMP_E1_IRQHandler             
000007c3  CS_IRQHandler                  
000007c3  DMA_ERR_IRQHandler             
000007c3  DMA_INT0_IRQHandler            
000007c3  DMA_INT1_IRQHandler            
000007c3  DMA_INT2_IRQHandler            
000007c3  DMA_INT3_IRQHandler            
000007c3  DebugMon_Handler               
000007c3  Default_Handler                
000007c3  EUSCIA0_IRQHandler             
000007c3  EUSCIA1_IRQHandler             
000007c3  EUSCIA2_IRQHandler             
000007c3  EUSCIA3_IRQHandler             
000007c3  EUSCIB0_IRQHandler             
000007c3  EUSCIB1_IRQHandler             
000007c3  EUSCIB2_IRQHandler             
000007c3  EUSCIB3_IRQHandler             
000007c3  FLCTL_IRQHandler               
000007c3  FPU_IRQHandler                 
000007c3  HardFault_Handler              
000007c3  MemManage_Handler              
000007c3  NMI_Handler                    
000007c3  PCM_IRQHandler                 
000007c3  PORT1_IRQHandler               
000007c3  PORT2_IRQHandler               
000007c3  PORT3_IRQHandler               
000007c3  PORT4_IRQHandler               
000007c3  PORT5_IRQHandler               
000007c3  PORT6_IRQHandler               
000007c3  PSS_IRQHandler                 
000007c3  PendSV_Handler                 
000007c3  RTC_C_IRQHandler               
000007c3  SVC_Handler                    
000007c3  SysTick_Handler                
000007c3  T32_INT1_IRQHandler            
000007c3  T32_INT2_IRQHandler            
000007c3  T32_INTC_IRQHandler            
000007c3  TA0_0_IRQHandler               
000007c3  TA0_N_IRQHandler               
000007c3  TA1_0_IRQHandler               
000007c3  TA1_N_IRQHandler               
000007c3  TA2_0_IRQHandler               
000007c3  TA2_N_IRQHandler               
000007c3  TA3_0_IRQHandler               
000007c3  TA3_N_IRQHandler               
000007c3  UsageFault_Handler             
000007c3  WDT_A_IRQHandler               
000007c5  __TI_decompress_rle24          
000007cb  _system_pre_init               
000007ec  __TI_Handler_Table_Base        
000007f4  __TI_CINIT_Base                
000007f4  __TI_Handler_Table_Limit       
000007fc  __TI_CINIT_Limit               
20000000  _sys_memory                    
20000400  __TI_cleanup_ptr               
20000404  __TI_dtors_ptr                 
20000408  __TI_enable_exit_profile_output
2000040c  _lock                          
20000410  _unlock                        
20000414  main_func_sp                   
20000418  SystemCoreClock                
2000fe00  __stack                        
20010000  __STACK_END                    
4000480c  WDTCTL_SYM                     
ffffffff  __TI_pprof_out_hndl            
ffffffff  __TI_prof_data_size            
ffffffff  __TI_prof_data_start           
ffffffff  __binit__                      
ffffffff  __c_args__                     
ffffffff  binit                          
UNDEFED   SHT$$INIT_ARRAY$$Base          
UNDEFED   SHT$$INIT_ARRAY$$Limit         

[108 symbols]
