******************************************************************************
                  TI ARM Linker Unix v15.12.3                  
******************************************************************************
>> Linked Thu Nov 17 16:55:42 2016

OUTPUT FILE NAME:   <Final-Project.out>
ENTRY POINT SYMBOL: "_c_int00"  address: 00002b91


MEMORY CONFIGURATION

         name            origin    length      used     unused   attr    fill
----------------------  --------  ---------  --------  --------  ----  --------
  MAIN                  00000000   00040000  00002e86  0003d17a  R  X
  INFO                  00200000   00004000  00000000  00004000  R  X
  SRAM_CODE             01000000   00010000  000006bc  0000f944  RW X
  SRAM_DATA             20000000   00010000  000006bc  0000f944  RW  


SEGMENT ALLOCATION MAP

run origin  load origin   length   init length attrs members
----------  ----------- ---------- ----------- ----- -------
00000000    00000000    00002e88   00002e88    r-x
  00000000    00000000    000000e4   000000e4    r-- .intvecs
  000000e4    000000e4    00002d62   00002d62    r-x .text
  00002e48    00002e48    00000040   00000040    r-- .cinit
20000000    20000000    000004bc   00000000    rw-
  20000000    20000000    00000400   00000000    rw- .sysmem
  20000400    20000400    000000bc   00000000    rw- .data
2000fe00    2000fe00    00000200   00000000    rw-
  2000fe00    2000fe00    00000200   00000000    rw- .stack


SECTION ALLOCATION MAP

 output                                  attributes/
section   page    origin      length       input sections
--------  ----  ----------  ----------   ----------------
.intvecs   0    00000000    000000e4     
                  00000000    000000e4     startup_msp432p401r_ccs.obj (.intvecs:retain)

.text      0    000000e4    00002d62     
                  000000e4    000007a0     main.obj (.text)
                  00000884    000005e0     serial.obj (.text)
                  00000e64    0000049c     logging.obj (.text)
                  00001300    0000040a     helpers.obj (.text)
                  0000170a    00000002     rtsv7M4_T_le_v4SPD16_eabi.lib : mpu_init.obj (.text)
                  0000170c    000003dc                                   : memory.obj (.text)
                  00001ae8    000003d8     timers.obj (.text)
                  00001ec0    0000032c     system_msp432p401r.obj (.text)
                  000021ec    000001f4     rtsv7M4_T_le_v4SPD16_eabi.lib : ull_div_t2.obj (.text)
                  000023e0    00000172     buffer.obj (.text)
                  00002552    00000002     rtsv7M4_T_le_v4SPD16_eabi.lib : startup.obj (.text)
                  00002554    00000134     error.obj (.text)
                  00002688    00000128     portMapping.obj (.text)
                  000027b0    000000fc     rtsv7M4_T_le_v4SPD16_eabi.lib : fd_mul_t2.obj (.text)
                  000028ac    0000009c                                   : memcpy_t2.obj (.text)
                  00002948    00000086                                   : fd_cmp_t2.obj (.text:__aeabi_cdrcmple)
                  000029ce    0000007a                                   : memset_t2.obj (.text)
                  00002a48    00000070                                   : autoinit.obj (.text)
                  00002ab8    0000006e                                   : fd_tos_t2.obj (.text)
                  00002b26    0000006a                                   : copy_decompress_rle.obj (.text)
                  00002b90    00000054                                   : boot.obj (.text)
                  00002be4    00000054                                   : exit.obj (.text)
                  00002c38    0000004c                                   : cpy_tbl.obj (.text)
                  00002c84    00000038     logging.obj (.text:printChar)
                  00002cbc    00000038     rtsv7M4_T_le_v4SPD16_eabi.lib : fs_tod_t2.obj (.text)
                  00002cf4    00000032     helpers.obj (.text:strLen)
                  00002d26    00000002     --HOLE-- [fill = 0]
                  00002d28    00000030     logging.obj (.text:printCharIS)
                  00002d58    0000002e     rtsv7M4_T_le_v4SPD16_eabi.lib : i_tofd_t2.obj (.text)
                  00002d86    00000020     buffer.obj (.text:buffInitialized)
                  00002da6    0000001a     buffer.obj (.text:buffEmpty)
                  00002dc0    0000001a     buffer.obj (.text:buffFull)
                  00002dda    00000002     --HOLE-- [fill = 0]
                  00002ddc    00000018     rtsv7M4_T_le_v4SPD16_eabi.lib : args_main.obj (.text)
                  00002df4    00000018                                   : ll_mul_t2.obj (.text)
                  00002e0c    00000014                                   : _lock.obj (.text)
                  00002e20    0000000e                                   : copy_decompress_none.obj (.text:decompress:none)
                  00002e2e    0000000e     startup_msp432p401r_ccs.obj (.text)
                  00002e3c    00000006     rtsv7M4_T_le_v4SPD16_eabi.lib : copy_decompress_rle.obj (.text:decompress:rle24)
                  00002e42    00000004                                   : pre_init.obj (.text)

.cinit     0    00002e48    00000040     
                  00002e48    0000002d     (.cinit..data.load) [load image, compression = rle]
                  00002e75    00000003     --HOLE-- [fill = 0]
                  00002e78    00000008     (__TI_handler_table)
                  00002e80    00000008     (__TI_cinit_table)

.init_array 
*          0    00000000    00000000     UNINITIALIZED

.binit     0    00000000    00000000     

.data      0    20000400    000000bc     UNINITIALIZED
                  20000400    0000001d     logging.obj (.data)
                  2000041d    00000003     --HOLE--
                  20000420    00000014     main.obj (.data:misoBuffRX)
                  20000434    00000014     main.obj (.data:misoBuffTX)
                  20000448    00000014     main.obj (.data:mosiBuffRX)
                  2000045c    00000014     main.obj (.data:mosiBuffTX)
                  20000470    00000014     logging.obj (.data:uartBuff)
                  20000484    00000004     rtsv7M4_T_le_v4SPD16_eabi.lib : stkdepth_vars.obj (.data)
                  20000488    00000010     main.obj (.data)
                  20000498    0000000c     rtsv7M4_T_le_v4SPD16_eabi.lib : exit.obj (.data:$O1$$)
                  200004a4    0000000c                                   : memory.obj (.data:$O1$$)
                  200004b0    00000008                                   : _lock.obj (.data:$O1$$)
                  200004b8    00000004     system_msp432p401r.obj (.data)

.sysmem    0    20000000    00000400     UNINITIALIZED
                  20000000    00000008     rtsv7M4_T_le_v4SPD16_eabi.lib : memory.obj (.sysmem)
                  20000008    000003f8     --HOLE--

.stack     0    2000fe00    00000200     UNINITIALIZED
                  2000fe00    00000200     --HOLE--

MODULE SUMMARY

       Module                        code    ro data   rw data
       ------                        ----    -------   -------
    ./
       main.obj                      1952    0         192    
       system_msp432p401r.obj        812     0         8      
       startup_msp432p401r_ccs.obj   14      228       0      
    +--+-----------------------------+-------+---------+---------+
       Total:                        2778    228       200    
                                                              
    ./Libs/
       serial.obj                    1504    0         0      
       logging.obj                   1284    0         98     
       helpers.obj                   1084    0         0      
       timers.obj                    984     0         0      
       buffer.obj                    454     0         0      
       error.obj                     308     0         0      
       portMapping.obj               296     0         0      
    +--+-----------------------------+-------+---------+---------+
       Total:                        5914    0         98     
                                                              
    /home/albert/ti/ccsv6/tools/compiler/arm_15.12.3.LTS/lib/rtsv7M4_T_le_v4SPD16_eabi.lib
       memory.obj                    988     0         24     
       ull_div_t2.obj                500     0         0      
       fd_mul_t2.obj                 252     0         0      
       memcpy_t2.obj                 156     0         0      
       fd_cmp_t2.obj                 134     0         0      
       memset_t2.obj                 122     0         0      
       autoinit.obj                  112     0         0      
       copy_decompress_rle.obj       112     0         0      
       fd_tos_t2.obj                 110     0         0      
       exit.obj                      84      0         24     
       boot.obj                      84      0         0      
       cpy_tbl.obj                   76      0         0      
       fs_tod_t2.obj                 56      0         0      
       i_tofd_t2.obj                 46      0         0      
       _lock.obj                     20      0         16     
       args_main.obj                 24      0         0      
       ll_mul_t2.obj                 24      0         0      
       copy_decompress_none.obj      14      0         0      
       stkdepth_vars.obj             0       0         8      
       pre_init.obj                  4       0         0      
       mpu_init.obj                  2       0         0      
       startup.obj                   2       0         0      
    +--+-----------------------------+-------+---------+---------+
       Total:                        2922    0         72     
                                                              
       Heap:                         0       0         2048   
       Stack:                        0       0         1024   
       Linker Generated:             0       61        0      
    +--+-----------------------------+-------+---------+---------+
       Grand Total:                  11614   289       3442   


LINKER GENERATED COPY TABLES

__TI_cinit_table @ 00002e80 records: 1, size/record: 8, table size: 8
	.data: load addr=00002e48, load size=0000002d bytes, run addr=20000400, run size=000000bc bytes, compression=rle


LINKER GENERATED HANDLER TABLE

__TI_handler_table @ 00002e78 records: 2, size/record: 4, table size: 8
	index: 0, handler: __TI_decompress_rle24
	index: 1, handler: __TI_decompress_none


GLOBAL SYMBOLS: SORTED ALPHABETICALLY BY Name 

address   name                           
-------   ----                           
00002e3b  ADC14_IRQHandler               
00002e3b  AES256_IRQHandler              
00002e3b  BusFault_Handler               
00002be5  C$$EXIT                        
00002e3b  COMP_E0_IRQHandler             
00002e3b  COMP_E1_IRQHandler             
00002e3b  CS_IRQHandler                  
00002e3b  DMA_ERR_IRQHandler             
00002e3b  DMA_INT0_IRQHandler            
00002e3b  DMA_INT1_IRQHandler            
00002e3b  DMA_INT2_IRQHandler            
00002e3b  DMA_INT3_IRQHandler            
00002e3b  DebugMon_Handler               
00002e3b  Default_Handler                
00002e3b  EUSCIA0_IRQHandler             
00000747  EUSCIA1_IRQHandler             
00000747  EUSCIA1_IRQHandler             
000007a5  EUSCIA2_IRQHandler             
000007a5  EUSCIA2_IRQHandler             
00002e3b  EUSCIA3_IRQHandler             
00002e3b  EUSCIB0_IRQHandler             
00002e3b  EUSCIB1_IRQHandler             
00002e3b  EUSCIB2_IRQHandler             
00002e3b  EUSCIB3_IRQHandler             
00002e3b  FLCTL_IRQHandler               
00002e3b  FPU_IRQHandler                 
00002e3b  HardFault_Handler              
00002e3b  MemManage_Handler              
00002e3b  NMI_Handler                    
00002e3b  PCM_IRQHandler                 
00002e3b  PORT1_IRQHandler               
00002e3b  PORT2_IRQHandler               
00002e3b  PORT3_IRQHandler               
00002e3b  PORT4_IRQHandler               
00000803  PORT5_IRQHandler               
00000803  PORT5_IRQHandler               
00000811  PORT6_IRQHandler               
00000811  PORT6_IRQHandler               
00002e3b  PSS_IRQHandler                 
00002e3b  PendSV_Handler                 
00002e3b  RTC_C_IRQHandler               
00002e2f  Reset_Handler                  
UNDEFED   SHT$$INIT_ARRAY$$Base          
UNDEFED   SHT$$INIT_ARRAY$$Limit         
00002e3b  SVC_Handler                    
00002e3b  SysTick_Handler                
200004b8  SystemCoreClock                
00001ec1  SystemCoreClockUpdate          
00002135  SystemInit                     
00002e3b  T32_INT1_IRQHandler            
00002e3b  T32_INT2_IRQHandler            
00002e3b  T32_INTC_IRQHandler            
00002e3b  TA0_0_IRQHandler               
00002e3b  TA0_N_IRQHandler               
00002e3b  TA1_0_IRQHandler               
00000709  TA1_N_IRQHandler               
00000709  TA1_N_IRQHandler               
00002e3b  TA2_0_IRQHandler               
00002e3b  TA2_N_IRQHandler               
00002e3b  TA3_0_IRQHandler               
00002e3b  TA3_N_IRQHandler               
00002e3b  UsageFault_Handler             
4000480c  WDTCTL_SYM                     
00002e3b  WDT_A_IRQHandler               
20010000  __STACK_END                    
00000200  __STACK_SIZE                   
00000400  __SYSMEM_SIZE                  
00002e80  __TI_CINIT_Base                
00002e88  __TI_CINIT_Limit               
00002e78  __TI_Handler_Table_Base        
00002e80  __TI_Handler_Table_Limit       
00002a49  __TI_auto_init                 
20000498  __TI_cleanup_ptr               
00002e21  __TI_decompress_none           
00002e3d  __TI_decompress_rle24          
2000049c  __TI_dtors_ptr                 
200004a0  __TI_enable_exit_profile_output
ffffffff  __TI_pprof_out_hndl            
ffffffff  __TI_prof_data_size            
ffffffff  __TI_prof_data_start           
00000000  __TI_static_base__             
00002949  __aeabi_cdrcmple               
00002ab9  __aeabi_d2f                    
000027b1  __aeabi_dmul                   
00002cbd  __aeabi_f2d                    
00002d59  __aeabi_i2d                    
00002df5  __aeabi_lmul                   
000029cf  __aeabi_memclr                 
000029cf  __aeabi_memclr4                
000029cf  __aeabi_memclr8                
000028ad  __aeabi_memcpy                 
000028ad  __aeabi_memcpy4                
000028ad  __aeabi_memcpy8                
000029d1  __aeabi_memset                 
000029d1  __aeabi_memset4                
000029d1  __aeabi_memset8                
000021ed  __aeabi_uldivmod               
ffffffff  __binit__                      
ffffffff  __c_args__                     
0000170b  __mpu_init                     
2000fe00  __stack                        
00002ddd  _args_main                     
00002b91  _c_int00                       
200004b0  _lock                          
00002e1b  _nop                           
00002e13  _register_lock                 
00002e0d  _register_unlock               
20000000  _sys_memory                    
00002553  _system_post_cinit             
00002e43  _system_pre_init               
200004b4  _unlock                        
00002be9  abort                          
00002495  addToBuff                      
ffffffff  binit                          
00002da7  buffEmpty                      
00002dc1  buffFull                       
00002d87  buffInitialized                
00001415  bytesToHexStr                  
00001ab5  calloc                         
00000421  clearNRFRXFlags                
00000491  clearNRFTXFlags                
0000016d  commandHandler                 
00000fd9  configLogging                  
00000d01  configSPIMaster                
00000d4d  configSPISlave                 
00000885  configUART                     
00002c39  copy_in                        
00000e89  eUSCIUARTHandler               
00002427  emptyBuff                      
00001075  enableCommands                 
00002555  errorToStr                     
00002bf1  exit                           
00001803  free                           
00002455  freeBuff                       
000024f1  getFromBuff                    
000010a9  getLine                        
00000109  getLineHandler                 
00001b85  getTime                        
000023e1  initBuff                       
00001b63  initRTC                        
00001bcd  initTimerA                     
00000000  interruptVectors               
0000115d  log                            
0000120d  logIS                          
0000017b  main                           
20000484  main_func_sp                   
0000179b  malloc                         
00002689  mapPin                         
000019d1  memalign                       
000028ad  memcpy                         
000029d7  memset                         
0000170d  minit                          
20000420  misoBuffRX                     
20000434  misoBuffTX                     
20000448  mosiBuffRX                     
2000045c  mosiBuffTX                     
20000488  nrfRXInt                       
20000489  nrfTXInt                       
00002c85  printChar                      
00002d29  printCharIS                    
000012bb  printNewline                   
000012d9  printNewlineIS                 
000010db  printString                    
00001111  printStringIS                  
00001e2d  pwm                            
000018c5  realloc                        
2000048c  rxStatus                       
2000048a  rxStatusRead                   
00001ae9  setCPUFreq                     
00000535  setupRX                        
00000655  setupTX                        
00001037  startLogging                   
00000dc5  startSPI                       
00000d8d  startUART                      
00002cf5  strLen                         
00001575  strToUInt32                    
00001613  strToUInt64                    
20000490  test                           
2000048d  txStatus                       
2000048b  txStatusRead                   
00001535  uInt16ToHexStr                 
0000154b  uInt32ToHexStr                 
0000155f  uInt64ToHexStr                 
0000151f  uInt8ToHexStr                  
00001337  uIntToStr                      


GLOBAL SYMBOLS: SORTED BY Symbol Address 

address   name                           
-------   ----                           
00000000  __TI_static_base__             
00000000  interruptVectors               
00000109  getLineHandler                 
0000016d  commandHandler                 
0000017b  main                           
00000200  __STACK_SIZE                   
00000400  __SYSMEM_SIZE                  
00000421  clearNRFRXFlags                
00000491  clearNRFTXFlags                
00000535  setupRX                        
00000655  setupTX                        
00000709  TA1_N_IRQHandler               
00000709  TA1_N_IRQHandler               
00000747  EUSCIA1_IRQHandler             
00000747  EUSCIA1_IRQHandler             
000007a5  EUSCIA2_IRQHandler             
000007a5  EUSCIA2_IRQHandler             
00000803  PORT5_IRQHandler               
00000803  PORT5_IRQHandler               
00000811  PORT6_IRQHandler               
00000811  PORT6_IRQHandler               
00000885  configUART                     
00000d01  configSPIMaster                
00000d4d  configSPISlave                 
00000d8d  startUART                      
00000dc5  startSPI                       
00000e89  eUSCIUARTHandler               
00000fd9  configLogging                  
00001037  startLogging                   
00001075  enableCommands                 
000010a9  getLine                        
000010db  printString                    
00001111  printStringIS                  
0000115d  log                            
0000120d  logIS                          
000012bb  printNewline                   
000012d9  printNewlineIS                 
00001337  uIntToStr                      
00001415  bytesToHexStr                  
0000151f  uInt8ToHexStr                  
00001535  uInt16ToHexStr                 
0000154b  uInt32ToHexStr                 
0000155f  uInt64ToHexStr                 
00001575  strToUInt32                    
00001613  strToUInt64                    
0000170b  __mpu_init                     
0000170d  minit                          
0000179b  malloc                         
00001803  free                           
000018c5  realloc                        
000019d1  memalign                       
00001ab5  calloc                         
00001ae9  setCPUFreq                     
00001b63  initRTC                        
00001b85  getTime                        
00001bcd  initTimerA                     
00001e2d  pwm                            
00001ec1  SystemCoreClockUpdate          
00002135  SystemInit                     
000021ed  __aeabi_uldivmod               
000023e1  initBuff                       
00002427  emptyBuff                      
00002455  freeBuff                       
00002495  addToBuff                      
000024f1  getFromBuff                    
00002553  _system_post_cinit             
00002555  errorToStr                     
00002689  mapPin                         
000027b1  __aeabi_dmul                   
000028ad  __aeabi_memcpy                 
000028ad  __aeabi_memcpy4                
000028ad  __aeabi_memcpy8                
000028ad  memcpy                         
00002949  __aeabi_cdrcmple               
000029cf  __aeabi_memclr                 
000029cf  __aeabi_memclr4                
000029cf  __aeabi_memclr8                
000029d1  __aeabi_memset                 
000029d1  __aeabi_memset4                
000029d1  __aeabi_memset8                
000029d7  memset                         
00002a49  __TI_auto_init                 
00002ab9  __aeabi_d2f                    
00002b91  _c_int00                       
00002be5  C$$EXIT                        
00002be9  abort                          
00002bf1  exit                           
00002c39  copy_in                        
00002c85  printChar                      
00002cbd  __aeabi_f2d                    
00002cf5  strLen                         
00002d29  printCharIS                    
00002d59  __aeabi_i2d                    
00002d87  buffInitialized                
00002da7  buffEmpty                      
00002dc1  buffFull                       
00002ddd  _args_main                     
00002df5  __aeabi_lmul                   
00002e0d  _register_unlock               
00002e13  _register_lock                 
00002e1b  _nop                           
00002e21  __TI_decompress_none           
00002e2f  Reset_Handler                  
00002e3b  ADC14_IRQHandler               
00002e3b  AES256_IRQHandler              
00002e3b  BusFault_Handler               
00002e3b  COMP_E0_IRQHandler             
00002e3b  COMP_E1_IRQHandler             
00002e3b  CS_IRQHandler                  
00002e3b  DMA_ERR_IRQHandler             
00002e3b  DMA_INT0_IRQHandler            
00002e3b  DMA_INT1_IRQHandler            
00002e3b  DMA_INT2_IRQHandler            
00002e3b  DMA_INT3_IRQHandler            
00002e3b  DebugMon_Handler               
00002e3b  Default_Handler                
00002e3b  EUSCIA0_IRQHandler             
00002e3b  EUSCIA3_IRQHandler             
00002e3b  EUSCIB0_IRQHandler             
00002e3b  EUSCIB1_IRQHandler             
00002e3b  EUSCIB2_IRQHandler             
00002e3b  EUSCIB3_IRQHandler             
00002e3b  FLCTL_IRQHandler               
00002e3b  FPU_IRQHandler                 
00002e3b  HardFault_Handler              
00002e3b  MemManage_Handler              
00002e3b  NMI_Handler                    
00002e3b  PCM_IRQHandler                 
00002e3b  PORT1_IRQHandler               
00002e3b  PORT2_IRQHandler               
00002e3b  PORT3_IRQHandler               
00002e3b  PORT4_IRQHandler               
00002e3b  PSS_IRQHandler                 
00002e3b  PendSV_Handler                 
00002e3b  RTC_C_IRQHandler               
00002e3b  SVC_Handler                    
00002e3b  SysTick_Handler                
00002e3b  T32_INT1_IRQHandler            
00002e3b  T32_INT2_IRQHandler            
00002e3b  T32_INTC_IRQHandler            
00002e3b  TA0_0_IRQHandler               
00002e3b  TA0_N_IRQHandler               
00002e3b  TA1_0_IRQHandler               
00002e3b  TA2_0_IRQHandler               
00002e3b  TA2_N_IRQHandler               
00002e3b  TA3_0_IRQHandler               
00002e3b  TA3_N_IRQHandler               
00002e3b  UsageFault_Handler             
00002e3b  WDT_A_IRQHandler               
00002e3d  __TI_decompress_rle24          
00002e43  _system_pre_init               
00002e78  __TI_Handler_Table_Base        
00002e80  __TI_CINIT_Base                
00002e80  __TI_Handler_Table_Limit       
00002e88  __TI_CINIT_Limit               
20000000  _sys_memory                    
20000420  misoBuffRX                     
20000434  misoBuffTX                     
20000448  mosiBuffRX                     
2000045c  mosiBuffTX                     
20000484  main_func_sp                   
20000488  nrfRXInt                       
20000489  nrfTXInt                       
2000048a  rxStatusRead                   
2000048b  txStatusRead                   
2000048c  rxStatus                       
2000048d  txStatus                       
20000490  test                           
20000498  __TI_cleanup_ptr               
2000049c  __TI_dtors_ptr                 
200004a0  __TI_enable_exit_profile_output
200004b0  _lock                          
200004b4  _unlock                        
200004b8  SystemCoreClock                
2000fe00  __stack                        
20010000  __STACK_END                    
4000480c  WDTCTL_SYM                     
ffffffff  __TI_pprof_out_hndl            
ffffffff  __TI_prof_data_size            
ffffffff  __TI_prof_data_start           
ffffffff  __binit__                      
ffffffff  __c_args__                     
ffffffff  binit                          
UNDEFED   SHT$$INIT_ARRAY$$Base          
UNDEFED   SHT$$INIT_ARRAY$$Limit         

[185 symbols]
