******************************************************************************
                  TI ARM Linker Unix v15.12.3                  
******************************************************************************
>> Linked Tue Dec 13 12:04:44 2016

OUTPUT FILE NAME:   <Final-Project.out>
ENTRY POINT SYMBOL: "_c_int00"  address: 00003735


MEMORY CONFIGURATION

         name            origin    length      used     unused   attr    fill
----------------------  --------  ---------  --------  --------  ----  --------
  MAIN                  00000000   00040000  00003d80  0003c280  R  X
  INFO                  00200000   00004000  00000000  00004000  R  X
  SRAM_CODE             01000000   00010000  00000705  0000f8fb  RW X
  SRAM_DATA             20000000   00010000  00000705  0000f8fb  RW  


SEGMENT ALLOCATION MAP

run origin  load origin   length   init length attrs members
----------  ----------- ---------- ----------- ----- -------
00000000    00000000    00003d84   00003d84    r-x
  00000000    00000000    000000e4   000000e4    r-- .intvecs
  000000e4    000000e4    00003af2   00003af2    r-x .text
  00003bd8    00003bd8    0000010e   0000010e    r-- .const
  00003ce8    00003ce8    0000009c   0000009c    r-- .cinit
20000000    20000000    00000506   00000000    rw-
  20000000    20000000    00000400   00000000    rw- .sysmem
  20000400    20000400    000000ef   00000000    rw- .data
  200004f0    200004f0    00000016   00000000    rw- .bss
2000fe00    2000fe00    00000200   00000000    rw-
  2000fe00    2000fe00    00000200   00000000    rw- .stack


SECTION ALLOCATION MAP

 output                                  attributes/
section   page    origin      length       input sections
--------  ----  ----------  ----------   ----------------
.intvecs   0    00000000    000000e4     
                  00000000    000000e4     startup_msp432p401r_ccs.obj (.intvecs:retain)

.text      0    000000e4    00003af2     
                  000000e4    00000ae8     logging.obj (.text)
                  00000bcc    000006f4     main.obj (.text)
                  000012c0    000005e0     serial.obj (.text)
                  000018a0    00000504     helpers.obj (.text)
                  00001da4    00000478     timers.obj (.text)
                  0000221c    000003dc     rtsv7M4_T_le_v4SPD16_eabi.lib : memory.obj (.text)
                  000025f8    0000032c     system_msp432p401r.obj (.text)
                  00002924    000001f4     rtsv7M4_T_le_v4SPD16_eabi.lib : ull_div_t2.obj (.text)
                  00002b18    0000017a     ptrBuffer.obj (.text)
                  00002c92    00000178     buffer.obj (.text)
                  00002e0a    00000002     rtsv7M4_T_le_v4SPD16_eabi.lib : mpu_init.obj (.text)
                  00002e0c    0000014c     error.obj (.text)
                  00002f58    00000144     main.obj (.text:setState)
                  0000309c    00000130     async.obj (.text)
                  000031cc    00000128     portMapping.obj (.text)
                  000032f4    000000fc     rtsv7M4_T_le_v4SPD16_eabi.lib : fd_mul_t2.obj (.text)
                  000033f0    0000009c                                   : memcpy_t2.obj (.text)
                  0000348c    00000086                                   : fd_cmp_t2.obj (.text:__aeabi_cdrcmple)
                  00003512    0000007a                                   : memset_t2.obj (.text)
                  0000358c    00000070                                   : autoinit.obj (.text)
                  000035fc    0000006e                                   : fd_tos_t2.obj (.text)
                  0000366a    0000006a                                   : copy_decompress_rle.obj (.text)
                  000036d4    00000060     main.obj (.text:nrfReadRX)
                  00003734    00000054     rtsv7M4_T_le_v4SPD16_eabi.lib : boot.obj (.text)
                  00003788    00000054                                   : exit.obj (.text)
                  000037dc    0000004c                                   : cpy_tbl.obj (.text)
                  00003828    00000040     main.obj (.text:nrfWReg)
                  00003868    00000038     rtsv7M4_T_le_v4SPD16_eabi.lib : fs_tod_t2.obj (.text)
                  000038a0    00000032     main.obj (.text:decodeState)
                  000038d2    00000032     helpers.obj (.text:strLen)
                  00003904    0000002e     rtsv7M4_T_le_v4SPD16_eabi.lib : i_tofd_t2.obj (.text)
                  00003932    00000002                                   : startup.obj (.text)
                  00003934    0000002c     main.obj (.text:nrfWaitForSPI)
                  00003960    0000002c     main.obj (.text:requestMode)
                  0000398c    00000020     buffer.obj (.text:buffInitialized)
                  000039ac    00000020     helpers.obj (.text:printable)
                  000039cc    00000020     ptrBuffer.obj (.text:ptrBuffInitialized)
                  000039ec    0000001c     main.obj (.text:isCommand)
                  00003a08    0000001c     main.obj (.text:nrfFlushRXFIFO)
                  00003a24    0000001c     main.obj (.text:nrfFlushTXFIFO)
                  00003a40    0000001c     main.obj (.text:nrfUpdateStatus)
                  00003a5c    0000001a     buffer.obj (.text:buffEmpty)
                  00003a76    0000001a     buffer.obj (.text:buffFull)
                  00003a90    0000001a     ptrBuffer.obj (.text:ptrBuffEmpty)
                  00003aaa    0000001a     ptrBuffer.obj (.text:ptrBuffFull)
                  00003ac4    00000018     main.obj (.text:forceMode)
                  00003adc    00000018     rtsv7M4_T_le_v4SPD16_eabi.lib : args_main.obj (.text)
                  00003af4    00000018                                   : ll_mul_t2.obj (.text)
                  00003b0c    00000016     main.obj (.text:decodeCommand)
                  00003b22    00000014     main.obj (.text:nrfClearStatus)
                  00003b36    00000002     --HOLE-- [fill = 0]
                  00003b38    00000014     rtsv7M4_T_le_v4SPD16_eabi.lib : _lock.obj (.text)
                  00003b4c    00000010     main.obj (.text:nrfDsCE)
                  00003b5c    00000010     main.obj (.text:nrfEnCE)
                  00003b6c    00000010     main.obj (.text:nrfSendSPI)
                  00003b7c    00000010     main.obj (.text:resetWatchdog)
                  00003b8c    0000000e     rtsv7M4_T_le_v4SPD16_eabi.lib : copy_decompress_none.obj (.text:decompress:none)
                  00003b9a    0000000e     startup_msp432p401r_ccs.obj (.text)
                  00003ba8    0000000c     timers.obj (.text:getHours)
                  00003bb4    0000000c     timers.obj (.text:getMinutes)
                  00003bc0    0000000c     timers.obj (.text:getSeconds)
                  00003bcc    00000006     rtsv7M4_T_le_v4SPD16_eabi.lib : copy_decompress_rle.obj (.text:decompress:rle24)
                  00003bd2    00000004                                   : pre_init.obj (.text)

.const     0    00003bd8    0000010e     
                  00003bd8    00000102     main.obj (.const:.string)
                  00003cda    00000002     main.obj (.const:$P$T11$6)
                  00003cdc    00000002     main.obj (.const:$P$T2$1)
                  00003cde    00000002     main.obj (.const:$P$T5$2)
                  00003ce0    00000002     main.obj (.const:$P$T6$3)
                  00003ce2    00000002     main.obj (.const:$P$T8$4)
                  00003ce4    00000002     main.obj (.const:$P$T9$5)

.cinit     0    00003ce8    0000009c     
                  00003ce8    00000074     (.cinit..data.load) [load image, compression = rle]
                  00003d5c    00000004     --HOLE-- [fill = 0]
                  00003d60    00000009     (.cinit..bss.load) [load image, compression = rle]
                  00003d69    00000003     --HOLE-- [fill = 0]
                  00003d6c    00000008     (__TI_handler_table)
                  00003d74    00000010     (__TI_cinit_table)

.init_array 
*          0    00000000    00000000     UNINITIALIZED

.binit     0    00000000    00000000     

.sysmem    0    20000000    00000400     UNINITIALIZED
                  20000000    00000008     rtsv7M4_T_le_v4SPD16_eabi.lib : memory.obj (.sysmem)
                  20000008    000003f8     --HOLE--

.data      0    20000400    000000ef     UNINITIALIZED
                  20000400    00000031     logging.obj (.data)
                  20000431    00000003     logging.obj (.data:logBreakClosers)
                  20000434    00000030     main.obj (.data:commandDescriptions)
                  20000464    00000014     logging.obj (.data:callbacks)
                  20000478    00000014     main.obj (.data:miso)
                  2000048c    00000014     main.obj (.data:mosi)
                  200004a0    0000000c     rtsv7M4_T_le_v4SPD16_eabi.lib : exit.obj (.data:$O1$$)
                  200004ac    0000000c                                   : memory.obj (.data:$O1$$)
                  200004b8    0000000c     main.obj (.data:directionDescriptions)
                  200004c4    00000008     rtsv7M4_T_le_v4SPD16_eabi.lib : _lock.obj (.data:$O1$$)
                  200004cc    00000008     main.obj (.data)
                  200004d4    00000006     timers.obj (.data:current)
                  200004da    00000002     main.obj (.data:lastState)
                  200004dc    00000004     rtsv7M4_T_le_v4SPD16_eabi.lib : stkdepth_vars.obj (.data)
                  200004e0    00000004     system_msp432p401r.obj (.data)
                  200004e4    00000004     timers.obj (.data)
                  200004e8    00000003     logging.obj (.data:logBreakOpeners)
                  200004eb    00000001     async.obj (.data:flags)
                  200004ec    00000001     main.obj (.data:flags)
                  200004ed    00000001     main.obj (.data:nrfStatus)
                  200004ee    00000001     main.obj (.data:prefs)

.bss       0    200004f0    00000016     UNINITIALIZED
                  200004f0    00000014     async.obj (.bss:funcs)
                  20000504    00000001     logging.obj (.bss:flags)
                  20000505    00000001     logging.obj (.bss)

.stack     0    2000fe00    00000200     UNINITIALIZED
                  2000fe00    00000200     --HOLE--

MODULE SUMMARY

       Module                        code    ro data   rw data
       ------                        ----    -------   -------
    ./
       main.obj                      2644    270       226    
       system_msp432p401r.obj        812     0         8      
       startup_msp432p401r_ccs.obj   14      228       0      
    +--+-----------------------------+-------+---------+---------+
       Total:                        3470    498       234    
                                                              
    ./Libs/
       logging.obj                   2792    0         154    
       serial.obj                    1504    0         0      
       helpers.obj                   1366    0         0      
       timers.obj                    1180    0         20     
       ptrBuffer.obj                 462     0         0      
       buffer.obj                    460     0         0      
       async.obj                     304     0         42     
       error.obj                     332     0         0      
       portMapping.obj               296     0         0      
    +--+-----------------------------+-------+---------+---------+
       Total:                        8696    0         216    
                                                              
    /home/albert/ti/ccsv6/tools/compiler/arm_15.12.3.LTS/lib/rtsv7M4_T_le_v4SPD16_eabi.lib
       memory.obj                    988     0         24     
       ull_div_t2.obj                500     0         0      
       fd_mul_t2.obj                 252     0         0      
       memcpy_t2.obj                 156     0         0      
       fd_cmp_t2.obj                 134     0         0      
       memset_t2.obj                 122     0         0      
       autoinit.obj                  112     0         0      
       copy_decompress_rle.obj       112     0         0      
       fd_tos_t2.obj                 110     0         0      
       exit.obj                      84      0         24     
       boot.obj                      84      0         0      
       cpy_tbl.obj                   76      0         0      
       fs_tod_t2.obj                 56      0         0      
       i_tofd_t2.obj                 46      0         0      
       _lock.obj                     20      0         16     
       args_main.obj                 24      0         0      
       ll_mul_t2.obj                 24      0         0      
       copy_decompress_none.obj      14      0         0      
       stkdepth_vars.obj             0       0         8      
       pre_init.obj                  4       0         0      
       mpu_init.obj                  2       0         0      
       startup.obj                   2       0         0      
    +--+-----------------------------+-------+---------+---------+
       Total:                        2922    0         72     
                                                              
       Heap:                         0       0         2048   
       Stack:                        0       0         1024   
       Linker Generated:             0       149       0      
    +--+-----------------------------+-------+---------+---------+
       Grand Total:                  15088   647       3594   


LINKER GENERATED COPY TABLES

__TI_cinit_table @ 00003d74 records: 2, size/record: 8, table size: 16
	.data: load addr=00003ce8, load size=00000074 bytes, run addr=20000400, run size=000000ef bytes, compression=rle
	.bss: load addr=00003d60, load size=00000009 bytes, run addr=200004f0, run size=00000016 bytes, compression=rle


LINKER GENERATED HANDLER TABLE

__TI_handler_table @ 00003d6c records: 2, size/record: 4, table size: 8
	index: 0, handler: __TI_decompress_rle24
	index: 1, handler: __TI_decompress_none


GLOBAL SYMBOLS: SORTED ALPHABETICALLY BY Name 

address   name                           
-------   ----                           
00003ba7  ADC14_IRQHandler               
00003ba7  AES256_IRQHandler              
00003ba7  BusFault_Handler               
00003789  C$$EXIT                        
00003ba7  COMP_E0_IRQHandler             
00003ba7  COMP_E1_IRQHandler             
00003ba7  CS_IRQHandler                  
00003ba7  DMA_ERR_IRQHandler             
00003ba7  DMA_INT0_IRQHandler            
00003ba7  DMA_INT1_IRQHandler            
00003ba7  DMA_INT2_IRQHandler            
00003ba7  DMA_INT3_IRQHandler            
00003ba7  DebugMon_Handler               
00003ba7  Default_Handler                
00003ba7  EUSCIA0_IRQHandler             
00001195  EUSCIA1_IRQHandler             
00001195  EUSCIA1_IRQHandler             
00003ba7  EUSCIA2_IRQHandler             
00003ba7  EUSCIA3_IRQHandler             
00003ba7  EUSCIB0_IRQHandler             
00003ba7  EUSCIB1_IRQHandler             
00003ba7  EUSCIB2_IRQHandler             
00003ba7  EUSCIB3_IRQHandler             
00003ba7  FLCTL_IRQHandler               
00003ba7  FPU_IRQHandler                 
00003ba7  HardFault_Handler              
00003ba7  MemManage_Handler              
00003ba7  NMI_Handler                    
00003ba7  PCM_IRQHandler                 
00003ba7  PORT1_IRQHandler               
00003ba7  PORT2_IRQHandler               
00003ba7  PORT3_IRQHandler               
00003ba7  PORT4_IRQHandler               
0000123b  PORT5_IRQHandler               
0000123b  PORT5_IRQHandler               
00003ba7  PORT6_IRQHandler               
00003ba7  PSS_IRQHandler                 
00003187  PendSV_Handler                 
00003187  PendSV_Handler                 
00001e43  RTC_C_IRQHandler               
00001e43  RTC_C_IRQHandler               
00003b9b  Reset_Handler                  
UNDEFED   SHT$$INIT_ARRAY$$Base          
UNDEFED   SHT$$INIT_ARRAY$$Limit         
00003ba7  SVC_Handler                    
00003ba7  SysTick_Handler                
200004e0  SystemCoreClock                
000025f9  SystemCoreClockUpdate          
0000286d  SystemInit                     
000021d1  T32_INT1_IRQHandler            
000021d1  T32_INT1_IRQHandler            
00003ba7  T32_INT2_IRQHandler            
00003ba7  T32_INTC_IRQHandler            
00003ba7  TA0_0_IRQHandler               
00003ba7  TA0_N_IRQHandler               
00003ba7  TA1_0_IRQHandler               
0000117b  TA1_N_IRQHandler               
0000117b  TA1_N_IRQHandler               
00003ba7  TA2_0_IRQHandler               
00003ba7  TA2_N_IRQHandler               
00003ba7  TA3_0_IRQHandler               
00003ba7  TA3_N_IRQHandler               
00003ba7  UsageFault_Handler             
4000480c  WDTCTL_SYM                     
00001215  WDT_A_IRQHandler               
00001215  WDT_A_IRQHandler               
20010000  __STACK_END                    
00000200  __STACK_SIZE                   
00000400  __SYSMEM_SIZE                  
00003d74  __TI_CINIT_Base                
00003d84  __TI_CINIT_Limit               
00003d6c  __TI_Handler_Table_Base        
00003d74  __TI_Handler_Table_Limit       
0000358d  __TI_auto_init                 
200004a0  __TI_cleanup_ptr               
00003b8d  __TI_decompress_none           
00003bcd  __TI_decompress_rle24          
200004a4  __TI_dtors_ptr                 
200004a8  __TI_enable_exit_profile_output
ffffffff  __TI_pprof_out_hndl            
ffffffff  __TI_prof_data_size            
ffffffff  __TI_prof_data_start           
00000000  __TI_static_base__             
0000348d  __aeabi_cdrcmple               
000035fd  __aeabi_d2f                    
000032f5  __aeabi_dmul                   
00003869  __aeabi_f2d                    
00003905  __aeabi_i2d                    
00003af5  __aeabi_lmul                   
00003513  __aeabi_memclr                 
00003513  __aeabi_memclr4                
00003513  __aeabi_memclr8                
000033f1  __aeabi_memcpy                 
000033f1  __aeabi_memcpy4                
000033f1  __aeabi_memcpy8                
00003515  __aeabi_memset                 
00003515  __aeabi_memset4                
00003515  __aeabi_memset8                
00002925  __aeabi_uldivmod               
ffffffff  __binit__                      
ffffffff  __c_args__                     
00002e0b  __mpu_init                     
2000fe00  __stack                        
00003add  _args_main                     
00003735  _c_int00                       
000004f7  _getLineNumberHandler          
200004c4  _lock                          
00003b47  _nop                           
00003b3f  _register_lock                 
00003b39  _register_unlock               
20000000  _sys_memory                    
00003933  _system_post_cinit             
00003bd3  _system_pre_init               
200004c8  _unlock                        
0000378d  abort                          
00002d45  addToBuff                      
00002bcd  addToPtrBuff                   
ffffffff  binit                          
00003a5d  buffEmpty                      
00003a77  buffFull                       
0000398d  buffInitialized                
00001a05  bytesToHexStr                  
000025c5  calloc                         
20000434  commandDescriptions            
00000311  configLogging                  
0000173d  configSPIMaster                
00001789  configSPISlave                 
000012c1  configUART                     
000037dd  copy_in                        
2000040c  currentOption                  
00003b0d  decodeCommand                  
000038a1  decodeState                    
00002155  delay                          
0000219d  delaying                       
200004b8  directionDescriptions          
00000b6d  eUSCIUARTHandler               
00002cd7  emptyBuff                      
00002b5f  emptyPtrBuff                   
0000038d  enableCommands                 
00002e0d  errorToStr                     
00003795  exit                           
00003ac5  forceMode                      
00002313  free                           
00002d05  freeBuff                       
00002b8d  freePtrBuff                    
000003c5  getChar                        
00002da7  getFromBuff                    
00002c2d  getFromPtrBuff                 
00003ba9  getHours                       
00000415  getLine                        
00003bb5  getMinutes                     
000005b5  getNumberInRange               
0000045b  getOption                      
00003bc1  getSeconds                     
0000313d  initAsync                      
00002c93  initBuff                       
0000213f  initDelay                      
00002b19  initPtrBuff                    
00001e6f  initRTC                        
00001e99  initTimerA                     
000019b5  intToStr                       
00000000  interruptVectors               
000039ed  isCommand                      
000007c1  log                            
00000bfd  main                           
200004dc  main_func_sp                   
000022ab  malloc                         
000031cd  mapPin                         
20000410  maxNum                         
000024e1  memalign                       
000033f1  memcpy                         
0000351b  memset                         
20000418  minNum                         
0000221d  minit                          
00000bf1  noOp                           
00003b23  nrfClearStatus                 
00003b4d  nrfDsCE                        
00003b5d  nrfEnCE                        
00003a09  nrfFlushRXFIFO                 
00003a25  nrfFlushTXFIFO                 
000036d5  nrfReadRX                      
00003b6d  nrfSendSPI                     
00003a41  nrfUpdateStatus                
00003829  nrfWReg                        
00003935  nrfWaitForSPI                  
20000408  numOptions                     
20000404  options                        
00000b39  pauseCommands                  
00000671  printArray                     
00000609  printChar                      
00000627  printNewline                   
00000645  printString                    
000006d9  printWrap                      
000039ad  printable                      
00003a91  ptrBuffEmpty                   
00003aab  ptrBuffFull                    
000039cd  ptrBuffInitialized             
000020c1  pwm                            
00000add  readyForCommands               
000023d5  realloc                        
00000dd5  receive                        
00003961  requestMode                    
00003b7d  resetWatchdog                  
0000316f  runAsync                       
00001dc9  setCPUFreq                     
00002f59  setState                       
00000fd1  setupIO                        
00000eed  setupLogging                   
000010c5  setupNRF                       
00000f21  setupTimers                    
0000034f  startLogging                   
00001801  startSPI                       
000017c9  startUART                      
000038d3  strLen                         
00001d05  strToInt64                     
00001b65  strToUInt32                    
00001c0d  strToUInt64                    
00001b25  uInt16ToHexStr                 
00001b3b  uInt32ToHexStr                 
00001b4f  uInt64ToHexStr                 
00001b0f  uInt8ToHexStr                  
000018d7  uIntToStr                      


GLOBAL SYMBOLS: SORTED BY Symbol Address 

address   name                           
-------   ----                           
00000000  __TI_static_base__             
00000000  interruptVectors               
00000200  __STACK_SIZE                   
00000311  configLogging                  
0000034f  startLogging                   
0000038d  enableCommands                 
000003c5  getChar                        
00000400  __SYSMEM_SIZE                  
00000415  getLine                        
0000045b  getOption                      
000004f7  _getLineNumberHandler          
000005b5  getNumberInRange               
00000609  printChar                      
00000627  printNewline                   
00000645  printString                    
00000671  printArray                     
000006d9  printWrap                      
000007c1  log                            
00000add  readyForCommands               
00000b39  pauseCommands                  
00000b6d  eUSCIUARTHandler               
00000bf1  noOp                           
00000bfd  main                           
00000dd5  receive                        
00000eed  setupLogging                   
00000f21  setupTimers                    
00000fd1  setupIO                        
000010c5  setupNRF                       
0000117b  TA1_N_IRQHandler               
0000117b  TA1_N_IRQHandler               
00001195  EUSCIA1_IRQHandler             
00001195  EUSCIA1_IRQHandler             
00001215  WDT_A_IRQHandler               
00001215  WDT_A_IRQHandler               
0000123b  PORT5_IRQHandler               
0000123b  PORT5_IRQHandler               
000012c1  configUART                     
0000173d  configSPIMaster                
00001789  configSPISlave                 
000017c9  startUART                      
00001801  startSPI                       
000018d7  uIntToStr                      
000019b5  intToStr                       
00001a05  bytesToHexStr                  
00001b0f  uInt8ToHexStr                  
00001b25  uInt16ToHexStr                 
00001b3b  uInt32ToHexStr                 
00001b4f  uInt64ToHexStr                 
00001b65  strToUInt32                    
00001c0d  strToUInt64                    
00001d05  strToInt64                     
00001dc9  setCPUFreq                     
00001e43  RTC_C_IRQHandler               
00001e43  RTC_C_IRQHandler               
00001e6f  initRTC                        
00001e99  initTimerA                     
000020c1  pwm                            
0000213f  initDelay                      
00002155  delay                          
0000219d  delaying                       
000021d1  T32_INT1_IRQHandler            
000021d1  T32_INT1_IRQHandler            
0000221d  minit                          
000022ab  malloc                         
00002313  free                           
000023d5  realloc                        
000024e1  memalign                       
000025c5  calloc                         
000025f9  SystemCoreClockUpdate          
0000286d  SystemInit                     
00002925  __aeabi_uldivmod               
00002b19  initPtrBuff                    
00002b5f  emptyPtrBuff                   
00002b8d  freePtrBuff                    
00002bcd  addToPtrBuff                   
00002c2d  getFromPtrBuff                 
00002c93  initBuff                       
00002cd7  emptyBuff                      
00002d05  freeBuff                       
00002d45  addToBuff                      
00002da7  getFromBuff                    
00002e0b  __mpu_init                     
00002e0d  errorToStr                     
00002f59  setState                       
0000313d  initAsync                      
0000316f  runAsync                       
00003187  PendSV_Handler                 
00003187  PendSV_Handler                 
000031cd  mapPin                         
000032f5  __aeabi_dmul                   
000033f1  __aeabi_memcpy                 
000033f1  __aeabi_memcpy4                
000033f1  __aeabi_memcpy8                
000033f1  memcpy                         
0000348d  __aeabi_cdrcmple               
00003513  __aeabi_memclr                 
00003513  __aeabi_memclr4                
00003513  __aeabi_memclr8                
00003515  __aeabi_memset                 
00003515  __aeabi_memset4                
00003515  __aeabi_memset8                
0000351b  memset                         
0000358d  __TI_auto_init                 
000035fd  __aeabi_d2f                    
000036d5  nrfReadRX                      
00003735  _c_int00                       
00003789  C$$EXIT                        
0000378d  abort                          
00003795  exit                           
000037dd  copy_in                        
00003829  nrfWReg                        
00003869  __aeabi_f2d                    
000038a1  decodeState                    
000038d3  strLen                         
00003905  __aeabi_i2d                    
00003933  _system_post_cinit             
00003935  nrfWaitForSPI                  
00003961  requestMode                    
0000398d  buffInitialized                
000039ad  printable                      
000039cd  ptrBuffInitialized             
000039ed  isCommand                      
00003a09  nrfFlushRXFIFO                 
00003a25  nrfFlushTXFIFO                 
00003a41  nrfUpdateStatus                
00003a5d  buffEmpty                      
00003a77  buffFull                       
00003a91  ptrBuffEmpty                   
00003aab  ptrBuffFull                    
00003ac5  forceMode                      
00003add  _args_main                     
00003af5  __aeabi_lmul                   
00003b0d  decodeCommand                  
00003b23  nrfClearStatus                 
00003b39  _register_unlock               
00003b3f  _register_lock                 
00003b47  _nop                           
00003b4d  nrfDsCE                        
00003b5d  nrfEnCE                        
00003b6d  nrfSendSPI                     
00003b7d  resetWatchdog                  
00003b8d  __TI_decompress_none           
00003b9b  Reset_Handler                  
00003ba7  ADC14_IRQHandler               
00003ba7  AES256_IRQHandler              
00003ba7  BusFault_Handler               
00003ba7  COMP_E0_IRQHandler             
00003ba7  COMP_E1_IRQHandler             
00003ba7  CS_IRQHandler                  
00003ba7  DMA_ERR_IRQHandler             
00003ba7  DMA_INT0_IRQHandler            
00003ba7  DMA_INT1_IRQHandler            
00003ba7  DMA_INT2_IRQHandler            
00003ba7  DMA_INT3_IRQHandler            
00003ba7  DebugMon_Handler               
00003ba7  Default_Handler                
00003ba7  EUSCIA0_IRQHandler             
00003ba7  EUSCIA2_IRQHandler             
00003ba7  EUSCIA3_IRQHandler             
00003ba7  EUSCIB0_IRQHandler             
00003ba7  EUSCIB1_IRQHandler             
00003ba7  EUSCIB2_IRQHandler             
00003ba7  EUSCIB3_IRQHandler             
00003ba7  FLCTL_IRQHandler               
00003ba7  FPU_IRQHandler                 
00003ba7  HardFault_Handler              
00003ba7  MemManage_Handler              
00003ba7  NMI_Handler                    
00003ba7  PCM_IRQHandler                 
00003ba7  PORT1_IRQHandler               
00003ba7  PORT2_IRQHandler               
00003ba7  PORT3_IRQHandler               
00003ba7  PORT4_IRQHandler               
00003ba7  PORT6_IRQHandler               
00003ba7  PSS_IRQHandler                 
00003ba7  SVC_Handler                    
00003ba7  SysTick_Handler                
00003ba7  T32_INT2_IRQHandler            
00003ba7  T32_INTC_IRQHandler            
00003ba7  TA0_0_IRQHandler               
00003ba7  TA0_N_IRQHandler               
00003ba7  TA1_0_IRQHandler               
00003ba7  TA2_0_IRQHandler               
00003ba7  TA2_N_IRQHandler               
00003ba7  TA3_0_IRQHandler               
00003ba7  TA3_N_IRQHandler               
00003ba7  UsageFault_Handler             
00003ba9  getHours                       
00003bb5  getMinutes                     
00003bc1  getSeconds                     
00003bcd  __TI_decompress_rle24          
00003bd3  _system_pre_init               
00003d6c  __TI_Handler_Table_Base        
00003d74  __TI_CINIT_Base                
00003d74  __TI_Handler_Table_Limit       
00003d84  __TI_CINIT_Limit               
20000000  _sys_memory                    
20000404  options                        
20000408  numOptions                     
2000040c  currentOption                  
20000410  maxNum                         
20000418  minNum                         
20000434  commandDescriptions            
200004a0  __TI_cleanup_ptr               
200004a4  __TI_dtors_ptr                 
200004a8  __TI_enable_exit_profile_output
200004b8  directionDescriptions          
200004c4  _lock                          
200004c8  _unlock                        
200004dc  main_func_sp                   
200004e0  SystemCoreClock                
2000fe00  __stack                        
20010000  __STACK_END                    
4000480c  WDTCTL_SYM                     
ffffffff  __TI_pprof_out_hndl            
ffffffff  __TI_prof_data_size            
ffffffff  __TI_prof_data_start           
ffffffff  __binit__                      
ffffffff  __c_args__                     
ffffffff  binit                          
UNDEFED   SHT$$INIT_ARRAY$$Base          
UNDEFED   SHT$$INIT_ARRAY$$Limit         

[222 symbols]
