******************************************************************************
                  TI ARM Linker Unix v15.12.3                  
******************************************************************************
>> Linked Sun Nov 13 15:17:17 2016

OUTPUT FILE NAME:   <Final-Project.out>
ENTRY POINT SYMBOL: "_c_int00"  address: 00001dc5


MEMORY CONFIGURATION

         name            origin    length      used     unused   attr    fill
----------------------  --------  ---------  --------  --------  ----  --------
  MAIN                  00000000   00040000  00002076  0003df8a  R  X
  INFO                  00200000   00004000  00000000  00004000  R  X
  SRAM_CODE             01000000   00010000  000006a8  0000f958  RW X
  SRAM_DATA             20000000   00010000  000006a8  0000f958  RW  


SEGMENT ALLOCATION MAP

run origin  load origin   length   init length attrs members
----------  ----------- ---------- ----------- ----- -------
00000000    00000000    0000207c   0000207c    r-x
  00000000    00000000    000000e4   000000e4    r-- .intvecs
  000000e4    000000e4    00001f56   00001f56    r-x .text
  00002040    00002040    0000003c   0000003c    r-- .cinit
20000000    20000000    000004a8   00000000    rw-
  20000000    20000000    00000400   00000000    rw- .sysmem
  20000400    20000400    000000a8   00000000    rw- .data
2000fe00    2000fe00    00000200   00000000    rw-
  2000fe00    2000fe00    00000200   00000000    rw- .stack


SECTION ALLOCATION MAP

 output                                  attributes/
section   page    origin      length       input sections
--------  ----  ----------  ----------   ----------------
.intvecs   0    00000000    000000e4     
                  00000000    000000e4     startup_msp432p401r_ccs.obj (.intvecs:retain)

.text      0    000000e4    00001f56     
                  000000e4    00000708     main.obj (.text)
                  000007ec    00000628     serial.obj (.text)
                  00000e14    000003dc     rtsv7M4_T_le_v4SPD16_eabi.lib : memory.obj (.text)
                  000011f0    0000032c     system_msp432p401r.obj (.text)
                  0000151c    000001f4     rtsv7M4_T_le_v4SPD16_eabi.lib : ull_div_t2.obj (.text)
                  00001710    00000140     helpers.obj (.text)
                  00001850    0000013a     buffer.obj (.text)
                  0000198a    000000fc     rtsv7M4_T_le_v4SPD16_eabi.lib : fd_mul_t2.obj (.text)
                  00001a86    0000009c                                   : memcpy_t2.obj (.text)
                  00001b22    00000086                                   : fd_cmp_t2.obj (.text:__aeabi_cdrcmple)
                  00001ba8    0000007a                                   : memset_t2.obj (.text)
                  00001c22    00000002                                   : mpu_init.obj (.text)
                  00001c24    00000070                                   : autoinit.obj (.text)
                  00001c94    0000006e                                   : fd_tos_t2.obj (.text)
                  00001d02    0000006a                                   : copy_decompress_rle.obj (.text)
                  00001d6c    00000058     main.obj (.text:sendMaster)
                  00001dc4    00000054     rtsv7M4_T_le_v4SPD16_eabi.lib : boot.obj (.text)
                  00001e18    00000054                                   : exit.obj (.text)
                  00001e6c    0000004c                                   : cpy_tbl.obj (.text)
                  00001eb8    00000048     main.obj (.text:sendSlave)
                  00001f00    00000038     rtsv7M4_T_le_v4SPD16_eabi.lib : fs_tod_t2.obj (.text)
                  00001f38    0000002e                                   : i_tofd_t2.obj (.text)
                  00001f66    00000002                                   : startup.obj (.text)
                  00001f68    00000028     main.obj (.text:printByte)
                  00001f90    00000024     serial.obj (.text:sendByteUART)
                  00001fb4    0000001a     buffer.obj (.text:buffEmpty)
                  00001fce    0000001a     buffer.obj (.text:buffFull)
                  00001fe8    00000018     rtsv7M4_T_le_v4SPD16_eabi.lib : args_main.obj (.text)
                  00002000    00000014                                   : _lock.obj (.text)
                  00002014    0000000e                                   : copy_decompress_none.obj (.text:decompress:none)
                  00002022    0000000e     startup_msp432p401r_ccs.obj (.text)
                  00002030    00000006     rtsv7M4_T_le_v4SPD16_eabi.lib : copy_decompress_rle.obj (.text:decompress:rle24)
                  00002036    00000004                                   : pre_init.obj (.text)

.cinit     0    00002040    0000003c     
                  00002040    0000002b     (.cinit..data.load) [load image, compression = rle]
                  0000206b    00000001     --HOLE-- [fill = 0]
                  0000206c    00000008     (__TI_handler_table)
                  00002074    00000008     (__TI_cinit_table)

.init_array 
*          0    00000000    00000000     UNINITIALIZED

.binit     0    00000000    00000000     

.data      0    20000400    000000a8     UNINITIALIZED
                  20000400    00000014     main.obj (.data:slaveRXBuff)
                  20000414    00000014     main.obj (.data:slaveTXBuff)
                  20000428    00000014     main.obj (.data:spiRXBuff)
                  2000043c    00000014     main.obj (.data:spiTXBuff)
                  20000450    00000014     main.obj (.data:uartRXBuff)
                  20000464    00000014     main.obj (.data:uartTXBuff)
                  20000478    0000000c     rtsv7M4_T_le_v4SPD16_eabi.lib : exit.obj (.data:$O1$$)
                  20000484    0000000c                                   : memory.obj (.data:$O1$$)
                  20000490    00000008                                   : _lock.obj (.data:$O1$$)
                  20000498    00000004     main.obj (.data)
                  2000049c    00000004     rtsv7M4_T_le_v4SPD16_eabi.lib : stkdepth_vars.obj (.data)
                  200004a0    00000004     serial.obj (.data)
                  200004a4    00000004     system_msp432p401r.obj (.data)

.sysmem    0    20000000    00000400     UNINITIALIZED
                  20000000    00000008     rtsv7M4_T_le_v4SPD16_eabi.lib : memory.obj (.sysmem)
                  20000008    000003f8     --HOLE--

.stack     0    2000fe00    00000200     UNINITIALIZED
                  2000fe00    00000200     --HOLE--

MODULE SUMMARY

       Module                        code   ro data   rw data
       ------                        ----   -------   -------
    ./
       main.obj                      2000   0         248    
       system_msp432p401r.obj        812    0         8      
       startup_msp432p401r_ccs.obj   14     228       0      
    +--+-----------------------------+------+---------+---------+
       Total:                        2826   228       256    
                                                             
    ./Libs/
       serial.obj                    1612   0         8      
       buffer.obj                    366    0         0      
       helpers.obj                   320    0         0      
    +--+-----------------------------+------+---------+---------+
       Total:                        2298   0         8      
                                                             
    /home/albert/ti/ccsv6/tools/compiler/arm_15.12.3.LTS/lib/rtsv7M4_T_le_v4SPD16_eabi.lib
       memory.obj                    988    0         24     
       ull_div_t2.obj                500    0         0      
       fd_mul_t2.obj                 252    0         0      
       memcpy_t2.obj                 156    0         0      
       fd_cmp_t2.obj                 134    0         0      
       memset_t2.obj                 122    0         0      
       autoinit.obj                  112    0         0      
       copy_decompress_rle.obj       112    0         0      
       fd_tos_t2.obj                 110    0         0      
       exit.obj                      84     0         24     
       boot.obj                      84     0         0      
       cpy_tbl.obj                   76     0         0      
       fs_tod_t2.obj                 56     0         0      
       i_tofd_t2.obj                 46     0         0      
       _lock.obj                     20     0         16     
       args_main.obj                 24     0         0      
       copy_decompress_none.obj      14     0         0      
       stkdepth_vars.obj             0      0         8      
       pre_init.obj                  4      0         0      
       mpu_init.obj                  2      0         0      
       startup.obj                   2      0         0      
    +--+-----------------------------+------+---------+---------+
       Total:                        2898   0         72     
                                                             
       Heap:                         0      0         2048   
       Stack:                        0      0         1024   
       Linker Generated:             0      59        0      
    +--+-----------------------------+------+---------+---------+
       Grand Total:                  8022   287       3408   


LINKER GENERATED COPY TABLES

__TI_cinit_table @ 00002074 records: 1, size/record: 8, table size: 8
	.data: load addr=00002040, load size=0000002b bytes, run addr=20000400, run size=000000a8 bytes, compression=rle


LINKER GENERATED HANDLER TABLE

__TI_handler_table @ 0000206c records: 2, size/record: 4, table size: 8
	index: 0, handler: __TI_decompress_rle24
	index: 1, handler: __TI_decompress_none


GLOBAL SYMBOLS: SORTED ALPHABETICALLY BY Name 

address   name                           
-------   ----                           
0000202f  ADC14_IRQHandler               
0000202f  AES256_IRQHandler              
0000202f  BusFault_Handler               
00001e19  C$$EXIT                        
0000202f  COMP_E0_IRQHandler             
0000202f  COMP_E1_IRQHandler             
0000202f  CS_IRQHandler                  
0000202f  DMA_ERR_IRQHandler             
0000202f  DMA_INT0_IRQHandler            
0000202f  DMA_INT1_IRQHandler            
0000202f  DMA_INT2_IRQHandler            
0000202f  DMA_INT3_IRQHandler            
0000202f  DebugMon_Handler               
0000202f  Default_Handler                
0000202f  EUSCIA0_IRQHandler             
0000202f  EUSCIA1_IRQHandler             
0000202f  EUSCIA2_IRQHandler             
0000202f  EUSCIA3_IRQHandler             
0000202f  EUSCIB0_IRQHandler             
0000202f  EUSCIB1_IRQHandler             
0000202f  EUSCIB2_IRQHandler             
0000202f  EUSCIB3_IRQHandler             
0000202f  FLCTL_IRQHandler               
0000202f  FPU_IRQHandler                 
0000202f  HardFault_Handler              
0000202f  MemManage_Handler              
0000202f  NMI_Handler                    
0000202f  PCM_IRQHandler                 
0000202f  PORT1_IRQHandler               
0000202f  PORT2_IRQHandler               
0000202f  PORT3_IRQHandler               
0000202f  PORT4_IRQHandler               
0000202f  PORT5_IRQHandler               
0000202f  PORT6_IRQHandler               
0000202f  PSS_IRQHandler                 
0000202f  PendSV_Handler                 
00000595  Port1Handler                   
000005d5  Port6Handler                   
00000705  RTCHandler                     
0000202f  RTC_C_IRQHandler               
00002023  Reset_Handler                  
UNDEFED   SHT$$INIT_ARRAY$$Base          
UNDEFED   SHT$$INIT_ARRAY$$Limit         
00000665  SPIHandler                     
000006b1  SPISlaveHandler                
0000202f  SVC_Handler                    
0000202f  SysTick_Handler                
200004a4  SystemCoreClock                
000011f1  SystemCoreClockUpdate          
00001465  SystemInit                     
0000202f  T32_INT1_IRQHandler            
0000202f  T32_INT2_IRQHandler            
0000202f  T32_INTC_IRQHandler            
0000202f  TA0_0_IRQHandler               
0000202f  TA0_N_IRQHandler               
00000549  TA1Handler                     
0000202f  TA1_0_IRQHandler               
0000202f  TA1_N_IRQHandler               
0000202f  TA2_0_IRQHandler               
0000202f  TA2_N_IRQHandler               
0000202f  TA3_0_IRQHandler               
0000202f  TA3_N_IRQHandler               
00000609  UARTHandler                    
0000202f  UsageFault_Handler             
4000480c  WDTCTL_SYM                     
0000202f  WDT_A_IRQHandler               
20010000  __STACK_END                    
00000200  __STACK_SIZE                   
00000400  __SYSMEM_SIZE                  
00002074  __TI_CINIT_Base                
0000207c  __TI_CINIT_Limit               
0000206c  __TI_Handler_Table_Base        
00002074  __TI_Handler_Table_Limit       
00001c25  __TI_auto_init                 
20000478  __TI_cleanup_ptr               
00002015  __TI_decompress_none           
00002031  __TI_decompress_rle24          
2000047c  __TI_dtors_ptr                 
20000480  __TI_enable_exit_profile_output
ffffffff  __TI_pprof_out_hndl            
ffffffff  __TI_prof_data_size            
ffffffff  __TI_prof_data_start           
00000000  __TI_static_base__             
00001b23  __aeabi_cdrcmple               
00001c95  __aeabi_d2f                    
0000198b  __aeabi_dmul                   
00001f01  __aeabi_f2d                    
00001f39  __aeabi_i2d                    
00001ba9  __aeabi_memclr                 
00001ba9  __aeabi_memclr4                
00001ba9  __aeabi_memclr8                
00001a87  __aeabi_memcpy                 
00001a87  __aeabi_memcpy4                
00001a87  __aeabi_memcpy8                
00001bab  __aeabi_memset                 
00001bab  __aeabi_memset4                
00001bab  __aeabi_memset8                
0000151d  __aeabi_uldivmod               
ffffffff  __binit__                      
ffffffff  __c_args__                     
00001c23  __mpu_init                     
2000fe00  __stack                        
00001fe9  _args_main                     
00001dc5  _c_int00                       
20000490  _lock                          
0000200f  _nop                           
00002007  _register_lock                 
00002001  _register_unlock               
20000000  _sys_memory                    
00001f67  _system_post_cinit             
00002037  _system_pre_init               
20000494  _unlock                        
00001e1d  abort                          
000018d1  addToBuff                      
ffffffff  binit                          
00001fb5  buffEmpty                      
00001fcf  buffFull                       
000011bd  calloc                         
00000735  configureButtons               
00001e6d  copy_in                        
00000813  eUSCIA0Handler                 
00001897  emptyBuff                      
00000cc5  enableInterruptsUART           
00000825  enableUART                     
00001e25  exit                           
00000f0b  free                           
000018b7  freeBuff                       
0000192b  getFromBuff                    
00001851  initBuff                       
00000000  interruptVectors               
00001711  itoa                           
000004cd  log                            
00000109  main                           
2000049c  main_func_sp                   
00000ea3  malloc                         
000010d9  memalign                       
00001a87  memcpy                         
00001bb1  memset                         
00000e15  minit                          
00001f69  printByte                      
0000045d  printBytes                     
0000051f  printNewline                   
00000fcd  realloc                        
20000498  send                           
00001f91  sendByteUART                   
00000d0d  sendBytesUART                  
00000425  sendCommandSPI                 
00001d6d  sendMaster                     
00000d69  sendNewlineUART                
00001eb9  sendSlave                      
00000d45  sendStringUART                 
20000400  slaveRXBuff                    
20000414  slaveTXBuff                    
20000428  spiRXBuff                      
2000043c  spiTXBuff                      
2000049a  time                           
20000450  uartRXBuff                     
20000464  uartTXBuff                     
0000179d  ulltoa                         


GLOBAL SYMBOLS: SORTED BY Symbol Address 

address   name                           
-------   ----                           
00000000  __TI_static_base__             
00000000  interruptVectors               
00000109  main                           
00000200  __STACK_SIZE                   
00000400  __SYSMEM_SIZE                  
00000425  sendCommandSPI                 
0000045d  printBytes                     
000004cd  log                            
0000051f  printNewline                   
00000549  TA1Handler                     
00000595  Port1Handler                   
000005d5  Port6Handler                   
00000609  UARTHandler                    
00000665  SPIHandler                     
000006b1  SPISlaveHandler                
00000705  RTCHandler                     
00000735  configureButtons               
00000813  eUSCIA0Handler                 
00000825  enableUART                     
00000cc5  enableInterruptsUART           
00000d0d  sendBytesUART                  
00000d45  sendStringUART                 
00000d69  sendNewlineUART                
00000e15  minit                          
00000ea3  malloc                         
00000f0b  free                           
00000fcd  realloc                        
000010d9  memalign                       
000011bd  calloc                         
000011f1  SystemCoreClockUpdate          
00001465  SystemInit                     
0000151d  __aeabi_uldivmod               
00001711  itoa                           
0000179d  ulltoa                         
00001851  initBuff                       
00001897  emptyBuff                      
000018b7  freeBuff                       
000018d1  addToBuff                      
0000192b  getFromBuff                    
0000198b  __aeabi_dmul                   
00001a87  __aeabi_memcpy                 
00001a87  __aeabi_memcpy4                
00001a87  __aeabi_memcpy8                
00001a87  memcpy                         
00001b23  __aeabi_cdrcmple               
00001ba9  __aeabi_memclr                 
00001ba9  __aeabi_memclr4                
00001ba9  __aeabi_memclr8                
00001bab  __aeabi_memset                 
00001bab  __aeabi_memset4                
00001bab  __aeabi_memset8                
00001bb1  memset                         
00001c23  __mpu_init                     
00001c25  __TI_auto_init                 
00001c95  __aeabi_d2f                    
00001d6d  sendMaster                     
00001dc5  _c_int00                       
00001e19  C$$EXIT                        
00001e1d  abort                          
00001e25  exit                           
00001e6d  copy_in                        
00001eb9  sendSlave                      
00001f01  __aeabi_f2d                    
00001f39  __aeabi_i2d                    
00001f67  _system_post_cinit             
00001f69  printByte                      
00001f91  sendByteUART                   
00001fb5  buffEmpty                      
00001fcf  buffFull                       
00001fe9  _args_main                     
00002001  _register_unlock               
00002007  _register_lock                 
0000200f  _nop                           
00002015  __TI_decompress_none           
00002023  Reset_Handler                  
0000202f  ADC14_IRQHandler               
0000202f  AES256_IRQHandler              
0000202f  BusFault_Handler               
0000202f  COMP_E0_IRQHandler             
0000202f  COMP_E1_IRQHandler             
0000202f  CS_IRQHandler                  
0000202f  DMA_ERR_IRQHandler             
0000202f  DMA_INT0_IRQHandler            
0000202f  DMA_INT1_IRQHandler            
0000202f  DMA_INT2_IRQHandler            
0000202f  DMA_INT3_IRQHandler            
0000202f  DebugMon_Handler               
0000202f  Default_Handler                
0000202f  EUSCIA0_IRQHandler             
0000202f  EUSCIA1_IRQHandler             
0000202f  EUSCIA2_IRQHandler             
0000202f  EUSCIA3_IRQHandler             
0000202f  EUSCIB0_IRQHandler             
0000202f  EUSCIB1_IRQHandler             
0000202f  EUSCIB2_IRQHandler             
0000202f  EUSCIB3_IRQHandler             
0000202f  FLCTL_IRQHandler               
0000202f  FPU_IRQHandler                 
0000202f  HardFault_Handler              
0000202f  MemManage_Handler              
0000202f  NMI_Handler                    
0000202f  PCM_IRQHandler                 
0000202f  PORT1_IRQHandler               
0000202f  PORT2_IRQHandler               
0000202f  PORT3_IRQHandler               
0000202f  PORT4_IRQHandler               
0000202f  PORT5_IRQHandler               
0000202f  PORT6_IRQHandler               
0000202f  PSS_IRQHandler                 
0000202f  PendSV_Handler                 
0000202f  RTC_C_IRQHandler               
0000202f  SVC_Handler                    
0000202f  SysTick_Handler                
0000202f  T32_INT1_IRQHandler            
0000202f  T32_INT2_IRQHandler            
0000202f  T32_INTC_IRQHandler            
0000202f  TA0_0_IRQHandler               
0000202f  TA0_N_IRQHandler               
0000202f  TA1_0_IRQHandler               
0000202f  TA1_N_IRQHandler               
0000202f  TA2_0_IRQHandler               
0000202f  TA2_N_IRQHandler               
0000202f  TA3_0_IRQHandler               
0000202f  TA3_N_IRQHandler               
0000202f  UsageFault_Handler             
0000202f  WDT_A_IRQHandler               
00002031  __TI_decompress_rle24          
00002037  _system_pre_init               
0000206c  __TI_Handler_Table_Base        
00002074  __TI_CINIT_Base                
00002074  __TI_Handler_Table_Limit       
0000207c  __TI_CINIT_Limit               
20000000  _sys_memory                    
20000400  slaveRXBuff                    
20000414  slaveTXBuff                    
20000428  spiRXBuff                      
2000043c  spiTXBuff                      
20000450  uartRXBuff                     
20000464  uartTXBuff                     
20000478  __TI_cleanup_ptr               
2000047c  __TI_dtors_ptr                 
20000480  __TI_enable_exit_profile_output
20000490  _lock                          
20000494  _unlock                        
20000498  send                           
2000049a  time                           
2000049c  main_func_sp                   
200004a4  SystemCoreClock                
2000fe00  __stack                        
20010000  __STACK_END                    
4000480c  WDTCTL_SYM                     
ffffffff  __TI_pprof_out_hndl            
ffffffff  __TI_prof_data_size            
ffffffff  __TI_prof_data_start           
ffffffff  __binit__                      
ffffffff  __c_args__                     
ffffffff  binit                          
UNDEFED   SHT$$INIT_ARRAY$$Base          
UNDEFED   SHT$$INIT_ARRAY$$Limit         

[159 symbols]
