******************************************************************************
                  TI ARM Linker Unix v15.12.3                  
******************************************************************************
>> Linked Sun Nov 20 18:12:50 2016

OUTPUT FILE NAME:   <Final-Project.out>
ENTRY POINT SYMBOL: "_c_int00"  address: 00003489


MEMORY CONFIGURATION

         name            origin    length      used     unused   attr    fill
----------------------  --------  ---------  --------  --------  ----  --------
  MAIN                  00000000   00040000  0000379c  0003c864  R  X
  INFO                  00200000   00004000  00000000  00004000  R  X
  SRAM_CODE             01000000   00010000  000006a2  0000f95e  RW X
  SRAM_DATA             20000000   00010000  000006a2  0000f95e  RW  


SEGMENT ALLOCATION MAP

run origin  load origin   length   init length attrs members
----------  ----------- ---------- ----------- ----- -------
00000000    00000000    0000379c   0000379c    r-x
  00000000    00000000    000000e4   000000e4    r-- .intvecs
  000000e4    000000e4    00003654   00003654    r-x .text
  00003738    00003738    00000064   00000064    r-- .cinit
20000000    20000000    000004a2   00000000    rw-
  20000000    20000000    00000400   00000000    rw- .sysmem
  20000400    20000400    0000009f   00000000    rw- .data
  2000049f    2000049f    00000003   00000000    rw- .bss
2000fe00    2000fe00    00000200   00000000    rw-
  2000fe00    2000fe00    00000200   00000000    rw- .stack


SECTION ALLOCATION MAP

 output                                  attributes/
section   page    origin      length       input sections
--------  ----  ----------  ----------   ----------------
.intvecs   0    00000000    000000e4     
                  00000000    000000e4     startup_msp432p401r_ccs.obj (.intvecs:retain)

.text      0    000000e4    00003654     
                  000000e4    00000ddc     main.obj (.text)
                  00000ec0    00000838     logging.obj (.text)
                  000016f8    000005e0     serial.obj (.text)
                  00001cd8    00000424     timers.obj (.text)
                  000020fc    00000414     helpers.obj (.text)
                  00002510    000003dc     rtsv7M4_T_le_v4SPD16_eabi.lib : memory.obj (.text)
                  000028ec    0000032c     system_msp432p401r.obj (.text)
                  00002c18    000001f4     rtsv7M4_T_le_v4SPD16_eabi.lib : ull_div_t2.obj (.text)
                  00002e0c    00000172     buffer.obj (.text)
                  00002f7e    00000002     rtsv7M4_T_le_v4SPD16_eabi.lib : mpu_init.obj (.text)
                  00002f80    00000128     portMapping.obj (.text)
                  000030a8    000000fc     rtsv7M4_T_le_v4SPD16_eabi.lib : fd_mul_t2.obj (.text)
                  000031a4    0000009c                                   : memcpy_t2.obj (.text)
                  00003240    00000086                                   : fd_cmp_t2.obj (.text:__aeabi_cdrcmple)
                  000032c6    0000007a                                   : memset_t2.obj (.text)
                  00003340    00000070                                   : autoinit.obj (.text)
                  000033b0    0000006e                                   : fd_tos_t2.obj (.text)
                  0000341e    0000006a                                   : copy_decompress_rle.obj (.text)
                  00003488    00000054                                   : boot.obj (.text)
                  000034dc    00000054                                   : exit.obj (.text)
                  00003530    0000004c                                   : cpy_tbl.obj (.text)
                  0000357c    00000038                                   : fs_tod_t2.obj (.text)
                  000035b4    00000032     helpers.obj (.text:strLen)
                  000035e6    0000002e     rtsv7M4_T_le_v4SPD16_eabi.lib : i_tofd_t2.obj (.text)
                  00003614    00000020     buffer.obj (.text:buffInitialized)
                  00003634    00000020     main.obj (.text:waitForSPI)
                  00003654    0000001a     buffer.obj (.text:buffEmpty)
                  0000366e    0000001a     buffer.obj (.text:buffFull)
                  00003688    00000018     rtsv7M4_T_le_v4SPD16_eabi.lib : args_main.obj (.text)
                  000036a0    00000018                                   : ll_mul_t2.obj (.text)
                  000036b8    00000014                                   : _lock.obj (.text)
                  000036cc    00000010     main.obj (.text:pauseStatusReports)
                  000036dc    00000010     main.obj (.text:resumeStatusReports)
                  000036ec    0000000e     rtsv7M4_T_le_v4SPD16_eabi.lib : copy_decompress_none.obj (.text:decompress:none)
                  000036fa    0000000e     startup_msp432p401r_ccs.obj (.text)
                  00003708    0000000c     timers.obj (.text:getHours)
                  00003714    0000000c     timers.obj (.text:getMinutes)
                  00003720    0000000c     timers.obj (.text:getSeconds)
                  0000372c    00000006     rtsv7M4_T_le_v4SPD16_eabi.lib : copy_decompress_rle.obj (.text:decompress:rle24)
                  00003732    00000004                                   : pre_init.obj (.text)
                  00003736    00000002                                   : startup.obj (.text)

.cinit     0    00003738    00000064     
                  00003738    0000003b     (.cinit..data.load) [load image, compression = rle]
                  00003773    00000005     --HOLE-- [fill = 0]
                  00003778    00000009     (.cinit..bss.load) [load image, compression = rle]
                  00003781    00000003     --HOLE-- [fill = 0]
                  00003784    00000008     (__TI_handler_table)
                  0000378c    00000010     (__TI_cinit_table)

.init_array 
*          0    00000000    00000000     UNINITIALIZED

.binit     0    00000000    00000000     

.sysmem    0    20000000    00000400     UNINITIALIZED
                  20000000    00000008     rtsv7M4_T_le_v4SPD16_eabi.lib : memory.obj (.sysmem)
                  20000008    000003f8     --HOLE--

.data      0    20000400    0000009f     UNINITIALIZED
                  20000400    00000021     logging.obj (.data)
                  20000421    00000003     logging.obj (.data:logBreakClosers)
                  20000424    00000014     main.obj (.data:miso)
                  20000438    00000014     main.obj (.data:mosi)
                  2000044c    00000014     logging.obj (.data:uartBuff)
                  20000460    0000000c     rtsv7M4_T_le_v4SPD16_eabi.lib : exit.obj (.data:$O1$$)
                  2000046c    0000000c                                   : memory.obj (.data:$O1$$)
                  20000478    00000008                                   : _lock.obj (.data:$O1$$)
                  20000480    00000007     main.obj (.data)
                  20000487    00000001     --HOLE--
                  20000488    00000006     timers.obj (.data:current)
                  2000048e    00000002     --HOLE--
                  20000490    00000004     main.obj (.data:prefs)
                  20000494    00000004     rtsv7M4_T_le_v4SPD16_eabi.lib : stkdepth_vars.obj (.data)
                  20000498    00000004     system_msp432p401r.obj (.data)
                  2000049c    00000003     logging.obj (.data:logBreakOpeners)

.bss       0    2000049f    00000003     UNINITIALIZED
                  2000049f    00000003     main.obj (.bss:nextPacket$3)

.stack     0    2000fe00    00000200     UNINITIALIZED
                  2000fe00    00000200     --HOLE--

MODULE SUMMARY

       Module                        code    ro data   rw data
       ------                        ----    -------   -------
    ./
       main.obj                      3612    0         108    
       system_msp432p401r.obj        812     0         8      
       startup_msp432p401r_ccs.obj   14      228       0      
    +--+-----------------------------+-------+---------+---------+
       Total:                        4438    228       116    
                                                              
    ./Libs/
       logging.obj                   2104    0         118    
       serial.obj                    1504    0         0      
       timers.obj                    1096    0         12     
       helpers.obj                   1094    0         0      
       buffer.obj                    454     0         0      
       portMapping.obj               296     0         0      
    +--+-----------------------------+-------+---------+---------+
       Total:                        6548    0         130    
                                                              
    /home/albert/ti/ccsv6/tools/compiler/arm_15.12.3.LTS/lib/rtsv7M4_T_le_v4SPD16_eabi.lib
       memory.obj                    988     0         24     
       ull_div_t2.obj                500     0         0      
       fd_mul_t2.obj                 252     0         0      
       memcpy_t2.obj                 156     0         0      
       fd_cmp_t2.obj                 134     0         0      
       memset_t2.obj                 122     0         0      
       autoinit.obj                  112     0         0      
       copy_decompress_rle.obj       112     0         0      
       fd_tos_t2.obj                 110     0         0      
       exit.obj                      84      0         24     
       boot.obj                      84      0         0      
       cpy_tbl.obj                   76      0         0      
       fs_tod_t2.obj                 56      0         0      
       i_tofd_t2.obj                 46      0         0      
       _lock.obj                     20      0         16     
       args_main.obj                 24      0         0      
       ll_mul_t2.obj                 24      0         0      
       copy_decompress_none.obj      14      0         0      
       stkdepth_vars.obj             0       0         8      
       pre_init.obj                  4       0         0      
       mpu_init.obj                  2       0         0      
       startup.obj                   2       0         0      
    +--+-----------------------------+-------+---------+---------+
       Total:                        2922    0         72     
                                                              
       Heap:                         0       0         2048   
       Stack:                        0       0         1024   
       Linker Generated:             0       92        0      
    +--+-----------------------------+-------+---------+---------+
       Grand Total:                  13908   320       3390   


LINKER GENERATED COPY TABLES

__TI_cinit_table @ 0000378c records: 2, size/record: 8, table size: 16
	.data: load addr=00003738, load size=0000003b bytes, run addr=20000400, run size=0000009f bytes, compression=rle
	.bss: load addr=00003778, load size=00000009 bytes, run addr=2000049f, run size=00000003 bytes, compression=rle


LINKER GENERATED HANDLER TABLE

__TI_handler_table @ 00003784 records: 2, size/record: 4, table size: 8
	index: 0, handler: __TI_decompress_rle24
	index: 1, handler: __TI_decompress_none


GLOBAL SYMBOLS: SORTED ALPHABETICALLY BY Name 

address   name                           
-------   ----                           
00003707  ADC14_IRQHandler               
00003707  AES256_IRQHandler              
00003707  BusFault_Handler               
000034dd  C$$EXIT                        
00003707  COMP_E0_IRQHandler             
00003707  COMP_E1_IRQHandler             
00003707  CS_IRQHandler                  
00003707  DMA_ERR_IRQHandler             
00003707  DMA_INT0_IRQHandler            
00003707  DMA_INT1_IRQHandler            
00003707  DMA_INT2_IRQHandler            
00003707  DMA_INT3_IRQHandler            
00003707  DebugMon_Handler               
00003707  Default_Handler                
00003707  EUSCIA0_IRQHandler             
00000dc9  EUSCIA1_IRQHandler             
00000dc9  EUSCIA1_IRQHandler             
00003707  EUSCIA2_IRQHandler             
00003707  EUSCIA3_IRQHandler             
00003707  EUSCIB0_IRQHandler             
00003707  EUSCIB1_IRQHandler             
00003707  EUSCIB2_IRQHandler             
00003707  EUSCIB3_IRQHandler             
00003707  FLCTL_IRQHandler               
00003707  FPU_IRQHandler                 
00003707  HardFault_Handler              
00003707  MemManage_Handler              
00003707  NMI_Handler                    
00003707  PCM_IRQHandler                 
00003707  PORT1_IRQHandler               
00003707  PORT2_IRQHandler               
00003707  PORT3_IRQHandler               
00003707  PORT4_IRQHandler               
00000e4b  PORT5_IRQHandler               
00000e4b  PORT5_IRQHandler               
00003707  PORT6_IRQHandler               
00003707  PSS_IRQHandler                 
00003707  PendSV_Handler                 
00001d77  RTC_C_IRQHandler               
00001d77  RTC_C_IRQHandler               
000036fb  Reset_Handler                  
UNDEFED   SHT$$INIT_ARRAY$$Base          
UNDEFED   SHT$$INIT_ARRAY$$Limit         
00003707  SVC_Handler                    
00003707  SysTick_Handler                
20000498  SystemCoreClock                
000028ed  SystemCoreClockUpdate          
00002b61  SystemInit                     
00003707  T32_INT1_IRQHandler            
00003707  T32_INT2_IRQHandler            
00003707  T32_INTC_IRQHandler            
00003707  TA0_0_IRQHandler               
00003707  TA0_N_IRQHandler               
00003707  TA1_0_IRQHandler               
00000bff  TA1_N_IRQHandler               
00000bff  TA1_N_IRQHandler               
00003707  TA2_0_IRQHandler               
00000c15  TA2_N_IRQHandler               
00000c15  TA2_N_IRQHandler               
00003707  TA3_0_IRQHandler               
00000d65  TA3_N_IRQHandler               
00000d65  TA3_N_IRQHandler               
00003707  UsageFault_Handler             
4000480c  WDTCTL_SYM                     
00003707  WDT_A_IRQHandler               
20010000  __STACK_END                    
00000200  __STACK_SIZE                   
00000400  __SYSMEM_SIZE                  
0000378c  __TI_CINIT_Base                
0000379c  __TI_CINIT_Limit               
00003784  __TI_Handler_Table_Base        
0000378c  __TI_Handler_Table_Limit       
00003341  __TI_auto_init                 
20000460  __TI_cleanup_ptr               
000036ed  __TI_decompress_none           
0000372d  __TI_decompress_rle24          
20000464  __TI_dtors_ptr                 
20000468  __TI_enable_exit_profile_output
ffffffff  __TI_pprof_out_hndl            
ffffffff  __TI_prof_data_size            
ffffffff  __TI_prof_data_start           
00000000  __TI_static_base__             
00003241  __aeabi_cdrcmple               
000033b1  __aeabi_d2f                    
000030a9  __aeabi_dmul                   
0000357d  __aeabi_f2d                    
000035e7  __aeabi_i2d                    
000036a1  __aeabi_lmul                   
000032c7  __aeabi_memclr                 
000032c7  __aeabi_memclr4                
000032c7  __aeabi_memclr8                
000031a5  __aeabi_memcpy                 
000031a5  __aeabi_memcpy4                
000031a5  __aeabi_memcpy8                
000032c9  __aeabi_memset                 
000032c9  __aeabi_memset4                
000032c9  __aeabi_memset8                
00002c19  __aeabi_uldivmod               
ffffffff  __binit__                      
ffffffff  __c_args__                     
00002f7f  __mpu_init                     
2000fe00  __stack                        
00003689  _args_main                     
00003489  _c_int00                       
20000478  _lock                          
000036c7  _nop                           
000036bf  _register_lock                 
000036b9  _register_unlock               
20000000  _sys_memory                    
00003737  _system_post_cinit             
00003733  _system_pre_init               
2000047c  _unlock                        
000034e1  abort                          
00002ec1  addToBuff                      
ffffffff  binit                          
00003655  buffEmpty                      
0000366f  buffFull                       
00003615  buffInitialized                
00002211  bytesToHexStr                  
000028b9  calloc                         
000009a1  commandHandler                 
000010dd  configLogging                  
00001b75  configSPIMaster                
00001bc1  configSPISlave                 
000016f9  configUART                     
00003531  copy_in                        
0000149d  disableTimestamps              
00001675  eUSCIUARTHandler               
00002e53  emptyBuff                      
00001179  enableCommands                 
00001491  enableTimestamps               
000005c7  encodePacket                   
0000095b  endRangeTestYN                 
000034e9  exit                           
00002607  free                           
00002e81  freeBuff                       
000011b5  getChar                        
00002f1d  getFromBuff                    
00003709  getHours                       
00001207  getLine                        
00003715  getMinutes                     
00003721  getSeconds                     
00002e0d  initBuff                       
00001da3  initRTC                        
00001dcd  initTimerA                     
00000000  interruptVectors               
00001339  log                            
0000010d  main                           
20000494  main_func_sp                   
0000259f  malloc                         
00002f81  mapPin                         
000027d5  memalign                       
000031a5  memcpy                         
000032cf  memset                         
00002511  minit                          
00000a23  nrfSend                        
000036cd  pauseStatusReports             
0000125b  printChar                      
00000471  printHelp                      
0000054f  printInvalidCommand            
00001281  printNewline                   
0000129f  printString                    
000012d9  printWrap                      
00002031  pwm                            
000026c9  realloc                        
000036dd  resumeStatusReports            
00001cfd  setCPUFreq                     
00000b85  setupCREE                      
00000aeb  setupNRF                       
00001137  startLogging                   
00001c39  startSPI                       
00001c01  startUART                      
000035b5  strLen                         
00002371  strToUInt32                    
00002419  strToUInt64                    
00002331  uInt16ToHexStr                 
00002347  uInt32ToHexStr                 
0000235b  uInt64ToHexStr                 
0000231b  uInt8ToHexStr                  
00002133  uIntToStr                      
00000a3b  updateCREE                     
00003635  waitForSPI                     


GLOBAL SYMBOLS: SORTED BY Symbol Address 

address   name                           
-------   ----                           
00000000  __TI_static_base__             
00000000  interruptVectors               
0000010d  main                           
00000200  __STACK_SIZE                   
00000400  __SYSMEM_SIZE                  
00000471  printHelp                      
0000054f  printInvalidCommand            
000005c7  encodePacket                   
0000095b  endRangeTestYN                 
000009a1  commandHandler                 
00000a23  nrfSend                        
00000a3b  updateCREE                     
00000aeb  setupNRF                       
00000b85  setupCREE                      
00000bff  TA1_N_IRQHandler               
00000bff  TA1_N_IRQHandler               
00000c15  TA2_N_IRQHandler               
00000c15  TA2_N_IRQHandler               
00000d65  TA3_N_IRQHandler               
00000d65  TA3_N_IRQHandler               
00000dc9  EUSCIA1_IRQHandler             
00000dc9  EUSCIA1_IRQHandler             
00000e4b  PORT5_IRQHandler               
00000e4b  PORT5_IRQHandler               
000010dd  configLogging                  
00001137  startLogging                   
00001179  enableCommands                 
000011b5  getChar                        
00001207  getLine                        
0000125b  printChar                      
00001281  printNewline                   
0000129f  printString                    
000012d9  printWrap                      
00001339  log                            
00001491  enableTimestamps               
0000149d  disableTimestamps              
00001675  eUSCIUARTHandler               
000016f9  configUART                     
00001b75  configSPIMaster                
00001bc1  configSPISlave                 
00001c01  startUART                      
00001c39  startSPI                       
00001cfd  setCPUFreq                     
00001d77  RTC_C_IRQHandler               
00001d77  RTC_C_IRQHandler               
00001da3  initRTC                        
00001dcd  initTimerA                     
00002031  pwm                            
00002133  uIntToStr                      
00002211  bytesToHexStr                  
0000231b  uInt8ToHexStr                  
00002331  uInt16ToHexStr                 
00002347  uInt32ToHexStr                 
0000235b  uInt64ToHexStr                 
00002371  strToUInt32                    
00002419  strToUInt64                    
00002511  minit                          
0000259f  malloc                         
00002607  free                           
000026c9  realloc                        
000027d5  memalign                       
000028b9  calloc                         
000028ed  SystemCoreClockUpdate          
00002b61  SystemInit                     
00002c19  __aeabi_uldivmod               
00002e0d  initBuff                       
00002e53  emptyBuff                      
00002e81  freeBuff                       
00002ec1  addToBuff                      
00002f1d  getFromBuff                    
00002f7f  __mpu_init                     
00002f81  mapPin                         
000030a9  __aeabi_dmul                   
000031a5  __aeabi_memcpy                 
000031a5  __aeabi_memcpy4                
000031a5  __aeabi_memcpy8                
000031a5  memcpy                         
00003241  __aeabi_cdrcmple               
000032c7  __aeabi_memclr                 
000032c7  __aeabi_memclr4                
000032c7  __aeabi_memclr8                
000032c9  __aeabi_memset                 
000032c9  __aeabi_memset4                
000032c9  __aeabi_memset8                
000032cf  memset                         
00003341  __TI_auto_init                 
000033b1  __aeabi_d2f                    
00003489  _c_int00                       
000034dd  C$$EXIT                        
000034e1  abort                          
000034e9  exit                           
00003531  copy_in                        
0000357d  __aeabi_f2d                    
000035b5  strLen                         
000035e7  __aeabi_i2d                    
00003615  buffInitialized                
00003635  waitForSPI                     
00003655  buffEmpty                      
0000366f  buffFull                       
00003689  _args_main                     
000036a1  __aeabi_lmul                   
000036b9  _register_unlock               
000036bf  _register_lock                 
000036c7  _nop                           
000036cd  pauseStatusReports             
000036dd  resumeStatusReports            
000036ed  __TI_decompress_none           
000036fb  Reset_Handler                  
00003707  ADC14_IRQHandler               
00003707  AES256_IRQHandler              
00003707  BusFault_Handler               
00003707  COMP_E0_IRQHandler             
00003707  COMP_E1_IRQHandler             
00003707  CS_IRQHandler                  
00003707  DMA_ERR_IRQHandler             
00003707  DMA_INT0_IRQHandler            
00003707  DMA_INT1_IRQHandler            
00003707  DMA_INT2_IRQHandler            
00003707  DMA_INT3_IRQHandler            
00003707  DebugMon_Handler               
00003707  Default_Handler                
00003707  EUSCIA0_IRQHandler             
00003707  EUSCIA2_IRQHandler             
00003707  EUSCIA3_IRQHandler             
00003707  EUSCIB0_IRQHandler             
00003707  EUSCIB1_IRQHandler             
00003707  EUSCIB2_IRQHandler             
00003707  EUSCIB3_IRQHandler             
00003707  FLCTL_IRQHandler               
00003707  FPU_IRQHandler                 
00003707  HardFault_Handler              
00003707  MemManage_Handler              
00003707  NMI_Handler                    
00003707  PCM_IRQHandler                 
00003707  PORT1_IRQHandler               
00003707  PORT2_IRQHandler               
00003707  PORT3_IRQHandler               
00003707  PORT4_IRQHandler               
00003707  PORT6_IRQHandler               
00003707  PSS_IRQHandler                 
00003707  PendSV_Handler                 
00003707  SVC_Handler                    
00003707  SysTick_Handler                
00003707  T32_INT1_IRQHandler            
00003707  T32_INT2_IRQHandler            
00003707  T32_INTC_IRQHandler            
00003707  TA0_0_IRQHandler               
00003707  TA0_N_IRQHandler               
00003707  TA1_0_IRQHandler               
00003707  TA2_0_IRQHandler               
00003707  TA3_0_IRQHandler               
00003707  UsageFault_Handler             
00003707  WDT_A_IRQHandler               
00003709  getHours                       
00003715  getMinutes                     
00003721  getSeconds                     
0000372d  __TI_decompress_rle24          
00003733  _system_pre_init               
00003737  _system_post_cinit             
00003784  __TI_Handler_Table_Base        
0000378c  __TI_CINIT_Base                
0000378c  __TI_Handler_Table_Limit       
0000379c  __TI_CINIT_Limit               
20000000  _sys_memory                    
20000460  __TI_cleanup_ptr               
20000464  __TI_dtors_ptr                 
20000468  __TI_enable_exit_profile_output
20000478  _lock                          
2000047c  _unlock                        
20000494  main_func_sp                   
20000498  SystemCoreClock                
2000fe00  __stack                        
20010000  __STACK_END                    
4000480c  WDTCTL_SYM                     
ffffffff  __TI_pprof_out_hndl            
ffffffff  __TI_prof_data_size            
ffffffff  __TI_prof_data_start           
ffffffff  __binit__                      
ffffffff  __c_args__                     
ffffffff  binit                          
UNDEFED   SHT$$INIT_ARRAY$$Base          
UNDEFED   SHT$$INIT_ARRAY$$Limit         

[182 symbols]
