******************************************************************************
                  TI ARM Linker Unix v15.12.3                  
******************************************************************************
>> Linked Fri Dec  9 00:30:29 2016

OUTPUT FILE NAME:   <Final-Project.out>
ENTRY POINT SYMBOL: "_c_int00"  address: 00003725


MEMORY CONFIGURATION

         name            origin    length      used     unused   attr    fill
----------------------  --------  ---------  --------  --------  ----  --------
  MAIN                  00000000   00040000  00003d70  0003c290  R  X
  INFO                  00200000   00004000  00000000  00004000  R  X
  SRAM_CODE             01000000   00010000  00000701  0000f8ff  RW X
  SRAM_DATA             20000000   00010000  00000701  0000f8ff  RW  


SEGMENT ALLOCATION MAP

run origin  load origin   length   init length attrs members
----------  ----------- ---------- ----------- ----- -------
00000000    00000000    00003d74   00003d74    r-x
  00000000    00000000    000000e4   000000e4    r-- .intvecs
  000000e4    000000e4    00003ae2   00003ae2    r-x .text
  00003bc8    00003bc8    0000010e   0000010e    r-- .const
  00003cd8    00003cd8    0000009c   0000009c    r-- .cinit
20000000    20000000    00000502   00000000    rw-
  20000000    20000000    00000400   00000000    rw- .sysmem
  20000400    20000400    000000eb   00000000    rw- .data
  200004ec    200004ec    00000016   00000000    rw- .bss
2000fe00    2000fe00    00000200   00000000    rw-
  2000fe00    2000fe00    00000200   00000000    rw- .stack


SECTION ALLOCATION MAP

 output                                  attributes/
section   page    origin      length       input sections
--------  ----  ----------  ----------   ----------------
.intvecs   0    00000000    000000e4     
                  00000000    000000e4     startup_msp432p401r_ccs.obj (.intvecs:retain)

.text      0    000000e4    00003ae2     
                  000000e4    00000ae8     logging.obj (.text)
                  00000bcc    000006f8     main.obj (.text)
                  000012c4    000005e0     serial.obj (.text)
                  000018a4    00000504     helpers.obj (.text)
                  00001da8    0000045c     timers.obj (.text)
                  00002204    000003dc     rtsv7M4_T_le_v4SPD16_eabi.lib : memory.obj (.text)
                  000025e0    0000032c     system_msp432p401r.obj (.text)
                  0000290c    000001f4     rtsv7M4_T_le_v4SPD16_eabi.lib : ull_div_t2.obj (.text)
                  00002b00    0000017a     ptrBuffer.obj (.text)
                  00002c7a    00000178     buffer.obj (.text)
                  00002df2    00000002     rtsv7M4_T_le_v4SPD16_eabi.lib : mpu_init.obj (.text)
                  00002df4    0000014c     error.obj (.text)
                  00002f40    00000144     main.obj (.text:setState)
                  00003084    00000130     async.obj (.text)
                  000031b4    00000128     portMapping.obj (.text)
                  000032dc    000000fc     rtsv7M4_T_le_v4SPD16_eabi.lib : fd_mul_t2.obj (.text)
                  000033d8    0000009c                                   : memcpy_t2.obj (.text)
                  00003474    00000086                                   : fd_cmp_t2.obj (.text:__aeabi_cdrcmple)
                  000034fa    0000007a                                   : memset_t2.obj (.text)
                  00003574    00000070                                   : autoinit.obj (.text)
                  000035e4    0000006e                                   : fd_tos_t2.obj (.text)
                  00003652    0000006a                                   : copy_decompress_rle.obj (.text)
                  000036bc    00000068     main.obj (.text:nrfReadRX)
                  00003724    00000054     rtsv7M4_T_le_v4SPD16_eabi.lib : boot.obj (.text)
                  00003778    00000054                                   : exit.obj (.text)
                  000037cc    0000004c                                   : cpy_tbl.obj (.text)
                  00003818    00000040     main.obj (.text:nrfWReg)
                  00003858    00000038     rtsv7M4_T_le_v4SPD16_eabi.lib : fs_tod_t2.obj (.text)
                  00003890    00000032     main.obj (.text:decodeState)
                  000038c2    00000032     helpers.obj (.text:strLen)
                  000038f4    0000002e     rtsv7M4_T_le_v4SPD16_eabi.lib : i_tofd_t2.obj (.text)
                  00003922    00000002                                   : startup.obj (.text)
                  00003924    0000002c     main.obj (.text:nrfWaitForSPI)
                  00003950    0000002c     main.obj (.text:requestMode)
                  0000397c    00000020     buffer.obj (.text:buffInitialized)
                  0000399c    00000020     helpers.obj (.text:printable)
                  000039bc    00000020     ptrBuffer.obj (.text:ptrBuffInitialized)
                  000039dc    0000001c     main.obj (.text:isCommand)
                  000039f8    0000001c     main.obj (.text:nrfFlushRXFIFO)
                  00003a14    0000001c     main.obj (.text:nrfFlushTXFIFO)
                  00003a30    0000001c     main.obj (.text:nrfUpdateStatus)
                  00003a4c    0000001a     buffer.obj (.text:buffEmpty)
                  00003a66    0000001a     buffer.obj (.text:buffFull)
                  00003a80    0000001a     ptrBuffer.obj (.text:ptrBuffEmpty)
                  00003a9a    0000001a     ptrBuffer.obj (.text:ptrBuffFull)
                  00003ab4    00000018     main.obj (.text:forceMode)
                  00003acc    00000018     rtsv7M4_T_le_v4SPD16_eabi.lib : args_main.obj (.text)
                  00003ae4    00000018                                   : ll_mul_t2.obj (.text)
                  00003afc    00000016     main.obj (.text:decodeCommand)
                  00003b12    00000014     main.obj (.text:nrfClearStatus)
                  00003b26    00000002     --HOLE-- [fill = 0]
                  00003b28    00000014     rtsv7M4_T_le_v4SPD16_eabi.lib : _lock.obj (.text)
                  00003b3c    00000010     main.obj (.text:nrfDsCE)
                  00003b4c    00000010     main.obj (.text:nrfEnCE)
                  00003b5c    00000010     main.obj (.text:nrfSendSPI)
                  00003b6c    00000010     main.obj (.text:resetWatchdog)
                  00003b7c    0000000e     rtsv7M4_T_le_v4SPD16_eabi.lib : copy_decompress_none.obj (.text:decompress:none)
                  00003b8a    0000000e     startup_msp432p401r_ccs.obj (.text)
                  00003b98    0000000c     timers.obj (.text:getHours)
                  00003ba4    0000000c     timers.obj (.text:getMinutes)
                  00003bb0    0000000c     timers.obj (.text:getSeconds)
                  00003bbc    00000006     rtsv7M4_T_le_v4SPD16_eabi.lib : copy_decompress_rle.obj (.text:decompress:rle24)
                  00003bc2    00000004                                   : pre_init.obj (.text)

.const     0    00003bc8    0000010e     
                  00003bc8    00000102     main.obj (.const:.string)
                  00003cca    00000002     main.obj (.const:$P$T11$6)
                  00003ccc    00000002     main.obj (.const:$P$T2$1)
                  00003cce    00000002     main.obj (.const:$P$T5$2)
                  00003cd0    00000002     main.obj (.const:$P$T6$3)
                  00003cd2    00000002     main.obj (.const:$P$T8$4)
                  00003cd4    00000002     main.obj (.const:$P$T9$5)

.cinit     0    00003cd8    0000009c     
                  00003cd8    00000072     (.cinit..data.load) [load image, compression = rle]
                  00003d4a    00000006     --HOLE-- [fill = 0]
                  00003d50    00000009     (.cinit..bss.load) [load image, compression = rle]
                  00003d59    00000003     --HOLE-- [fill = 0]
                  00003d5c    00000008     (__TI_handler_table)
                  00003d64    00000010     (__TI_cinit_table)

.init_array 
*          0    00000000    00000000     UNINITIALIZED

.binit     0    00000000    00000000     

.sysmem    0    20000000    00000400     UNINITIALIZED
                  20000000    00000008     rtsv7M4_T_le_v4SPD16_eabi.lib : memory.obj (.sysmem)
                  20000008    000003f8     --HOLE--

.data      0    20000400    000000eb     UNINITIALIZED
                  20000400    00000031     logging.obj (.data)
                  20000431    00000003     logging.obj (.data:logBreakClosers)
                  20000434    00000030     main.obj (.data:commandDescriptions)
                  20000464    00000014     logging.obj (.data:callbacks)
                  20000478    00000014     main.obj (.data:miso)
                  2000048c    00000014     main.obj (.data:mosi)
                  200004a0    0000000c     rtsv7M4_T_le_v4SPD16_eabi.lib : exit.obj (.data:$O1$$)
                  200004ac    0000000c                                   : memory.obj (.data:$O1$$)
                  200004b8    0000000c     main.obj (.data:directionDescriptions)
                  200004c4    00000008     rtsv7M4_T_le_v4SPD16_eabi.lib : _lock.obj (.data:$O1$$)
                  200004cc    00000008     main.obj (.data)
                  200004d4    00000006     timers.obj (.data:current)
                  200004da    00000002     main.obj (.data:lastState)
                  200004dc    00000004     rtsv7M4_T_le_v4SPD16_eabi.lib : stkdepth_vars.obj (.data)
                  200004e0    00000004     system_msp432p401r.obj (.data)
                  200004e4    00000003     logging.obj (.data:logBreakOpeners)
                  200004e7    00000001     async.obj (.data:flags)
                  200004e8    00000001     main.obj (.data:flags)
                  200004e9    00000001     main.obj (.data:nrfStatus)
                  200004ea    00000001     main.obj (.data:prefs)

.bss       0    200004ec    00000016     UNINITIALIZED
                  200004ec    00000014     (.common:funcs)
                  20000500    00000001     logging.obj (.bss:flags)
                  20000501    00000001     logging.obj (.bss)

.stack     0    2000fe00    00000200     UNINITIALIZED
                  2000fe00    00000200     --HOLE--

MODULE SUMMARY

       Module                        code    ro data   rw data
       ------                        ----    -------   -------
    ./
       main.obj                      2656    270       226    
       system_msp432p401r.obj        812     0         8      
       startup_msp432p401r_ccs.obj   14      228       0      
    +--+-----------------------------+-------+---------+---------+
       Total:                        3482    498       234    
                                                              
    ./Libs/
       logging.obj                   2792    0         154    
       serial.obj                    1504    0         0      
       helpers.obj                   1366    0         0      
       timers.obj                    1152    0         12     
       ptrBuffer.obj                 462     0         0      
       buffer.obj                    460     0         0      
       async.obj                     304     0         42     
       error.obj                     332     0         0      
       portMapping.obj               296     0         0      
    +--+-----------------------------+-------+---------+---------+
       Total:                        8668    0         208    
                                                              
    /home/albert/ti/ccsv6/tools/compiler/arm_15.12.3.LTS/lib/rtsv7M4_T_le_v4SPD16_eabi.lib
       memory.obj                    988     0         24     
       ull_div_t2.obj                500     0         0      
       fd_mul_t2.obj                 252     0         0      
       memcpy_t2.obj                 156     0         0      
       fd_cmp_t2.obj                 134     0         0      
       memset_t2.obj                 122     0         0      
       autoinit.obj                  112     0         0      
       copy_decompress_rle.obj       112     0         0      
       fd_tos_t2.obj                 110     0         0      
       exit.obj                      84      0         24     
       boot.obj                      84      0         0      
       cpy_tbl.obj                   76      0         0      
       fs_tod_t2.obj                 56      0         0      
       i_tofd_t2.obj                 46      0         0      
       _lock.obj                     20      0         16     
       args_main.obj                 24      0         0      
       ll_mul_t2.obj                 24      0         0      
       copy_decompress_none.obj      14      0         0      
       stkdepth_vars.obj             0       0         8      
       pre_init.obj                  4       0         0      
       mpu_init.obj                  2       0         0      
       startup.obj                   2       0         0      
    +--+-----------------------------+-------+---------+---------+
       Total:                        2922    0         72     
                                                              
       Heap:                         0       0         2048   
       Stack:                        0       0         1024   
       Linker Generated:             0       147       0      
    +--+-----------------------------+-------+---------+---------+
       Grand Total:                  15072   645       3586   


LINKER GENERATED COPY TABLES

__TI_cinit_table @ 00003d64 records: 2, size/record: 8, table size: 16
	.data: load addr=00003cd8, load size=00000072 bytes, run addr=20000400, run size=000000eb bytes, compression=rle
	.bss: load addr=00003d50, load size=00000009 bytes, run addr=200004ec, run size=00000016 bytes, compression=rle


LINKER GENERATED HANDLER TABLE

__TI_handler_table @ 00003d5c records: 2, size/record: 4, table size: 8
	index: 0, handler: __TI_decompress_rle24
	index: 1, handler: __TI_decompress_none


GLOBAL SYMBOLS: SORTED ALPHABETICALLY BY Name 

address   name                           
-------   ----                           
00003b97  ADC14_IRQHandler               
00003b97  AES256_IRQHandler              
00001241  BusFault_Handler               
00001241  BusFault_Handler               
00003779  C$$EXIT                        
00003b97  COMP_E0_IRQHandler             
00003b97  COMP_E1_IRQHandler             
0000124d  CS_IRQHandler                  
0000124d  CS_IRQHandler                  
00003b97  DMA_ERR_IRQHandler             
00003b97  DMA_INT0_IRQHandler            
00003b97  DMA_INT1_IRQHandler            
00003b97  DMA_INT2_IRQHandler            
00003b97  DMA_INT3_IRQHandler            
00001247  DebugMon_Handler               
00001247  DebugMon_Handler               
00003b97  Default_Handler                
00003b97  EUSCIA0_IRQHandler             
0000117d  EUSCIA1_IRQHandler             
0000117d  EUSCIA1_IRQHandler             
00003b97  EUSCIA2_IRQHandler             
00003b97  EUSCIA3_IRQHandler             
00003b97  EUSCIB0_IRQHandler             
00003b97  EUSCIB1_IRQHandler             
00003b97  EUSCIB2_IRQHandler             
00003b97  EUSCIB3_IRQHandler             
00003b97  FLCTL_IRQHandler               
00001261  FPU_IRQHandler                 
00001261  FPU_IRQHandler                 
0000123d  HardFault_Handler              
0000123d  HardFault_Handler              
0000123f  MemManage_Handler              
0000123f  MemManage_Handler              
0000123b  NMI_Handler                    
0000123b  NMI_Handler                    
00001259  PCM_IRQHandler                 
00001259  PCM_IRQHandler                 
00003b97  PORT1_IRQHandler               
00003b97  PORT2_IRQHandler               
00003b97  PORT3_IRQHandler               
00003b97  PORT4_IRQHandler               
00001223  PORT5_IRQHandler               
00001223  PORT5_IRQHandler               
00003b97  PORT6_IRQHandler               
0000124b  PSS_IRQHandler                 
0000124b  PSS_IRQHandler                 
0000316f  PendSV_Handler                 
0000316f  PendSV_Handler                 
00001e47  RTC_C_IRQHandler               
00001e47  RTC_C_IRQHandler               
00003b8b  Reset_Handler                  
UNDEFED   SHT$$INIT_ARRAY$$Base          
UNDEFED   SHT$$INIT_ARRAY$$Limit         
00001245  SVC_Handler                    
00001245  SVC_Handler                    
00001249  SysTick_Handler                
00001249  SysTick_Handler                
200004e0  SystemCoreClock                
000025e1  SystemCoreClockUpdate          
00002855  SystemInit                     
00003b97  T32_INT1_IRQHandler            
00003b97  T32_INT2_IRQHandler            
00003b97  T32_INTC_IRQHandler            
00003b97  TA0_0_IRQHandler               
00003b97  TA0_N_IRQHandler               
00003b97  TA1_0_IRQHandler               
00001163  TA1_N_IRQHandler               
00001163  TA1_N_IRQHandler               
00003b97  TA2_0_IRQHandler               
00003b97  TA2_N_IRQHandler               
00003b97  TA3_0_IRQHandler               
00003b97  TA3_N_IRQHandler               
00001243  UsageFault_Handler             
00001243  UsageFault_Handler             
4000480c  WDTCTL_SYM                     
000011fd  WDT_A_IRQHandler               
000011fd  WDT_A_IRQHandler               
20010000  __STACK_END                    
00000200  __STACK_SIZE                   
00000400  __SYSMEM_SIZE                  
00003d64  __TI_CINIT_Base                
00003d74  __TI_CINIT_Limit               
00003d5c  __TI_Handler_Table_Base        
00003d64  __TI_Handler_Table_Limit       
00003575  __TI_auto_init                 
200004a0  __TI_cleanup_ptr               
00003b7d  __TI_decompress_none           
00003bbd  __TI_decompress_rle24          
200004a4  __TI_dtors_ptr                 
200004a8  __TI_enable_exit_profile_output
ffffffff  __TI_pprof_out_hndl            
ffffffff  __TI_prof_data_size            
ffffffff  __TI_prof_data_start           
00000000  __TI_static_base__             
00003475  __aeabi_cdrcmple               
000035e5  __aeabi_d2f                    
000032dd  __aeabi_dmul                   
00003859  __aeabi_f2d                    
000038f5  __aeabi_i2d                    
00003ae5  __aeabi_lmul                   
000034fb  __aeabi_memclr                 
000034fb  __aeabi_memclr4                
000034fb  __aeabi_memclr8                
000033d9  __aeabi_memcpy                 
000033d9  __aeabi_memcpy4                
000033d9  __aeabi_memcpy8                
000034fd  __aeabi_memset                 
000034fd  __aeabi_memset4                
000034fd  __aeabi_memset8                
0000290d  __aeabi_uldivmod               
ffffffff  __binit__                      
ffffffff  __c_args__                     
00002df3  __mpu_init                     
2000fe00  __stack                        
00003acd  _args_main                     
00003725  _c_int00                       
000004f7  _getLineNumberHandler          
200004c4  _lock                          
00003b37  _nop                           
00003b2f  _register_lock                 
00003b29  _register_unlock               
20000000  _sys_memory                    
00003923  _system_post_cinit             
00003bc3  _system_pre_init               
200004c8  _unlock                        
0000377d  abort                          
00002d2d  addToBuff                      
00002bb5  addToPtrBuff                   
ffffffff  binit                          
00003a4d  buffEmpty                      
00003a67  buffFull                       
0000397d  buffInitialized                
00001a09  bytesToHexStr                  
000025ad  calloc                         
20000434  commandDescriptions            
00000311  configLogging                  
00001741  configSPIMaster                
0000178d  configSPISlave                 
000012c5  configUART                     
000037cd  copy_in                        
2000040c  currentOption                  
00003afd  decodeCommand                  
00003891  decodeState                    
200004b8  directionDescriptions          
00000b6d  eUSCIUARTHandler               
00002cbf  emptyBuff                      
00002b47  emptyPtrBuff                   
0000038d  enableCommands                 
00002df5  errorToStr                     
00003785  exit                           
00003ab5  forceMode                      
000022fb  free                           
00002ced  freeBuff                       
00002b75  freePtrBuff                    
200004ec  funcs                          
000003c5  getChar                        
00002d8f  getFromBuff                    
00002c15  getFromPtrBuff                 
00003b99  getHours                       
00000415  getLine                        
00003ba5  getMinutes                     
000005b5  getNumberInRange               
0000045b  getOption                      
00003bb1  getSeconds                     
00003125  initAsync                      
00002c7b  initBuff                       
00002b01  initPtrBuff                    
00001e73  initRTC                        
00001e9d  initTimerA                     
000019b9  intToStr                       
00000000  interruptVectors               
000039dd  isCommand                      
000007c1  log                            
00000bfd  main                           
200004dc  main_func_sp                   
00002293  malloc                         
000031b5  mapPin                         
20000410  maxNum                         
000024c9  memalign                       
000033d9  memcpy                         
00003503  memset                         
20000418  minNum                         
00002205  minit                          
00000bf1  noOp                           
00003b13  nrfClearStatus                 
00003b3d  nrfDsCE                        
00003b4d  nrfEnCE                        
000039f9  nrfFlushRXFIFO                 
00003a15  nrfFlushTXFIFO                 
000036bd  nrfReadRX                      
00003b5d  nrfSendSPI                     
00003a31  nrfUpdateStatus                
00003819  nrfWReg                        
00003925  nrfWaitForSPI                  
20000408  numOptions                     
20000404  options                        
00000b39  pauseCommands                  
00000671  printArray                     
00000609  printChar                      
00000627  printNewline                   
00000645  printString                    
000006d9  printWrap                      
0000399d  printable                      
00003a81  ptrBuffEmpty                   
00003a9b  ptrBuffFull                    
000039bd  ptrBuffInitialized             
000020c5  pwm                            
0000214d  pwmI                           
00000add  readyForCommands               
000023bd  realloc                        
00000dd5  receive                        
00003951  requestMode                    
00003b6d  resetWatchdog                  
00003157  runAsync                       
00001dcd  setCPUFreq                     
00002f41  setState                       
00000f8d  setupIO                        
00000ecd  setupLogging                   
000010ad  setupNRF                       
00000f01  setupTimers                    
0000034f  startLogging                   
00001805  startSPI                       
000017cd  startUART                      
000038c3  strLen                         
00001d09  strToInt64                     
00001b69  strToUInt32                    
00001c11  strToUInt64                    
00001b29  uInt16ToHexStr                 
00001b3f  uInt32ToHexStr                 
00001b53  uInt64ToHexStr                 
00001b13  uInt8ToHexStr                  
000018db  uIntToStr                      


GLOBAL SYMBOLS: SORTED BY Symbol Address 

address   name                           
-------   ----                           
00000000  __TI_static_base__             
00000000  interruptVectors               
00000200  __STACK_SIZE                   
00000311  configLogging                  
0000034f  startLogging                   
0000038d  enableCommands                 
000003c5  getChar                        
00000400  __SYSMEM_SIZE                  
00000415  getLine                        
0000045b  getOption                      
000004f7  _getLineNumberHandler          
000005b5  getNumberInRange               
00000609  printChar                      
00000627  printNewline                   
00000645  printString                    
00000671  printArray                     
000006d9  printWrap                      
000007c1  log                            
00000add  readyForCommands               
00000b39  pauseCommands                  
00000b6d  eUSCIUARTHandler               
00000bf1  noOp                           
00000bfd  main                           
00000dd5  receive                        
00000ecd  setupLogging                   
00000f01  setupTimers                    
00000f8d  setupIO                        
000010ad  setupNRF                       
00001163  TA1_N_IRQHandler               
00001163  TA1_N_IRQHandler               
0000117d  EUSCIA1_IRQHandler             
0000117d  EUSCIA1_IRQHandler             
000011fd  WDT_A_IRQHandler               
000011fd  WDT_A_IRQHandler               
00001223  PORT5_IRQHandler               
00001223  PORT5_IRQHandler               
0000123b  NMI_Handler                    
0000123b  NMI_Handler                    
0000123d  HardFault_Handler              
0000123d  HardFault_Handler              
0000123f  MemManage_Handler              
0000123f  MemManage_Handler              
00001241  BusFault_Handler               
00001241  BusFault_Handler               
00001243  UsageFault_Handler             
00001243  UsageFault_Handler             
00001245  SVC_Handler                    
00001245  SVC_Handler                    
00001247  DebugMon_Handler               
00001247  DebugMon_Handler               
00001249  SysTick_Handler                
00001249  SysTick_Handler                
0000124b  PSS_IRQHandler                 
0000124b  PSS_IRQHandler                 
0000124d  CS_IRQHandler                  
0000124d  CS_IRQHandler                  
00001259  PCM_IRQHandler                 
00001259  PCM_IRQHandler                 
00001261  FPU_IRQHandler                 
00001261  FPU_IRQHandler                 
000012c5  configUART                     
00001741  configSPIMaster                
0000178d  configSPISlave                 
000017cd  startUART                      
00001805  startSPI                       
000018db  uIntToStr                      
000019b9  intToStr                       
00001a09  bytesToHexStr                  
00001b13  uInt8ToHexStr                  
00001b29  uInt16ToHexStr                 
00001b3f  uInt32ToHexStr                 
00001b53  uInt64ToHexStr                 
00001b69  strToUInt32                    
00001c11  strToUInt64                    
00001d09  strToInt64                     
00001dcd  setCPUFreq                     
00001e47  RTC_C_IRQHandler               
00001e47  RTC_C_IRQHandler               
00001e73  initRTC                        
00001e9d  initTimerA                     
000020c5  pwm                            
0000214d  pwmI                           
00002205  minit                          
00002293  malloc                         
000022fb  free                           
000023bd  realloc                        
000024c9  memalign                       
000025ad  calloc                         
000025e1  SystemCoreClockUpdate          
00002855  SystemInit                     
0000290d  __aeabi_uldivmod               
00002b01  initPtrBuff                    
00002b47  emptyPtrBuff                   
00002b75  freePtrBuff                    
00002bb5  addToPtrBuff                   
00002c15  getFromPtrBuff                 
00002c7b  initBuff                       
00002cbf  emptyBuff                      
00002ced  freeBuff                       
00002d2d  addToBuff                      
00002d8f  getFromBuff                    
00002df3  __mpu_init                     
00002df5  errorToStr                     
00002f41  setState                       
00003125  initAsync                      
00003157  runAsync                       
0000316f  PendSV_Handler                 
0000316f  PendSV_Handler                 
000031b5  mapPin                         
000032dd  __aeabi_dmul                   
000033d9  __aeabi_memcpy                 
000033d9  __aeabi_memcpy4                
000033d9  __aeabi_memcpy8                
000033d9  memcpy                         
00003475  __aeabi_cdrcmple               
000034fb  __aeabi_memclr                 
000034fb  __aeabi_memclr4                
000034fb  __aeabi_memclr8                
000034fd  __aeabi_memset                 
000034fd  __aeabi_memset4                
000034fd  __aeabi_memset8                
00003503  memset                         
00003575  __TI_auto_init                 
000035e5  __aeabi_d2f                    
000036bd  nrfReadRX                      
00003725  _c_int00                       
00003779  C$$EXIT                        
0000377d  abort                          
00003785  exit                           
000037cd  copy_in                        
00003819  nrfWReg                        
00003859  __aeabi_f2d                    
00003891  decodeState                    
000038c3  strLen                         
000038f5  __aeabi_i2d                    
00003923  _system_post_cinit             
00003925  nrfWaitForSPI                  
00003951  requestMode                    
0000397d  buffInitialized                
0000399d  printable                      
000039bd  ptrBuffInitialized             
000039dd  isCommand                      
000039f9  nrfFlushRXFIFO                 
00003a15  nrfFlushTXFIFO                 
00003a31  nrfUpdateStatus                
00003a4d  buffEmpty                      
00003a67  buffFull                       
00003a81  ptrBuffEmpty                   
00003a9b  ptrBuffFull                    
00003ab5  forceMode                      
00003acd  _args_main                     
00003ae5  __aeabi_lmul                   
00003afd  decodeCommand                  
00003b13  nrfClearStatus                 
00003b29  _register_unlock               
00003b2f  _register_lock                 
00003b37  _nop                           
00003b3d  nrfDsCE                        
00003b4d  nrfEnCE                        
00003b5d  nrfSendSPI                     
00003b6d  resetWatchdog                  
00003b7d  __TI_decompress_none           
00003b8b  Reset_Handler                  
00003b97  ADC14_IRQHandler               
00003b97  AES256_IRQHandler              
00003b97  COMP_E0_IRQHandler             
00003b97  COMP_E1_IRQHandler             
00003b97  DMA_ERR_IRQHandler             
00003b97  DMA_INT0_IRQHandler            
00003b97  DMA_INT1_IRQHandler            
00003b97  DMA_INT2_IRQHandler            
00003b97  DMA_INT3_IRQHandler            
00003b97  Default_Handler                
00003b97  EUSCIA0_IRQHandler             
00003b97  EUSCIA2_IRQHandler             
00003b97  EUSCIA3_IRQHandler             
00003b97  EUSCIB0_IRQHandler             
00003b97  EUSCIB1_IRQHandler             
00003b97  EUSCIB2_IRQHandler             
00003b97  EUSCIB3_IRQHandler             
00003b97  FLCTL_IRQHandler               
00003b97  PORT1_IRQHandler               
00003b97  PORT2_IRQHandler               
00003b97  PORT3_IRQHandler               
00003b97  PORT4_IRQHandler               
00003b97  PORT6_IRQHandler               
00003b97  T32_INT1_IRQHandler            
00003b97  T32_INT2_IRQHandler            
00003b97  T32_INTC_IRQHandler            
00003b97  TA0_0_IRQHandler               
00003b97  TA0_N_IRQHandler               
00003b97  TA1_0_IRQHandler               
00003b97  TA2_0_IRQHandler               
00003b97  TA2_N_IRQHandler               
00003b97  TA3_0_IRQHandler               
00003b97  TA3_N_IRQHandler               
00003b99  getHours                       
00003ba5  getMinutes                     
00003bb1  getSeconds                     
00003bbd  __TI_decompress_rle24          
00003bc3  _system_pre_init               
00003d5c  __TI_Handler_Table_Base        
00003d64  __TI_CINIT_Base                
00003d64  __TI_Handler_Table_Limit       
00003d74  __TI_CINIT_Limit               
20000000  _sys_memory                    
20000404  options                        
20000408  numOptions                     
2000040c  currentOption                  
20000410  maxNum                         
20000418  minNum                         
20000434  commandDescriptions            
200004a0  __TI_cleanup_ptr               
200004a4  __TI_dtors_ptr                 
200004a8  __TI_enable_exit_profile_output
200004b8  directionDescriptions          
200004c4  _lock                          
200004c8  _unlock                        
200004dc  main_func_sp                   
200004e0  SystemCoreClock                
200004ec  funcs                          
2000fe00  __stack                        
20010000  __STACK_END                    
4000480c  WDTCTL_SYM                     
ffffffff  __TI_pprof_out_hndl            
ffffffff  __TI_prof_data_size            
ffffffff  __TI_prof_data_start           
ffffffff  __binit__                      
ffffffff  __c_args__                     
ffffffff  binit                          
UNDEFED   SHT$$INIT_ARRAY$$Base          
UNDEFED   SHT$$INIT_ARRAY$$Limit         

[232 symbols]
