******************************************************************************
                  TI ARM Linker Unix v15.12.3                  
******************************************************************************
>> Linked Mon Nov 21 00:19:23 2016

OUTPUT FILE NAME:   <Final-Project.out>
ENTRY POINT SYMBOL: "_c_int00"  address: 00003579


MEMORY CONFIGURATION

         name            origin    length      used     unused   attr    fill
----------------------  --------  ---------  --------  --------  ----  --------
  MAIN                  00000000   00040000  00003924  0003c6dc  R  X
  INFO                  00200000   00004000  00000000  00004000  R  X
  SRAM_CODE             01000000   00010000  000006a2  0000f95e  RW X
  SRAM_DATA             20000000   00010000  000006a2  0000f95e  RW  


SEGMENT ALLOCATION MAP

run origin  load origin   length   init length attrs members
----------  ----------- ---------- ----------- ----- -------
00000000    00000000    00003924   00003924    r-x
  00000000    00000000    000000e4   000000e4    r-- .intvecs
  000000e4    000000e4    000037dc   000037dc    r-x .text
  000038c0    000038c0    00000064   00000064    r-- .cinit
20000000    20000000    000004a2   00000000    rw-
  20000000    20000000    00000400   00000000    rw- .sysmem
  20000400    20000400    0000009f   00000000    rw- .data
  2000049f    2000049f    00000003   00000000    rw- .bss
2000fe00    2000fe00    00000200   00000000    rw-
  2000fe00    2000fe00    00000200   00000000    rw- .stack


SECTION ALLOCATION MAP

 output                                  attributes/
section   page    origin      length       input sections
--------  ----  ----------  ----------   ----------------
.intvecs   0    00000000    000000e4     
                  00000000    000000e4     startup_msp432p401r_ccs.obj (.intvecs:retain)

.text      0    000000e4    000037dc     
                  000000e4    00000ec4     main.obj (.text)
                  00000fa8    00000878     logging.obj (.text)
                  00001820    000005e0     serial.obj (.text)
                  00001e00    00000414     helpers.obj (.text)
                  00002214    000003ec     timers.obj (.text)
                  00002600    000003dc     rtsv7M4_T_le_v4SPD16_eabi.lib : memory.obj (.text)
                  000029dc    0000032c     system_msp432p401r.obj (.text)
                  00002d08    000001f4     rtsv7M4_T_le_v4SPD16_eabi.lib : ull_div_t2.obj (.text)
                  00002efc    00000172     buffer.obj (.text)
                  0000306e    00000002     rtsv7M4_T_le_v4SPD16_eabi.lib : mpu_init.obj (.text)
                  00003070    00000128     portMapping.obj (.text)
                  00003198    000000fc     rtsv7M4_T_le_v4SPD16_eabi.lib : fd_mul_t2.obj (.text)
                  00003294    0000009c                                   : memcpy_t2.obj (.text)
                  00003330    00000086                                   : fd_cmp_t2.obj (.text:__aeabi_cdrcmple)
                  000033b6    0000007a                                   : memset_t2.obj (.text)
                  00003430    00000070                                   : autoinit.obj (.text)
                  000034a0    0000006e                                   : fd_tos_t2.obj (.text)
                  0000350e    0000006a                                   : copy_decompress_rle.obj (.text)
                  00003578    00000054                                   : boot.obj (.text)
                  000035cc    00000054                                   : exit.obj (.text)
                  00003620    0000004c                                   : cpy_tbl.obj (.text)
                  0000366c    00000048     async.obj (.text)
                  000036b4    00000038     rtsv7M4_T_le_v4SPD16_eabi.lib : fs_tod_t2.obj (.text)
                  000036ec    00000032     helpers.obj (.text:strLen)
                  0000371e    0000002e     rtsv7M4_T_le_v4SPD16_eabi.lib : i_tofd_t2.obj (.text)
                  0000374c    0000002c     main.obj (.text:requestModeChange)
                  00003778    0000002c     main.obj (.text:waitForSPI)
                  000037a4    00000020     buffer.obj (.text:buffInitialized)
                  000037c4    0000001a     buffer.obj (.text:buffEmpty)
                  000037de    0000001a     buffer.obj (.text:buffFull)
                  000037f8    00000018     main.obj (.text:forceModeChange)
                  00003810    00000018     rtsv7M4_T_le_v4SPD16_eabi.lib : args_main.obj (.text)
                  00003828    00000018                                   : ll_mul_t2.obj (.text)
                  00003840    00000014                                   : _lock.obj (.text)
                  00003854    00000010     main.obj (.text:pauseStatusReports)
                  00003864    00000010     main.obj (.text:resumeStatusReports)
                  00003874    0000000e     rtsv7M4_T_le_v4SPD16_eabi.lib : copy_decompress_none.obj (.text:decompress:none)
                  00003882    0000000e     startup_msp432p401r_ccs.obj (.text)
                  00003890    0000000c     timers.obj (.text:getHours)
                  0000389c    0000000c     timers.obj (.text:getMinutes)
                  000038a8    0000000c     timers.obj (.text:getSeconds)
                  000038b4    00000006     rtsv7M4_T_le_v4SPD16_eabi.lib : copy_decompress_rle.obj (.text:decompress:rle24)
                  000038ba    00000004                                   : pre_init.obj (.text)
                  000038be    00000002                                   : startup.obj (.text)

.cinit     0    000038c0    00000064     
                  000038c0    0000003b     (.cinit..data.load) [load image, compression = rle]
                  000038fb    00000005     --HOLE-- [fill = 0]
                  00003900    00000009     (.cinit..bss.load) [load image, compression = rle]
                  00003909    00000003     --HOLE-- [fill = 0]
                  0000390c    00000008     (__TI_handler_table)
                  00003914    00000010     (__TI_cinit_table)

.init_array 
*          0    00000000    00000000     UNINITIALIZED

.binit     0    00000000    00000000     

.sysmem    0    20000000    00000400     UNINITIALIZED
                  20000000    00000008     rtsv7M4_T_le_v4SPD16_eabi.lib : memory.obj (.sysmem)
                  20000008    000003f8     --HOLE--

.data      0    20000400    0000009f     UNINITIALIZED
                  20000400    00000021     logging.obj (.data)
                  20000421    00000003     logging.obj (.data:logBreakClosers)
                  20000424    00000014     main.obj (.data:miso)
                  20000438    00000014     main.obj (.data:mosi)
                  2000044c    00000014     logging.obj (.data:uartBuff)
                  20000460    0000000c     rtsv7M4_T_le_v4SPD16_eabi.lib : exit.obj (.data:$O1$$)
                  2000046c    0000000c                                   : memory.obj (.data:$O1$$)
                  20000478    00000008                                   : _lock.obj (.data:$O1$$)
                  20000480    00000006     timers.obj (.data:current)
                  20000486    00000006     main.obj (.data)
                  2000048c    00000004     async.obj (.data)
                  20000490    00000004     main.obj (.data:prefs)
                  20000494    00000004     rtsv7M4_T_le_v4SPD16_eabi.lib : stkdepth_vars.obj (.data)
                  20000498    00000004     system_msp432p401r.obj (.data)
                  2000049c    00000003     logging.obj (.data:logBreakOpeners)

.bss       0    2000049f    00000003     UNINITIALIZED
                  2000049f    00000003     main.obj (.bss:nextPacket)

.stack     0    2000fe00    00000200     UNINITIALIZED
                  2000fe00    00000200     --HOLE--

MODULE SUMMARY

       Module                        code    ro data   rw data
       ------                        ----    -------   -------
    ./
       main.obj                      3924    0         106    
       system_msp432p401r.obj        812     0         8      
       startup_msp432p401r_ccs.obj   14      228       0      
    +--+-----------------------------+-------+---------+---------+
       Total:                        4750    228       114    
                                                              
    ./Libs/
       logging.obj                   2168    0         118    
       serial.obj                    1504    0         0      
       helpers.obj                   1094    0         0      
       timers.obj                    1040    0         12     
       buffer.obj                    454     0         0      
       portMapping.obj               296     0         0      
       async.obj                     72      0         8      
    +--+-----------------------------+-------+---------+---------+
       Total:                        6628    0         138    
                                                              
    /home/albert/ti/ccsv6/tools/compiler/arm_15.12.3.LTS/lib/rtsv7M4_T_le_v4SPD16_eabi.lib
       memory.obj                    988     0         24     
       ull_div_t2.obj                500     0         0      
       fd_mul_t2.obj                 252     0         0      
       memcpy_t2.obj                 156     0         0      
       fd_cmp_t2.obj                 134     0         0      
       memset_t2.obj                 122     0         0      
       autoinit.obj                  112     0         0      
       copy_decompress_rle.obj       112     0         0      
       fd_tos_t2.obj                 110     0         0      
       exit.obj                      84      0         24     
       boot.obj                      84      0         0      
       cpy_tbl.obj                   76      0         0      
       fs_tod_t2.obj                 56      0         0      
       i_tofd_t2.obj                 46      0         0      
       _lock.obj                     20      0         16     
       args_main.obj                 24      0         0      
       ll_mul_t2.obj                 24      0         0      
       copy_decompress_none.obj      14      0         0      
       stkdepth_vars.obj             0       0         8      
       pre_init.obj                  4       0         0      
       mpu_init.obj                  2       0         0      
       startup.obj                   2       0         0      
    +--+-----------------------------+-------+---------+---------+
       Total:                        2922    0         72     
                                                              
       Heap:                         0       0         2048   
       Stack:                        0       0         1024   
       Linker Generated:             0       92        0      
    +--+-----------------------------+-------+---------+---------+
       Grand Total:                  14300   320       3396   


LINKER GENERATED COPY TABLES

__TI_cinit_table @ 00003914 records: 2, size/record: 8, table size: 16
	.data: load addr=000038c0, load size=0000003b bytes, run addr=20000400, run size=0000009f bytes, compression=rle
	.bss: load addr=00003900, load size=00000009 bytes, run addr=2000049f, run size=00000003 bytes, compression=rle


LINKER GENERATED HANDLER TABLE

__TI_handler_table @ 0000390c records: 2, size/record: 4, table size: 8
	index: 0, handler: __TI_decompress_rle24
	index: 1, handler: __TI_decompress_none


GLOBAL SYMBOLS: SORTED ALPHABETICALLY BY Name 

address   name                           
-------   ----                           
0000388f  ADC14_IRQHandler               
0000388f  AES256_IRQHandler              
0000388f  BusFault_Handler               
000035cd  C$$EXIT                        
0000388f  COMP_E0_IRQHandler             
0000388f  COMP_E1_IRQHandler             
0000388f  CS_IRQHandler                  
0000388f  DMA_ERR_IRQHandler             
0000388f  DMA_INT0_IRQHandler            
0000388f  DMA_INT1_IRQHandler            
0000388f  DMA_INT2_IRQHandler            
0000388f  DMA_INT3_IRQHandler            
0000388f  DebugMon_Handler               
0000388f  Default_Handler                
0000388f  EUSCIA0_IRQHandler             
00000eb5  EUSCIA1_IRQHandler             
00000eb5  EUSCIA1_IRQHandler             
0000388f  EUSCIA2_IRQHandler             
0000388f  EUSCIA3_IRQHandler             
0000388f  EUSCIB0_IRQHandler             
0000388f  EUSCIB1_IRQHandler             
0000388f  EUSCIB2_IRQHandler             
0000388f  EUSCIB3_IRQHandler             
0000388f  FLCTL_IRQHandler               
0000388f  FPU_IRQHandler                 
0000388f  HardFault_Handler              
0000388f  MemManage_Handler              
0000388f  NMI_Handler                    
0000388f  PCM_IRQHandler                 
0000388f  PORT1_IRQHandler               
0000388f  PORT2_IRQHandler               
0000388f  PORT3_IRQHandler               
0000388f  PORT4_IRQHandler               
00000f37  PORT5_IRQHandler               
00000f37  PORT5_IRQHandler               
0000388f  PORT6_IRQHandler               
0000388f  PSS_IRQHandler                 
0000368f  PendSV_Handler                 
0000368f  PendSV_Handler                 
000022b3  RTC_C_IRQHandler               
000022b3  RTC_C_IRQHandler               
00003883  Reset_Handler                  
UNDEFED   SHT$$INIT_ARRAY$$Base          
UNDEFED   SHT$$INIT_ARRAY$$Limit         
0000388f  SVC_Handler                    
0000388f  SysTick_Handler                
20000498  SystemCoreClock                
000029dd  SystemCoreClockUpdate          
00002c51  SystemInit                     
0000388f  T32_INT1_IRQHandler            
0000388f  T32_INT2_IRQHandler            
0000388f  T32_INTC_IRQHandler            
0000388f  TA0_0_IRQHandler               
0000388f  TA0_N_IRQHandler               
0000388f  TA1_0_IRQHandler               
00000e1d  TA1_N_IRQHandler               
00000e1d  TA1_N_IRQHandler               
0000388f  TA2_0_IRQHandler               
00000e33  TA2_N_IRQHandler               
00000e33  TA2_N_IRQHandler               
0000388f  TA3_0_IRQHandler               
00000e51  TA3_N_IRQHandler               
00000e51  TA3_N_IRQHandler               
0000388f  UsageFault_Handler             
4000480c  WDTCTL_SYM                     
0000388f  WDT_A_IRQHandler               
20010000  __STACK_END                    
00000200  __STACK_SIZE                   
00000400  __SYSMEM_SIZE                  
00003914  __TI_CINIT_Base                
00003924  __TI_CINIT_Limit               
0000390c  __TI_Handler_Table_Base        
00003914  __TI_Handler_Table_Limit       
00003431  __TI_auto_init                 
20000460  __TI_cleanup_ptr               
00003875  __TI_decompress_none           
000038b5  __TI_decompress_rle24          
20000464  __TI_dtors_ptr                 
20000468  __TI_enable_exit_profile_output
ffffffff  __TI_pprof_out_hndl            
ffffffff  __TI_prof_data_size            
ffffffff  __TI_prof_data_start           
00000000  __TI_static_base__             
00003331  __aeabi_cdrcmple               
000034a1  __aeabi_d2f                    
00003199  __aeabi_dmul                   
000036b5  __aeabi_f2d                    
0000371f  __aeabi_i2d                    
00003829  __aeabi_lmul                   
000033b7  __aeabi_memclr                 
000033b7  __aeabi_memclr4                
000033b7  __aeabi_memclr8                
00003295  __aeabi_memcpy                 
00003295  __aeabi_memcpy4                
00003295  __aeabi_memcpy8                
000033b9  __aeabi_memset                 
000033b9  __aeabi_memset4                
000033b9  __aeabi_memset8                
00002d09  __aeabi_uldivmod               
ffffffff  __binit__                      
ffffffff  __c_args__                     
0000306f  __mpu_init                     
2000fe00  __stack                        
00003811  _args_main                     
00003579  _c_int00                       
20000478  _lock                          
0000384f  _nop                           
00003847  _register_lock                 
00003841  _register_unlock               
20000000  _sys_memory                    
000038bf  _system_post_cinit             
000038bb  _system_pre_init               
2000047c  _unlock                        
000035d1  abort                          
00002fb1  addToBuff                      
2000048c  asyncFunc                      
ffffffff  binit                          
000037c5  buffEmpty                      
000037df  buffFull                       
000037a5  buffInitialized                
00001f15  bytesToHexStr                  
000029a9  calloc                         
00000a91  clearNRFStatus                 
0000096d  commandHandler                 
000011fb  configLogging                  
00001c9d  configSPIMaster                
00001ce9  configSPISlave                 
00001821  configUART                     
00003621  copy_in                        
000015c3  disableTimestamps              
00001799  eUSCIUARTHandler               
00002f43  emptyBuff                      
000012a5  enableCommands                 
000015b7  enableTimestamps               
0000058d  encodePacket                   
00000927  endRangeTestYN                 
000035d9  exit                           
000037f9  forceModeChange                
000026f7  free                           
00002f71  freeBuff                       
000012dd  getChar                        
0000300d  getFromBuff                    
00003891  getHours                       
00001331  getLine                        
0000389d  getMinutes                     
000038a9  getSeconds                     
0000366d  initAsync                      
00002efd  initBuff                       
000022df  initRTC                        
00002309  initTimerA                     
00000000  interruptVectors               
0000145d  log                            
0000010d  main                           
20000494  main_func_sp                   
0000268f  malloc                         
00003071  mapPin                         
000028c5  memalign                       
00003295  memcpy                         
000033bf  memset                         
00002601  minit                          
00000a79  nrfSend                        
00003855  pauseStatusReports             
0000137f  printChar                      
00000435  printHelp                      
00000533  printInvalidCommand            
000013a5  printNewline                   
000013c3  printString                    
000013fd  printWrap                      
00002531  pwm                            
000027b9  realloc                        
0000374d  requestModeChange              
00003865  resumeStatusReports            
00003675  runAsync                       
00002239  setCPUFreq                     
00000d99  setupCREE                      
00000b75  setupNRF                       
00001259  startLogging                   
00001d61  startSPI                       
00001d29  startUART                      
000036ed  strLen                         
00002075  strToUInt32                    
0000211d  strToUInt64                    
00002035  uInt16ToHexStr                 
0000204b  uInt32ToHexStr                 
0000205f  uInt64ToHexStr                 
0000201f  uInt8ToHexStr                  
00001e37  uIntToStr                      
00000aad  updateCREE                     
00003779  waitForSPI                     


GLOBAL SYMBOLS: SORTED BY Symbol Address 

address   name                           
-------   ----                           
00000000  __TI_static_base__             
00000000  interruptVectors               
0000010d  main                           
00000200  __STACK_SIZE                   
00000400  __SYSMEM_SIZE                  
00000435  printHelp                      
00000533  printInvalidCommand            
0000058d  encodePacket                   
00000927  endRangeTestYN                 
0000096d  commandHandler                 
00000a79  nrfSend                        
00000a91  clearNRFStatus                 
00000aad  updateCREE                     
00000b75  setupNRF                       
00000d99  setupCREE                      
00000e1d  TA1_N_IRQHandler               
00000e1d  TA1_N_IRQHandler               
00000e33  TA2_N_IRQHandler               
00000e33  TA2_N_IRQHandler               
00000e51  TA3_N_IRQHandler               
00000e51  TA3_N_IRQHandler               
00000eb5  EUSCIA1_IRQHandler             
00000eb5  EUSCIA1_IRQHandler             
00000f37  PORT5_IRQHandler               
00000f37  PORT5_IRQHandler               
000011fb  configLogging                  
00001259  startLogging                   
000012a5  enableCommands                 
000012dd  getChar                        
00001331  getLine                        
0000137f  printChar                      
000013a5  printNewline                   
000013c3  printString                    
000013fd  printWrap                      
0000145d  log                            
000015b7  enableTimestamps               
000015c3  disableTimestamps              
00001799  eUSCIUARTHandler               
00001821  configUART                     
00001c9d  configSPIMaster                
00001ce9  configSPISlave                 
00001d29  startUART                      
00001d61  startSPI                       
00001e37  uIntToStr                      
00001f15  bytesToHexStr                  
0000201f  uInt8ToHexStr                  
00002035  uInt16ToHexStr                 
0000204b  uInt32ToHexStr                 
0000205f  uInt64ToHexStr                 
00002075  strToUInt32                    
0000211d  strToUInt64                    
00002239  setCPUFreq                     
000022b3  RTC_C_IRQHandler               
000022b3  RTC_C_IRQHandler               
000022df  initRTC                        
00002309  initTimerA                     
00002531  pwm                            
00002601  minit                          
0000268f  malloc                         
000026f7  free                           
000027b9  realloc                        
000028c5  memalign                       
000029a9  calloc                         
000029dd  SystemCoreClockUpdate          
00002c51  SystemInit                     
00002d09  __aeabi_uldivmod               
00002efd  initBuff                       
00002f43  emptyBuff                      
00002f71  freeBuff                       
00002fb1  addToBuff                      
0000300d  getFromBuff                    
0000306f  __mpu_init                     
00003071  mapPin                         
00003199  __aeabi_dmul                   
00003295  __aeabi_memcpy                 
00003295  __aeabi_memcpy4                
00003295  __aeabi_memcpy8                
00003295  memcpy                         
00003331  __aeabi_cdrcmple               
000033b7  __aeabi_memclr                 
000033b7  __aeabi_memclr4                
000033b7  __aeabi_memclr8                
000033b9  __aeabi_memset                 
000033b9  __aeabi_memset4                
000033b9  __aeabi_memset8                
000033bf  memset                         
00003431  __TI_auto_init                 
000034a1  __aeabi_d2f                    
00003579  _c_int00                       
000035cd  C$$EXIT                        
000035d1  abort                          
000035d9  exit                           
00003621  copy_in                        
0000366d  initAsync                      
00003675  runAsync                       
0000368f  PendSV_Handler                 
0000368f  PendSV_Handler                 
000036b5  __aeabi_f2d                    
000036ed  strLen                         
0000371f  __aeabi_i2d                    
0000374d  requestModeChange              
00003779  waitForSPI                     
000037a5  buffInitialized                
000037c5  buffEmpty                      
000037df  buffFull                       
000037f9  forceModeChange                
00003811  _args_main                     
00003829  __aeabi_lmul                   
00003841  _register_unlock               
00003847  _register_lock                 
0000384f  _nop                           
00003855  pauseStatusReports             
00003865  resumeStatusReports            
00003875  __TI_decompress_none           
00003883  Reset_Handler                  
0000388f  ADC14_IRQHandler               
0000388f  AES256_IRQHandler              
0000388f  BusFault_Handler               
0000388f  COMP_E0_IRQHandler             
0000388f  COMP_E1_IRQHandler             
0000388f  CS_IRQHandler                  
0000388f  DMA_ERR_IRQHandler             
0000388f  DMA_INT0_IRQHandler            
0000388f  DMA_INT1_IRQHandler            
0000388f  DMA_INT2_IRQHandler            
0000388f  DMA_INT3_IRQHandler            
0000388f  DebugMon_Handler               
0000388f  Default_Handler                
0000388f  EUSCIA0_IRQHandler             
0000388f  EUSCIA2_IRQHandler             
0000388f  EUSCIA3_IRQHandler             
0000388f  EUSCIB0_IRQHandler             
0000388f  EUSCIB1_IRQHandler             
0000388f  EUSCIB2_IRQHandler             
0000388f  EUSCIB3_IRQHandler             
0000388f  FLCTL_IRQHandler               
0000388f  FPU_IRQHandler                 
0000388f  HardFault_Handler              
0000388f  MemManage_Handler              
0000388f  NMI_Handler                    
0000388f  PCM_IRQHandler                 
0000388f  PORT1_IRQHandler               
0000388f  PORT2_IRQHandler               
0000388f  PORT3_IRQHandler               
0000388f  PORT4_IRQHandler               
0000388f  PORT6_IRQHandler               
0000388f  PSS_IRQHandler                 
0000388f  SVC_Handler                    
0000388f  SysTick_Handler                
0000388f  T32_INT1_IRQHandler            
0000388f  T32_INT2_IRQHandler            
0000388f  T32_INTC_IRQHandler            
0000388f  TA0_0_IRQHandler               
0000388f  TA0_N_IRQHandler               
0000388f  TA1_0_IRQHandler               
0000388f  TA2_0_IRQHandler               
0000388f  TA3_0_IRQHandler               
0000388f  UsageFault_Handler             
0000388f  WDT_A_IRQHandler               
00003891  getHours                       
0000389d  getMinutes                     
000038a9  getSeconds                     
000038b5  __TI_decompress_rle24          
000038bb  _system_pre_init               
000038bf  _system_post_cinit             
0000390c  __TI_Handler_Table_Base        
00003914  __TI_CINIT_Base                
00003914  __TI_Handler_Table_Limit       
00003924  __TI_CINIT_Limit               
20000000  _sys_memory                    
20000460  __TI_cleanup_ptr               
20000464  __TI_dtors_ptr                 
20000468  __TI_enable_exit_profile_output
20000478  _lock                          
2000047c  _unlock                        
2000048c  asyncFunc                      
20000494  main_func_sp                   
20000498  SystemCoreClock                
2000fe00  __stack                        
20010000  __STACK_END                    
4000480c  WDTCTL_SYM                     
ffffffff  __TI_pprof_out_hndl            
ffffffff  __TI_prof_data_size            
ffffffff  __TI_prof_data_start           
ffffffff  __binit__                      
ffffffff  __c_args__                     
ffffffff  binit                          
UNDEFED   SHT$$INIT_ARRAY$$Base          
UNDEFED   SHT$$INIT_ARRAY$$Limit         

[189 symbols]
