******************************************************************************
                  TI ARM Linker Unix v15.12.3                  
******************************************************************************
>> Linked Mon Nov 14 23:59:43 2016

OUTPUT FILE NAME:   <Final-Project.out>
ENTRY POINT SYMBOL: "_c_int00"  address: 00000605


MEMORY CONFIGURATION

         name            origin    length      used     unused   attr    fill
----------------------  --------  ---------  --------  --------  ----  --------
  MAIN                  00000000   00040000  00000778  0003f888  R  X
  INFO                  00200000   00004000  00000000  00004000  R  X
  SRAM_CODE             01000000   00010000  0000061c  0000f9e4  RW X
  SRAM_DATA             20000000   00010000  0000061c  0000f9e4  RW  


SEGMENT ALLOCATION MAP

run origin  load origin   length   init length attrs members
----------  ----------- ---------- ----------- ----- -------
00000000    00000000    0000077c   0000077c    r-x
  00000000    00000000    000000e4   000000e4    r-- .intvecs
  000000e4    000000e4    00000668   00000668    r-x .text
  00000750    00000750    0000002c   0000002c    r-- .cinit
20000000    20000000    0000041c   00000000    rw-
  20000000    20000000    00000400   00000000    rw- .sysmem
  20000400    20000400    0000001c   00000000    rw- .data
2000fe00    2000fe00    00000200   00000000    rw-
  2000fe00    2000fe00    00000200   00000000    rw- .stack


SECTION ALLOCATION MAP

 output                                  attributes/
section   page    origin      length       input sections
--------  ----  ----------  ----------   ----------------
.intvecs   0    00000000    000000e4     
                  00000000    000000e4     startup_msp432p401r_ccs.obj (.intvecs:retain)

.text      0    000000e4    00000668     
                  000000e4    0000032c     system_msp432p401r.obj (.text)
                  00000410    0000009c     rtsv7M4_T_le_v4SPD16_eabi.lib : memcpy_t2.obj (.text)
                  000004ac    0000007a                                   : memset_t2.obj (.text)
                  00000526    00000002     main.obj (.text)
                  00000528    00000070     rtsv7M4_T_le_v4SPD16_eabi.lib : autoinit.obj (.text)
                  00000598    0000006a                                   : copy_decompress_rle.obj (.text)
                  00000602    00000002                                   : mpu_init.obj (.text)
                  00000604    00000054                                   : boot.obj (.text)
                  00000658    00000054                                   : exit.obj (.text)
                  000006ac    0000004c                                   : cpy_tbl.obj (.text)
                  000006f8    00000018                                   : args_main.obj (.text)
                  00000710    00000014                                   : _lock.obj (.text)
                  00000724    0000000e                                   : copy_decompress_none.obj (.text:decompress:none)
                  00000732    0000000e     startup_msp432p401r_ccs.obj (.text)
                  00000740    00000006     rtsv7M4_T_le_v4SPD16_eabi.lib : copy_decompress_rle.obj (.text:decompress:rle24)
                  00000746    00000004                                   : pre_init.obj (.text)
                  0000074a    00000002                                   : startup.obj (.text)

.cinit     0    00000750    0000002c     
                  00000750    0000001a     (.cinit..data.load) [load image, compression = rle]
                  0000076a    00000002     --HOLE-- [fill = 0]
                  0000076c    00000008     (__TI_handler_table)
                  00000774    00000008     (__TI_cinit_table)

.init_array 
*          0    00000000    00000000     UNINITIALIZED

.binit     0    00000000    00000000     

.data      0    20000400    0000001c     UNINITIALIZED
                  20000400    0000000c     rtsv7M4_T_le_v4SPD16_eabi.lib : exit.obj (.data:$O1$$)
                  2000040c    00000008                                   : _lock.obj (.data:$O1$$)
                  20000414    00000004                                   : stkdepth_vars.obj (.data)
                  20000418    00000004     system_msp432p401r.obj (.data)

.sysmem    0    20000000    00000400     UNINITIALIZED
                  20000000    00000008     rtsv7M4_T_le_v4SPD16_eabi.lib : memory.obj (.sysmem)
                  20000008    000003f8     --HOLE--

.stack     0    2000fe00    00000200     UNINITIALIZED
                  2000fe00    00000200     --HOLE--

MODULE SUMMARY

       Module                        code   ro data   rw data
       ------                        ----   -------   -------
    ./
       system_msp432p401r.obj        812    0         8      
       startup_msp432p401r_ccs.obj   14     228       0      
       main.obj                      2      0         0      
    +--+-----------------------------+------+---------+---------+
       Total:                        828    228       8      
                                                             
    /home/albert/ti/ccsv6/tools/compiler/arm_15.12.3.LTS/lib/rtsv7M4_T_le_v4SPD16_eabi.lib
       memcpy_t2.obj                 156    0         0      
       memset_t2.obj                 122    0         0      
       autoinit.obj                  112    0         0      
       copy_decompress_rle.obj       112    0         0      
       exit.obj                      84     0         24     
       boot.obj                      84     0         0      
       cpy_tbl.obj                   76     0         0      
       _lock.obj                     20     0         16     
       args_main.obj                 24     0         0      
       copy_decompress_none.obj      14     0         0      
       stkdepth_vars.obj             0      0         8      
       pre_init.obj                  4      0         0      
       mpu_init.obj                  2      0         0      
       startup.obj                   2      0         0      
    +--+-----------------------------+------+---------+---------+
       Total:                        812    0         48     
                                                             
       Heap:                         0      0         2048   
       Stack:                        0      0         1024   
       Linker Generated:             0      42        0      
    +--+-----------------------------+------+---------+---------+
       Grand Total:                  1640   270       3128   


LINKER GENERATED COPY TABLES

__TI_cinit_table @ 00000774 records: 1, size/record: 8, table size: 8
	.data: load addr=00000750, load size=0000001a bytes, run addr=20000400, run size=0000001c bytes, compression=rle


LINKER GENERATED HANDLER TABLE

__TI_handler_table @ 0000076c records: 2, size/record: 4, table size: 8
	index: 0, handler: __TI_decompress_rle24
	index: 1, handler: __TI_decompress_none


GLOBAL SYMBOLS: SORTED ALPHABETICALLY BY Name 

address   name                           
-------   ----                           
0000073f  ADC14_IRQHandler               
0000073f  AES256_IRQHandler              
0000073f  BusFault_Handler               
00000659  C$$EXIT                        
0000073f  COMP_E0_IRQHandler             
0000073f  COMP_E1_IRQHandler             
0000073f  CS_IRQHandler                  
0000073f  DMA_ERR_IRQHandler             
0000073f  DMA_INT0_IRQHandler            
0000073f  DMA_INT1_IRQHandler            
0000073f  DMA_INT2_IRQHandler            
0000073f  DMA_INT3_IRQHandler            
0000073f  DebugMon_Handler               
0000073f  Default_Handler                
0000073f  EUSCIA0_IRQHandler             
0000073f  EUSCIA1_IRQHandler             
0000073f  EUSCIA2_IRQHandler             
0000073f  EUSCIA3_IRQHandler             
0000073f  EUSCIB0_IRQHandler             
0000073f  EUSCIB1_IRQHandler             
0000073f  EUSCIB2_IRQHandler             
0000073f  EUSCIB3_IRQHandler             
0000073f  FLCTL_IRQHandler               
0000073f  FPU_IRQHandler                 
0000073f  HardFault_Handler              
0000073f  MemManage_Handler              
0000073f  NMI_Handler                    
0000073f  PCM_IRQHandler                 
0000073f  PORT1_IRQHandler               
0000073f  PORT2_IRQHandler               
0000073f  PORT3_IRQHandler               
0000073f  PORT4_IRQHandler               
0000073f  PORT5_IRQHandler               
0000073f  PORT6_IRQHandler               
0000073f  PSS_IRQHandler                 
0000073f  PendSV_Handler                 
0000073f  RTC_C_IRQHandler               
00000733  Reset_Handler                  
UNDEFED   SHT$$INIT_ARRAY$$Base          
UNDEFED   SHT$$INIT_ARRAY$$Limit         
0000073f  SVC_Handler                    
0000073f  SysTick_Handler                
20000418  SystemCoreClock                
000000e5  SystemCoreClockUpdate          
00000359  SystemInit                     
0000073f  T32_INT1_IRQHandler            
0000073f  T32_INT2_IRQHandler            
0000073f  T32_INTC_IRQHandler            
0000073f  TA0_0_IRQHandler               
0000073f  TA0_N_IRQHandler               
0000073f  TA1_0_IRQHandler               
0000073f  TA1_N_IRQHandler               
0000073f  TA2_0_IRQHandler               
0000073f  TA2_N_IRQHandler               
0000073f  TA3_0_IRQHandler               
0000073f  TA3_N_IRQHandler               
0000073f  UsageFault_Handler             
4000480c  WDTCTL_SYM                     
0000073f  WDT_A_IRQHandler               
20010000  __STACK_END                    
00000200  __STACK_SIZE                   
00000400  __SYSMEM_SIZE                  
00000774  __TI_CINIT_Base                
0000077c  __TI_CINIT_Limit               
0000076c  __TI_Handler_Table_Base        
00000774  __TI_Handler_Table_Limit       
00000529  __TI_auto_init                 
20000400  __TI_cleanup_ptr               
00000725  __TI_decompress_none           
00000741  __TI_decompress_rle24          
20000404  __TI_dtors_ptr                 
20000408  __TI_enable_exit_profile_output
ffffffff  __TI_pprof_out_hndl            
ffffffff  __TI_prof_data_size            
ffffffff  __TI_prof_data_start           
00000000  __TI_static_base__             
000004ad  __aeabi_memclr                 
000004ad  __aeabi_memclr4                
000004ad  __aeabi_memclr8                
00000411  __aeabi_memcpy                 
00000411  __aeabi_memcpy4                
00000411  __aeabi_memcpy8                
000004af  __aeabi_memset                 
000004af  __aeabi_memset4                
000004af  __aeabi_memset8                
ffffffff  __binit__                      
ffffffff  __c_args__                     
00000603  __mpu_init                     
2000fe00  __stack                        
000006f9  _args_main                     
00000605  _c_int00                       
2000040c  _lock                          
0000071f  _nop                           
00000717  _register_lock                 
00000711  _register_unlock               
20000000  _sys_memory                    
0000074b  _system_post_cinit             
00000747  _system_pre_init               
20000410  _unlock                        
0000065d  abort                          
ffffffff  binit                          
000006ad  copy_in                        
00000665  exit                           
00000000  interruptVectors               
00000527  main                           
20000414  main_func_sp                   
00000411  memcpy                         
000004b5  memset                         


GLOBAL SYMBOLS: SORTED BY Symbol Address 

address   name                           
-------   ----                           
00000000  __TI_static_base__             
00000000  interruptVectors               
000000e5  SystemCoreClockUpdate          
00000200  __STACK_SIZE                   
00000359  SystemInit                     
00000400  __SYSMEM_SIZE                  
00000411  __aeabi_memcpy                 
00000411  __aeabi_memcpy4                
00000411  __aeabi_memcpy8                
00000411  memcpy                         
000004ad  __aeabi_memclr                 
000004ad  __aeabi_memclr4                
000004ad  __aeabi_memclr8                
000004af  __aeabi_memset                 
000004af  __aeabi_memset4                
000004af  __aeabi_memset8                
000004b5  memset                         
00000527  main                           
00000529  __TI_auto_init                 
00000603  __mpu_init                     
00000605  _c_int00                       
00000659  C$$EXIT                        
0000065d  abort                          
00000665  exit                           
000006ad  copy_in                        
000006f9  _args_main                     
00000711  _register_unlock               
00000717  _register_lock                 
0000071f  _nop                           
00000725  __TI_decompress_none           
00000733  Reset_Handler                  
0000073f  ADC14_IRQHandler               
0000073f  AES256_IRQHandler              
0000073f  BusFault_Handler               
0000073f  COMP_E0_IRQHandler             
0000073f  COMP_E1_IRQHandler             
0000073f  CS_IRQHandler                  
0000073f  DMA_ERR_IRQHandler             
0000073f  DMA_INT0_IRQHandler            
0000073f  DMA_INT1_IRQHandler            
0000073f  DMA_INT2_IRQHandler            
0000073f  DMA_INT3_IRQHandler            
0000073f  DebugMon_Handler               
0000073f  Default_Handler                
0000073f  EUSCIA0_IRQHandler             
0000073f  EUSCIA1_IRQHandler             
0000073f  EUSCIA2_IRQHandler             
0000073f  EUSCIA3_IRQHandler             
0000073f  EUSCIB0_IRQHandler             
0000073f  EUSCIB1_IRQHandler             
0000073f  EUSCIB2_IRQHandler             
0000073f  EUSCIB3_IRQHandler             
0000073f  FLCTL_IRQHandler               
0000073f  FPU_IRQHandler                 
0000073f  HardFault_Handler              
0000073f  MemManage_Handler              
0000073f  NMI_Handler                    
0000073f  PCM_IRQHandler                 
0000073f  PORT1_IRQHandler               
0000073f  PORT2_IRQHandler               
0000073f  PORT3_IRQHandler               
0000073f  PORT4_IRQHandler               
0000073f  PORT5_IRQHandler               
0000073f  PORT6_IRQHandler               
0000073f  PSS_IRQHandler                 
0000073f  PendSV_Handler                 
0000073f  RTC_C_IRQHandler               
0000073f  SVC_Handler                    
0000073f  SysTick_Handler                
0000073f  T32_INT1_IRQHandler            
0000073f  T32_INT2_IRQHandler            
0000073f  T32_INTC_IRQHandler            
0000073f  TA0_0_IRQHandler               
0000073f  TA0_N_IRQHandler               
0000073f  TA1_0_IRQHandler               
0000073f  TA1_N_IRQHandler               
0000073f  TA2_0_IRQHandler               
0000073f  TA2_N_IRQHandler               
0000073f  TA3_0_IRQHandler               
0000073f  TA3_N_IRQHandler               
0000073f  UsageFault_Handler             
0000073f  WDT_A_IRQHandler               
00000741  __TI_decompress_rle24          
00000747  _system_pre_init               
0000074b  _system_post_cinit             
0000076c  __TI_Handler_Table_Base        
00000774  __TI_CINIT_Base                
00000774  __TI_Handler_Table_Limit       
0000077c  __TI_CINIT_Limit               
20000000  _sys_memory                    
20000400  __TI_cleanup_ptr               
20000404  __TI_dtors_ptr                 
20000408  __TI_enable_exit_profile_output
2000040c  _lock                          
20000410  _unlock                        
20000414  main_func_sp                   
20000418  SystemCoreClock                
2000fe00  __stack                        
20010000  __STACK_END                    
4000480c  WDTCTL_SYM                     
ffffffff  __TI_pprof_out_hndl            
ffffffff  __TI_prof_data_size            
ffffffff  __TI_prof_data_start           
ffffffff  __binit__                      
ffffffff  __c_args__                     
ffffffff  binit                          
UNDEFED   SHT$$INIT_ARRAY$$Base          
UNDEFED   SHT$$INIT_ARRAY$$Limit         

[108 symbols]
